Archive member included to satisfy reference by file (symbol)

c:/st/stm32cubeide_1.10.1/stm32cubeide/plugins/com.st.stm32cube.ide.mcu.externaltools.gnu-tools-for-stm32.10.3-2021.10.win32_1.0.0.202111181127/tools/bin/../lib/gcc/arm-none-eabi/10.3.1/../../../../arm-none-eabi/lib/thumb/v7e-m+fp/hard\libc_nano.a(lib_a-errno.o)
                              ./Core/Src/syscalls.o (__errno)
c:/st/stm32cubeide_1.10.1/stm32cubeide/plugins/com.st.stm32cube.ide.mcu.externaltools.gnu-tools-for-stm32.10.3-2021.10.win32_1.0.0.202111181127/tools/bin/../lib/gcc/arm-none-eabi/10.3.1/../../../../arm-none-eabi/lib/thumb/v7e-m+fp/hard\libc_nano.a(lib_a-exit.o)
                              c:/st/stm32cubeide_1.10.1/stm32cubeide/plugins/com.st.stm32cube.ide.mcu.externaltools.gnu-tools-for-stm32.10.3-2021.10.win32_1.0.0.202111181127/tools/bin/../lib/gcc/arm-none-eabi/10.3.1/../../../../arm-none-eabi/lib/thumb/v7e-m+fp/hard/crt0.o (exit)
c:/st/stm32cubeide_1.10.1/stm32cubeide/plugins/com.st.stm32cube.ide.mcu.externaltools.gnu-tools-for-stm32.10.3-2021.10.win32_1.0.0.202111181127/tools/bin/../lib/gcc/arm-none-eabi/10.3.1/../../../../arm-none-eabi/lib/thumb/v7e-m+fp/hard\libc_nano.a(lib_a-impure.o)
                              c:/st/stm32cubeide_1.10.1/stm32cubeide/plugins/com.st.stm32cube.ide.mcu.externaltools.gnu-tools-for-stm32.10.3-2021.10.win32_1.0.0.202111181127/tools/bin/../lib/gcc/arm-none-eabi/10.3.1/../../../../arm-none-eabi/lib/thumb/v7e-m+fp/hard\libc_nano.a(lib_a-exit.o) (_global_impure_ptr)
c:/st/stm32cubeide_1.10.1/stm32cubeide/plugins/com.st.stm32cube.ide.mcu.externaltools.gnu-tools-for-stm32.10.3-2021.10.win32_1.0.0.202111181127/tools/bin/../lib/gcc/arm-none-eabi/10.3.1/../../../../arm-none-eabi/lib/thumb/v7e-m+fp/hard\libc_nano.a(lib_a-init.o)
                              c:/st/stm32cubeide_1.10.1/stm32cubeide/plugins/com.st.stm32cube.ide.mcu.externaltools.gnu-tools-for-stm32.10.3-2021.10.win32_1.0.0.202111181127/tools/bin/../lib/gcc/arm-none-eabi/10.3.1/../../../../arm-none-eabi/lib/thumb/v7e-m+fp/hard/crt0.o (__libc_init_array)
c:/st/stm32cubeide_1.10.1/stm32cubeide/plugins/com.st.stm32cube.ide.mcu.externaltools.gnu-tools-for-stm32.10.3-2021.10.win32_1.0.0.202111181127/tools/bin/../lib/gcc/arm-none-eabi/10.3.1/../../../../arm-none-eabi/lib/thumb/v7e-m+fp/hard\libc_nano.a(lib_a-memset.o)
                              c:/st/stm32cubeide_1.10.1/stm32cubeide/plugins/com.st.stm32cube.ide.mcu.externaltools.gnu-tools-for-stm32.10.3-2021.10.win32_1.0.0.202111181127/tools/bin/../lib/gcc/arm-none-eabi/10.3.1/../../../../arm-none-eabi/lib/thumb/v7e-m+fp/hard/crt0.o (memset)
c:/st/stm32cubeide_1.10.1/stm32cubeide/plugins/com.st.stm32cube.ide.mcu.externaltools.gnu-tools-for-stm32.10.3-2021.10.win32_1.0.0.202111181127/tools/bin/../lib/gcc/arm-none-eabi/10.3.1/../../../../arm-none-eabi/lib/thumb/v7e-m+fp/hard\libc_nano.a(lib_a-sprintf.o)
                              ./Core/Src/clock.o (sprintf)
c:/st/stm32cubeide_1.10.1/stm32cubeide/plugins/com.st.stm32cube.ide.mcu.externaltools.gnu-tools-for-stm32.10.3-2021.10.win32_1.0.0.202111181127/tools/bin/../lib/gcc/arm-none-eabi/10.3.1/../../../../arm-none-eabi/lib/thumb/v7e-m+fp/hard\libc_nano.a(lib_a-nano-svfprintf.o)
                              c:/st/stm32cubeide_1.10.1/stm32cubeide/plugins/com.st.stm32cube.ide.mcu.externaltools.gnu-tools-for-stm32.10.3-2021.10.win32_1.0.0.202111181127/tools/bin/../lib/gcc/arm-none-eabi/10.3.1/../../../../arm-none-eabi/lib/thumb/v7e-m+fp/hard\libc_nano.a(lib_a-sprintf.o) (_svfprintf_r)
c:/st/stm32cubeide_1.10.1/stm32cubeide/plugins/com.st.stm32cube.ide.mcu.externaltools.gnu-tools-for-stm32.10.3-2021.10.win32_1.0.0.202111181127/tools/bin/../lib/gcc/arm-none-eabi/10.3.1/../../../../arm-none-eabi/lib/thumb/v7e-m+fp/hard\libc_nano.a(lib_a-nano-vfprintf_i.o)
                              c:/st/stm32cubeide_1.10.1/stm32cubeide/plugins/com.st.stm32cube.ide.mcu.externaltools.gnu-tools-for-stm32.10.3-2021.10.win32_1.0.0.202111181127/tools/bin/../lib/gcc/arm-none-eabi/10.3.1/../../../../arm-none-eabi/lib/thumb/v7e-m+fp/hard\libc_nano.a(lib_a-nano-svfprintf.o) (_printf_i)
c:/st/stm32cubeide_1.10.1/stm32cubeide/plugins/com.st.stm32cube.ide.mcu.externaltools.gnu-tools-for-stm32.10.3-2021.10.win32_1.0.0.202111181127/tools/bin/../lib/gcc/arm-none-eabi/10.3.1/../../../../arm-none-eabi/lib/thumb/v7e-m+fp/hard\libc_nano.a(lib_a-memchr.o)
                              c:/st/stm32cubeide_1.10.1/stm32cubeide/plugins/com.st.stm32cube.ide.mcu.externaltools.gnu-tools-for-stm32.10.3-2021.10.win32_1.0.0.202111181127/tools/bin/../lib/gcc/arm-none-eabi/10.3.1/../../../../arm-none-eabi/lib/thumb/v7e-m+fp/hard\libc_nano.a(lib_a-nano-svfprintf.o) (memchr)
c:/st/stm32cubeide_1.10.1/stm32cubeide/plugins/com.st.stm32cube.ide.mcu.externaltools.gnu-tools-for-stm32.10.3-2021.10.win32_1.0.0.202111181127/tools/bin/../lib/gcc/arm-none-eabi/10.3.1/../../../../arm-none-eabi/lib/thumb/v7e-m+fp/hard\libc_nano.a(lib_a-memcpy-stub.o)
[...]
Memory Configuration

Name             Origin             Length             Attributes
CCMRAM           0x0000000010000000 0x0000000000010000 xrw
RAM              0x0000000020000000 0x0000000000020000 xrw
FLASH            0x0000000008000000 0x0000000000080000 xr
*default*        0x0000000000000000 0xffffffffffffffff

Linker script and memory map

LOAD c:/st/stm32cubeide_1.10.1/stm32cubeide/plugins/com.st.stm32cube.ide.mcu.externaltools.gnu-tools-for-stm32.10.3-2021.10.win32_1.0.0.202111181127/tools/bin/../lib/gcc/arm-none-eabi/10.3.1/thumb/v7e-m+fp/hard/crti.o
LOAD c:/st/stm32cubeide_1.10.1/stm32cubeide/plugins/com.st.stm32cube.ide.mcu.externaltools.gnu-tools-for-stm32.10.3-2021.10.win32_1.0.0.202111181127/tools/bin/../lib/gcc/arm-none-eabi/10.3.1/thumb/v7e-m+fp/hard/crtbegin.o
LOAD c:/st/stm32cubeide_1.10.1/stm32cubeide/plugins/com.st.stm32cube.ide.mcu.externaltools.gnu-tools-for-stm32.10.3-2021.10.win32_1.0.0.202111181127/tools/bin/../lib/gcc/arm-none-eabi/10.3.1/../../../../arm-none-eabi/lib/thumb/v7e-m+fp/hard/crt0.o
LOAD ./Core/Src/7SEG.o
LOAD ./Core/Src/CLCD.o
LOAD ./Core/Src/button1_event.o
LOAD ./Core/Src/button2_event.o
LOAD ./Core/Src/button3_event.o
LOAD ./Core/Src/button4_event.o
LOAD ./Core/Src/buzzer.o
LOAD ./Core/Src/clock.o
LOAD ./Core/Src/clock_config.o
LOAD ./Core/Src/gpio.o
LOAD ./Core/Src/lap.o
LOAD ./Core/Src/main.o
LOAD ./Core/Src/stm32f4xx_hal_msp.o
LOAD ./Core/Src/stm32f4xx_it.o
LOAD ./Core/Src/stopwatch.o
LOAD ./Core/Src/syscalls.o
LOAD ./Core/Src/sysmem.o
LOAD ./Core/Src/system_stm32f4xx.o
LOAD ./Core/Src/tim.o
LOAD ./Core/Startup/startup_stm32f407vetx.o
LOAD ./Drivers/STM32F4xx_HAL_Driver/Src/stm32f4xx_hal.o
LOAD ./Drivers/STM32F4xx_HAL_Driver/Src/stm32f4xx_hal_cortex.o
LOAD ./Drivers/STM32F4xx_HAL_Driver/Src/stm32f4xx_hal_dma.o
LOAD ./Drivers/STM32F4xx_HAL_Driver/Src/stm32f4xx_hal_dma_ex.o
LOAD ./Drivers/STM32F4xx_HAL_Driver/Src/stm32f4xx_hal_exti.o
LOAD ./Drivers/STM32F4xx_HAL_Driver/Src/stm32f4xx_hal_flash.o
LOAD ./Drivers/STM32F4xx_HAL_Driver/Src/stm32f4xx_hal_flash_ex.o
LOAD ./Drivers/STM32F4xx_HAL_Driver/Src/stm32f4xx_hal_flash_ramfunc.o
LOAD ./Drivers/STM32F4xx_HAL_Driver/Src/stm32f4xx_hal_gpio.o
LOAD ./Drivers/STM32F4xx_HAL_Driver/Src/stm32f4xx_hal_pwr.o
LOAD ./Drivers/STM32F4xx_HAL_Driver/Src/stm32f4xx_hal_pwr_ex.o
LOAD ./Drivers/STM32F4xx_HAL_Driver/Src/stm32f4xx_hal_rcc.o
LOAD ./Drivers/STM32F4xx_HAL_Driver/Src/stm32f4xx_hal_rcc_ex.o
LOAD ./Drivers/STM32F4xx_HAL_Driver/Src/stm32f4xx_hal_tim.o
LOAD ./Drivers/STM32F4xx_HAL_Driver/Src/stm32f4xx_hal_tim_ex.o
START GROUP
LOAD c:/st/stm32cubeide_1.10.1/stm32cubeide/plugins/com.st.stm32cube.ide.mcu.externaltools.gnu-tools-for-stm32.10.3-2021.10.win32_1.0.0.202111181127/tools/bin/../lib/gcc/arm-none-eabi/10.3.1/../../../../arm-none-eabi/lib/thumb/v7e-m+fp/hard\libc_nano.a
LOAD c:/st/stm32cubeide_1.10.1/stm32cubeide/plugins/com.st.stm32cube.ide.mcu.externaltools.gnu-tools-for-stm32.10.3-2021.10.win32_1.0.0.202111181127/tools/bin/../lib/gcc/arm-none-eabi/10.3.1/../../../../arm-none-eabi/lib/thumb/v7e-m+fp/hard\libm.a
END GROUP
START GROUP
LOAD c:/st/stm32cubeide_1.10.1/stm32cubeide/plugins/com.st.stm32cube.ide.mcu.externaltools.gnu-tools-for-stm32.10.3-2021.10.win32_1.0.0.202111181127/tools/bin/../lib/gcc/arm-none-eabi/10.3.1/thumb/v7e-m+fp/hard\libgcc.a
LOAD c:/st/stm32cubeide_1.10.1/stm32cubeide/plugins/com.st.stm32cube.ide.mcu.externaltools.gnu-tools-for-stm32.10.3-2021.10.win32_1.0.0.202111181127/tools/bin/../lib/gcc/arm-none-eabi/10.3.1/../../../../arm-none-eabi/lib/thumb/v7e-m+fp/hard\libc_nano.a
END GROUP
START GROUP
LOAD c:/st/stm32cubeide_1.10.1/stm32cubeide/plugins/com.st.stm32cube.ide.mcu.externaltools.gnu-tools-for-stm32.10.3-2021.10.win32_1.0.0.202111181127/tools/bin/../lib/gcc/arm-none-eabi/10.3.1/thumb/v7e-m+fp/hard\libgcc.a
LOAD c:/st/stm32cubeide_1.10.1/stm32cubeide/plugins/com.st.stm32cube.ide.mcu.externaltools.gnu-tools-for-stm32.10.3-2021.10.win32_1.0.0.202111181127/tools/bin/../lib/gcc/arm-none-eabi/10.3.1/../../../../arm-none-eabi/lib/thumb/v7e-m+fp/hard\libc_nano.a
LOAD c:/st/stm32cubeide_1.10.1/stm32cubeide/plugins/com.st.stm32cube.ide.mcu.externaltools.gnu-tools-for-stm32.10.3-2021.10.win32_1.0.0.202111181127/tools/bin/../lib/gcc/arm-none-eabi/10.3.1/../../../../arm-none-eabi/lib/thumb/v7e-m+fp/hard\libnosys.a
END GROUP
START GROUP
LOAD c:/st/stm32cubeide_1.10.1/stm32cubeide/plugins/com.st.stm32cube.ide.mcu.externaltools.gnu-tools-for-stm32.10.3-2021.10.win32_1.0.0.202111181127/tools/bin/../lib/gcc/arm-none-eabi/10.3.1/thumb/v7e-m+fp/hard\libgcc.a
LOAD c:/st/stm32cubeide_1.10.1/stm32cubeide/plugins/com.st.stm32cube.ide.mcu.externaltools.gnu-tools-for-stm32.10.3-2021.10.win32_1.0.0.202111181127/tools/bin/../lib/gcc/arm-none-eabi/10.3.1/../../../../arm-none-eabi/lib/thumb/v7e-m+fp/hard\libc_nano.a
LOAD c:/st/stm32cubeide_1.10.1/stm32cubeide/plugins/com.st.stm32cube.ide.mcu.externaltools.gnu-tools-for-stm32.10.3-2021.10.win32_1.0.0.202111181127/tools/bin/../lib/gcc/arm-none-eabi/10.3.1/../../../../arm-none-eabi/lib/thumb/v7e-m+fp/hard\libnosys.a
END GROUP
LOAD c:/st/stm32cubeide_1.10.1/stm32cubeide/plugins/com.st.stm32cube.ide.mcu.externaltools.gnu-tools-for-stm32.10.3-2021.10.win32_1.0.0.202111181127/tools/bin/../lib/gcc/arm-none-eabi/10.3.1/thumb/v7e-m+fp/hard/crtend.o
LOAD c:/st/stm32cubeide_1.10.1/stm32cubeide/plugins/com.st.stm32cube.ide.mcu.externaltools.gnu-tools-for-stm32.10.3-2021.10.win32_1.0.0.202111181127/tools/bin/../lib/gcc/arm-none-eabi/10.3.1/thumb/v7e-m+fp/hard/crtn.o
                0x0000000020020000                _estack = (ORIGIN (RAM) + LENGTH (RAM))
                0x0000000000000200                _Min_Heap_Size = 0x200
                0x0000000000000400                _Min_Stack_Size = 0x400

.isr_vector     0x0000000008000000      0x188
                0x0000000008000000                . = ALIGN (0x4)
 *(.isr_vector)
 .isr_vector    0x0000000008000000      0x188 ./Core/Startup/startup_stm32f407vetx.o
                0x0000000008000000                g_pfnVectors
                0x0000000008000188                . = ALIGN (0x4)

.text           0x0000000008000190     0x5b0c
                0x0000000008000190                . = ALIGN (0x4)
 *(.text)
 .text          0x0000000008000190       0x40 c:/st/stm32cubeide_1.10.1/stm32cubeide/plugins/com.st.stm32cube.ide.mcu.externaltools.gnu-tools-for-stm32.10.3-2021.10.win32_1.0.0.202111181127/tools/bin/../lib/gcc/arm-none-eabi/10.3.1/thumb/v7e-m+fp/hard/crtbegin.o
 .text          0x00000000080001d0       0xa0 c:/st/stm32cubeide_1.10.1/stm32cubeide/plugins/com.st.stm32cube.ide.mcu.externaltools.gnu-tools-for-stm32.10.3-2021.10.win32_1.0.0.202111181127/tools/bin/../lib/gcc/arm-none-eabi/10.3.1/../../../../arm-none-eabi/lib/thumb/v7e-m+fp/hard\libc_nano.a(lib_a-memchr.o)
                0x00000000080001d0                memchr
 .text          0x0000000008000270       0x30 c:/st/stm32cubeide_1.10.1/stm32cubeide/plugins/com.st.stm32cube.ide.mcu.externaltools.gnu-tools-for-stm32.10.3-2021.10.win32_1.0.0.202111181127/tools/bin/../lib/gcc/arm-none-eabi/10.3.1/thumb/v7e-m+fp/hard\libgcc.a(_aeabi_uldivmod.o)
                0x0000000008000270                __aeabi_uldivmod
 .text          0x00000000080002a0      0x2d0 c:/st/stm32cubeide_1.10.1/stm32cubeide/plugins/com.st.stm32cube.ide.mcu.externaltools.gnu-tools-for-stm32.10.3-2021.10.win32_1.0.0.202111181127/tools/bin/../lib/gcc/arm-none-eabi/10.3.1/thumb/v7e-m+fp/hard\libgcc.a(_udivmoddi4.o)
                0x00000000080002a0                __udivmoddi4
 .text          0x0000000008000570        0x4 c:/st/stm32cubeide_1.10.1/stm32cubeide/plugins/com.st.stm32cube.ide.mcu.externaltools.gnu-tools-for-stm32.10.3-2021.10.win32_1.0.0.202111181127/tools/bin/../lib/gcc/arm-none-eabi/10.3.1/thumb/v7e-m+fp/hard\libgcc.a(_dvmd_tls.o)
                0x0000000008000570                __aeabi_idiv0
                0x0000000008000570                __aeabi_ldiv0
 *(.text*)
 .text._7SEG_GPIO_Init
                0x0000000008000574      0x1cc ./Core/Src/7SEG.o
                0x0000000008000574                _7SEG_GPIO_Init
 .text._7SEG_SetNumber
                0x0000000008000740      0x7c4 ./Core/Src/7SEG.o
                0x0000000008000740                _7SEG_SetNumber
 .text.CLCD_GPIO_Init
                0x0000000008000f04       0xa0 ./Core/Src/CLCD.o
                0x0000000008000f04                CLCD_GPIO_Init
 .text.CLCD_Write_Instruction
                0x0000000008000fa4      0x194 ./Core/Src/CLCD.o
                0x0000000008000fa4                CLCD_Write_Instruction
 .text.CLCD_Write_Display
                0x0000000008001138      0x194 ./Core/Src/CLCD.o
                0x0000000008001138                CLCD_Write_Display
 .text.CLCD_Gotoxy
                0x00000000080012cc       0x40 ./Core/Src/CLCD.o
                0x00000000080012cc                CLCD_Gotoxy
 .text.CLCD_Puts
                0x000000000800130c       0x4a ./Core/Src/CLCD.o
                0x000000000800130c                CLCD_Puts
 .text.CLCD_Init
                0x0000000008001356       0x44 ./Core/Src/CLCD.o
                0x0000000008001356                CLCD_Init
 .text.CLCD_Clear
                0x000000000800139a       0x14 ./Core/Src/CLCD.o
                0x000000000800139a                CLCD_Clear
 *fill*         0x00000000080013ae        0x2 
 .text.button1_start
                0x00000000080013b0       0x1c ./Core/Src/button1_event.o
                0x00000000080013b0                button1_start
 .text.button1_measure_hold
                0x00000000080013cc       0xc4 ./Core/Src/button1_event.o
                0x00000000080013cc                button1_measure_hold
 .text.button1_short_hold
                0x0000000008001490        0xe ./Core/Src/button1_event.o
                0x0000000008001490                button1_short_hold
 *fill*         0x000000000800149e        0x2 
 .text.button1_short_mid_threshold
                0x00000000080014a0       0x38 ./Core/Src/button1_event.o
                0x00000000080014a0                button1_short_mid_threshold
 .text.button1_mid_hold
                0x00000000080014d8        0xe ./Core/Src/button1_event.o
                0x00000000080014d8                button1_mid_hold
 .text.button1_mid_long_threshold
                0x00000000080014e6       0x12 ./Core/Src/button1_event.o
                0x00000000080014e6                button1_mid_long_threshold
 .text.button1_long_hold
                0x00000000080014f8        0xe ./Core/Src/button1_event.o
                0x00000000080014f8                button1_long_hold
 .text.button1_finish
                0x0000000008001506        0xc ./Core/Src/button1_event.o
                0x0000000008001506                button1_finish
 *fill*         0x0000000008001512        0x2 
 .text.button1_measure_release
                0x0000000008001514       0x60 ./Core/Src/button1_event.o
                0x0000000008001514                button1_measure_release
 .text.button1_short_release
                0x0000000008001574       0x1c ./Core/Src/button1_event.o
                0x0000000008001574                button1_short_release
 .text.button1_mid_release
                0x0000000008001590        0xe ./Core/Src/button1_event.o
                0x0000000008001590                button1_mid_release
 .text.button1_long_release
                0x000000000800159e        0xe ./Core/Src/button1_event.o
                0x000000000800159e                button1_long_release
 .text.button2_start
                0x00000000080015ac       0x30 ./Core/Src/button2_event.o
                0x00000000080015ac                button2_start
 .text.button2_measure_hold
                0x00000000080015dc       0xc4 ./Core/Src/button2_event.o
                0x00000000080015dc                button2_measure_hold
 .text.button2_short_hold
                0x00000000080016a0        0xe ./Core/Src/button2_event.o
                0x00000000080016a0                button2_short_hold
 .text.button2_short_mid_threshold
                0x00000000080016ae       0x12 ./Core/Src/button2_event.o
                0x00000000080016ae                button2_short_mid_threshold
 .text.button2_mid_hold
                0x00000000080016c0        0xe ./Core/Src/button2_event.o
                0x00000000080016c0                button2_mid_hold
 .text.button2_mid_long_threshold
                0x00000000080016ce       0x12 ./Core/Src/button2_event.o
                0x00000000080016ce                button2_mid_long_threshold
 .text.button2_long_hold
                0x00000000080016e0        0xe ./Core/Src/button2_event.o
                0x00000000080016e0                button2_long_hold
 .text.button2_finish
                0x00000000080016ee        0xc ./Core/Src/button2_event.o
                0x00000000080016ee                button2_finish
 *fill*         0x00000000080016fa        0x2 
 .text.button2_measure_release
                0x00000000080016fc       0x60 ./Core/Src/button2_event.o
                0x00000000080016fc                button2_measure_release
 .text.button2_short_release
                0x000000000800175c       0x34 ./Core/Src/button2_event.o
                0x000000000800175c                button2_short_release
 .text.button2_mid_release
                0x0000000008001790        0xe ./Core/Src/button2_event.o
                0x0000000008001790                button2_mid_release
 .text.button2_long_release
                0x000000000800179e        0xe ./Core/Src/button2_event.o
                0x000000000800179e                button2_long_release
 .text.button3_start
                0x00000000080017ac       0x30 ./Core/Src/button3_event.o
                0x00000000080017ac                button3_start
 .text.button3_measure_hold
                0x00000000080017dc       0xc4 ./Core/Src/button3_event.o
                0x00000000080017dc                button3_measure_hold
 .text.button3_short_hold
                0x00000000080018a0        0xe ./Core/Src/button3_event.o
                0x00000000080018a0                button3_short_hold
 .text.button3_short_mid_threshold
                0x00000000080018ae       0x12 ./Core/Src/button3_event.o
                0x00000000080018ae                button3_short_mid_threshold
 .text.button3_mid_hold
                0x00000000080018c0       0x28 ./Core/Src/button3_event.o
                0x00000000080018c0                button3_mid_hold
 .text.button3_mid_long_threshold
                0x00000000080018e8       0x12 ./Core/Src/button3_event.o
                0x00000000080018e8                button3_mid_long_threshold
 *fill*         0x00000000080018fa        0x2 
 .text.button3_long_hold
                0x00000000080018fc       0x28 ./Core/Src/button3_event.o
                0x00000000080018fc                button3_long_hold
 .text.button3_finish
                0x0000000008001924        0xc ./Core/Src/button3_event.o
                0x0000000008001924                button3_finish
 .text.button3_measure_release
                0x0000000008001930       0x60 ./Core/Src/button3_event.o
                0x0000000008001930                button3_measure_release
 .text.button3_short_release
                0x0000000008001990       0x34 ./Core/Src/button3_event.o
                0x0000000008001990                button3_short_release
 .text.button3_mid_release
                0x00000000080019c4        0xe ./Core/Src/button3_event.o
                0x00000000080019c4                button3_mid_release
 .text.button3_long_release
                0x00000000080019d2        0xe ./Core/Src/button3_event.o
                0x00000000080019d2                button3_long_release
 .text.button4_start
                0x00000000080019e0       0x30 ./Core/Src/button4_event.o
                0x00000000080019e0                button4_start
 .text.button4_measure_hold
                0x0000000008001a10       0xc4 ./Core/Src/button4_event.o
                0x0000000008001a10                button4_measure_hold
 .text.button4_short_hold
                0x0000000008001ad4        0xe ./Core/Src/button4_event.o
                0x0000000008001ad4                button4_short_hold
 .text.button4_short_mid_threshold
                0x0000000008001ae2       0x12 ./Core/Src/button4_event.o
                0x0000000008001ae2                button4_short_mid_threshold
 .text.button4_mid_hold
                0x0000000008001af4       0x28 ./Core/Src/button4_event.o
                0x0000000008001af4                button4_mid_hold
 .text.button4_mid_long_threshold
                0x0000000008001b1c       0x12 ./Core/Src/button4_event.o
                0x0000000008001b1c                button4_mid_long_threshold
 *fill*         0x0000000008001b2e        0x2 
 .text.button4_long_hold
                0x0000000008001b30       0x28 ./Core/Src/button4_event.o
                0x0000000008001b30                button4_long_hold
 .text.button4_finish
                0x0000000008001b58        0xc ./Core/Src/button4_event.o
                0x0000000008001b58                button4_finish
 .text.button4_measure_release
                0x0000000008001b64       0x60 ./Core/Src/button4_event.o
                0x0000000008001b64                button4_measure_release
 .text.button4_short_release
                0x0000000008001bc4        0xe ./Core/Src/button4_event.o
                0x0000000008001bc4                button4_short_release
 .text.button4_mid_release
                0x0000000008001bd2        0xe ./Core/Src/button4_event.o
                0x0000000008001bd2                button4_mid_release
 .text.button4_long_release
                0x0000000008001be0        0xe ./Core/Src/button4_event.o
                0x0000000008001be0                button4_long_release
 *fill*         0x0000000008001bee        0x2 
 .text.beep_buzzer
                0x0000000008001bf0       0x48 ./Core/Src/buzzer.o
                0x0000000008001bf0                beep_buzzer
 .text.beep_buzzer_check
                0x0000000008001c38       0x38 ./Core/Src/buzzer.o
                0x0000000008001c38                beep_buzzer_check
 .text.init_clock
                0x0000000008001c70       0x10 ./Core/Src/clock.o
                0x0000000008001c70                init_clock
 .text.show_clock
                0x0000000008001c80      0x154 ./Core/Src/clock.o
                0x0000000008001c80                show_clock
 .text.clock_convert_time_format
                0x0000000008001dd4       0xb8 ./Core/Src/clock.o
                0x0000000008001dd4                clock_convert_time_format
 .text.check_day_reach_end
                0x0000000008001e8c       0xa0 ./Core/Src/clock.o
                0x0000000008001e8c                check_day_reach_end
 .text.check_leap_year
                0x0000000008001f2c       0xb0 ./Core/Src/clock.o
                0x0000000008001f2c                check_leap_year
 .text.set_max_day
                0x0000000008001fdc       0x7c ./Core/Src/clock.o
                0x0000000008001fdc                set_max_day
 .text.init_clock_config
                0x0000000008002058       0x20 ./Core/Src/clock_config.o
                0x0000000008002058                init_clock_config
 .text.show_clock_config
                0x0000000008002078       0xe0 ./Core/Src/clock_config.o
                0x0000000008002078                show_clock_config
 .text.blink_choose_element
                0x0000000008002158       0xb4 ./Core/Src/clock_config.o
                0x0000000008002158                blink_choose_element
 .text.next_item
                0x000000000800220c       0x6c ./Core/Src/clock_config.o
                0x000000000800220c                next_item
 .text.increase_once
                0x0000000008002278       0xe4 ./Core/Src/clock_config.o
                0x0000000008002278                increase_once
 .text.decrease_once
                0x000000000800235c       0xe0 ./Core/Src/clock_config.o
                0x000000000800235c                decrease_once
 .text.increase_continuous_150ms
                0x000000000800243c       0x20 ./Core/Src/clock_config.o
                0x000000000800243c                increase_continuous_150ms
 .text.increase_continuous_20ms
                0x000000000800245c       0x20 ./Core/Src/clock_config.o
                0x000000000800245c                increase_continuous_20ms
 .text.decrease_continuous_150ms
                0x000000000800247c       0x20 ./Core/Src/clock_config.o
                0x000000000800247c                decrease_continuous_150ms
 .text.decrease_continuous_20ms
                0x000000000800249c       0x20 ./Core/Src/clock_config.o
                0x000000000800249c                decrease_continuous_20ms
 .text.adjust_to_max_day
                0x00000000080024bc       0x64 ./Core/Src/clock_config.o
                0x00000000080024bc                adjust_to_max_day
 .text.MX_GPIO_Init
                0x0000000008002520      0x1f8 ./Core/Src/gpio.o
                0x0000000008002520                MX_GPIO_Init
 .text.lap_measure
                0x0000000008002718       0xf0 ./Core/Src/lap.o
                0x0000000008002718                lap_measure
 .text.lap_display_record
                0x0000000008002808       0xb8 ./Core/Src/lap.o
                0x0000000008002808                lap_display_record
 .text.lap_clear
                0x00000000080028c0       0x3c ./Core/Src/lap.o
                0x00000000080028c0                lap_clear
 .text.main     0x00000000080028fc       0xe8 ./Core/Src/main.o
                0x00000000080028fc                main
 .text.SystemClock_Config
                0x00000000080029e4       0xd4 ./Core/Src/main.o
                0x00000000080029e4                SystemClock_Config
 .text.MX_NVIC_Init
                0x0000000008002ab8       0x18 ./Core/Src/main.o
 .text.HAL_TIM_PeriodElapsedCallback
                0x0000000008002ad0      0x104 ./Core/Src/main.o
                0x0000000008002ad0                HAL_TIM_PeriodElapsedCallback
 .text.HAL_GPIO_EXTI_Callback
                0x0000000008002bd4      0x118 ./Core/Src/main.o
                0x0000000008002bd4                HAL_GPIO_EXTI_Callback
 .text.Error_Handler
                0x0000000008002cec        0xa ./Core/Src/main.o
                0x0000000008002cec                Error_Handler
 *fill*         0x0000000008002cf6        0x2 
 .text.HAL_MspInit
                0x0000000008002cf8       0x50 ./Core/Src/stm32f4xx_hal_msp.o
                0x0000000008002cf8                HAL_MspInit
 .text.NMI_Handler
                0x0000000008002d48        0x6 ./Core/Src/stm32f4xx_it.o
                0x0000000008002d48                NMI_Handler
 .text.HardFault_Handler
                0x0000000008002d4e        0x6 ./Core/Src/stm32f4xx_it.o
                0x0000000008002d4e                HardFault_Handler
 .text.MemManage_Handler
                0x0000000008002d54        0x6 ./Core/Src/stm32f4xx_it.o
                0x0000000008002d54                MemManage_Handler
 .text.BusFault_Handler
                0x0000000008002d5a        0x6 ./Core/Src/stm32f4xx_it.o
                0x0000000008002d5a                BusFault_Handler
 .text.UsageFault_Handler
                0x0000000008002d60        0x6 ./Core/Src/stm32f4xx_it.o
                0x0000000008002d60                UsageFault_Handler
 .text.SVC_Handler
                0x0000000008002d66        0xe ./Core/Src/stm32f4xx_it.o
                0x0000000008002d66                SVC_Handler
 .text.DebugMon_Handler
                0x0000000008002d74        0xe ./Core/Src/stm32f4xx_it.o
                0x0000000008002d74                DebugMon_Handler
 .text.PendSV_Handler
                0x0000000008002d82        0xe ./Core/Src/stm32f4xx_it.o
                0x0000000008002d82                PendSV_Handler
 .text.SysTick_Handler
                0x0000000008002d90        0xc ./Core/Src/stm32f4xx_it.o
                0x0000000008002d90                SysTick_Handler
 .text.EXTI3_IRQHandler
                0x0000000008002d9c        0xe ./Core/Src/stm32f4xx_it.o
                0x0000000008002d9c                EXTI3_IRQHandler
 .text.EXTI4_IRQHandler
                0x0000000008002daa        0xe ./Core/Src/stm32f4xx_it.o
                0x0000000008002daa                EXTI4_IRQHandler
 .text.EXTI15_10_IRQHandler
                0x0000000008002db8       0x18 ./Core/Src/stm32f4xx_it.o
                0x0000000008002db8                EXTI15_10_IRQHandler
 .text.TIM6_DAC_IRQHandler
                0x0000000008002dd0       0x14 ./Core/Src/stm32f4xx_it.o
                0x0000000008002dd0                TIM6_DAC_IRQHandler
 .text.stopwatch_show_time
                0x0000000008002de4       0xb0 ./Core/Src/stopwatch.o
                0x0000000008002de4                stopwatch_show_time
 .text.stopwatch_convert_time_format
                0x0000000008002e94       0x5c ./Core/Src/stopwatch.o
                0x0000000008002e94                stopwatch_convert_time_format
 .text._sbrk    0x0000000008002ef0       0x6c ./Core/Src/sysmem.o
                0x0000000008002ef0                _sbrk
 .text.SystemInit
                0x0000000008002f5c       0x24 ./Core/Src/system_stm32f4xx.o
                0x0000000008002f5c                SystemInit
 .text.MX_TIM2_Init
                0x0000000008002f80       0xec ./Core/Src/tim.o
                0x0000000008002f80                MX_TIM2_Init
 .text.MX_TIM6_Init
                0x000000000800306c       0x6c ./Core/Src/tim.o
                0x000000000800306c                MX_TIM6_Init
 .text.HAL_TIM_Base_MspInit
                0x00000000080030d8       0x6c ./Core/Src/tim.o
                0x00000000080030d8                HAL_TIM_Base_MspInit
 .text.HAL_TIM_MspPostInit
                0x0000000008003144       0x70 ./Core/Src/tim.o
                0x0000000008003144                HAL_TIM_MspPostInit
 .text.Reset_Handler
                0x00000000080031b4       0x50 ./Core/Startup/startup_stm32f407vetx.o
                0x00000000080031b4                Reset_Handler
 .text.Default_Handler
                0x0000000008003204        0x2 ./Core/Startup/startup_stm32f407vetx.o
                0x0000000008003204                RTC_Alarm_IRQHandler
                0x0000000008003204                HASH_RNG_IRQHandler
                0x0000000008003204                EXTI2_IRQHandler
                0x0000000008003204                TIM8_CC_IRQHandler
                0x0000000008003204                TIM1_CC_IRQHandler
                0x0000000008003204                DMA2_Stream5_IRQHandler
                0x0000000008003204                DMA1_Stream5_IRQHandler
                0x0000000008003204                PVD_IRQHandler
                0x0000000008003204                SDIO_IRQHandler
                0x0000000008003204                TAMP_STAMP_IRQHandler
                0x0000000008003204                CAN2_RX1_IRQHandler
                0x0000000008003204                TIM8_TRG_COM_TIM14_IRQHandler
                0x0000000008003204                TIM1_UP_TIM10_IRQHandler
                0x0000000008003204                TIM8_UP_TIM13_IRQHandler
                0x0000000008003204                I2C3_ER_IRQHandler
                0x0000000008003204                EXTI0_IRQHandler
                0x0000000008003204                I2C2_EV_IRQHandler
                0x0000000008003204                DMA1_Stream2_IRQHandler
                0x0000000008003204                CAN1_RX0_IRQHandler
                0x0000000008003204                FPU_IRQHandler
                0x0000000008003204                OTG_HS_WKUP_IRQHandler
                0x0000000008003204                CAN2_SCE_IRQHandler
                0x0000000008003204                DMA2_Stream2_IRQHandler
                0x0000000008003204                SPI1_IRQHandler
                0x0000000008003204                TIM1_BRK_TIM9_IRQHandler
                0x0000000008003204                DCMI_IRQHandler
                0x0000000008003204                CAN2_RX0_IRQHandler
                0x0000000008003204                DMA2_Stream3_IRQHandler
                0x0000000008003204                USART6_IRQHandler
                0x0000000008003204                USART3_IRQHandler
                0x0000000008003204                CAN1_RX1_IRQHandler
                0x0000000008003204                UART5_IRQHandler
                0x0000000008003204                DMA2_Stream0_IRQHandler
                0x0000000008003204                TIM4_IRQHandler
                0x0000000008003204                I2C1_EV_IRQHandler
                0x0000000008003204                DMA1_Stream6_IRQHandler
                0x0000000008003204                DMA1_Stream1_IRQHandler
                0x0000000008003204                UART4_IRQHandler
                0x0000000008003204                TIM3_IRQHandler
                0x0000000008003204                RCC_IRQHandler
                0x0000000008003204                TIM8_BRK_TIM12_IRQHandler
                0x0000000008003204                Default_Handler
                0x0000000008003204                ADC_IRQHandler
                0x0000000008003204                DMA1_Stream7_IRQHandler
                0x0000000008003204                TIM7_IRQHandler
                0x0000000008003204                CAN2_TX_IRQHandler
                0x0000000008003204                TIM5_IRQHandler
                0x0000000008003204                DMA2_Stream7_IRQHandler
                0x0000000008003204                I2C3_EV_IRQHandler
                0x0000000008003204                EXTI9_5_IRQHandler
                0x0000000008003204                RTC_WKUP_IRQHandler
                0x0000000008003204                ETH_WKUP_IRQHandler
                0x0000000008003204                SPI2_IRQHandler
                0x0000000008003204                OTG_HS_EP1_IN_IRQHandler
                0x0000000008003204                DMA1_Stream0_IRQHandler
                0x0000000008003204                CAN1_TX_IRQHandler
                0x0000000008003204                FSMC_IRQHandler
                0x0000000008003204                ETH_IRQHandler
                0x0000000008003204                OTG_HS_EP1_OUT_IRQHandler
                0x0000000008003204                WWDG_IRQHandler
                0x0000000008003204                TIM2_IRQHandler
                0x0000000008003204                OTG_FS_WKUP_IRQHandler
                0x0000000008003204                TIM1_TRG_COM_TIM11_IRQHandler
                0x0000000008003204                OTG_HS_IRQHandler
                0x0000000008003204                EXTI1_IRQHandler
                0x0000000008003204                USART2_IRQHandler
                0x0000000008003204                I2C2_ER_IRQHandler
                0x0000000008003204                DMA2_Stream1_IRQHandler
                0x0000000008003204                CAN1_SCE_IRQHandler
                0x0000000008003204                FLASH_IRQHandler
                0x0000000008003204                DMA2_Stream4_IRQHandler
                0x0000000008003204                USART1_IRQHandler
                0x0000000008003204                OTG_FS_IRQHandler
                0x0000000008003204                SPI3_IRQHandler
                0x0000000008003204                DMA1_Stream4_IRQHandler
                0x0000000008003204                I2C1_ER_IRQHandler
                0x0000000008003204                DMA2_Stream6_IRQHandler
                0x0000000008003204                DMA1_Stream3_IRQHandler
 *fill*         0x0000000008003206        0x2 
 .text.HAL_Init
                0x0000000008003208       0x44 ./Drivers/STM32F4xx_HAL_Driver/Src/stm32f4xx_hal.o
                0x0000000008003208                HAL_Init
 .text.HAL_InitTick
                0x000000000800324c       0x60 ./Drivers/STM32F4xx_HAL_Driver/Src/stm32f4xx_hal.o
                0x000000000800324c                HAL_InitTick
 .text.HAL_IncTick
                0x00000000080032ac       0x28 ./Drivers/STM32F4xx_HAL_Driver/Src/stm32f4xx_hal.o
                0x00000000080032ac                HAL_IncTick
 .text.HAL_GetTick
                0x00000000080032d4       0x18 ./Drivers/STM32F4xx_HAL_Driver/Src/stm32f4xx_hal.o
                0x00000000080032d4                HAL_GetTick
 .text.HAL_Delay
                0x00000000080032ec       0x48 ./Drivers/STM32F4xx_HAL_Driver/Src/stm32f4xx_hal.o
                0x00000000080032ec                HAL_Delay
 .text.__NVIC_SetPriorityGrouping
                0x0000000008003334       0x48 ./Drivers/STM32F4xx_HAL_Driver/Src/stm32f4xx_hal_cortex.o
 .text.__NVIC_GetPriorityGrouping
                0x000000000800337c       0x1c ./Drivers/STM32F4xx_HAL_Driver/Src/stm32f4xx_hal_cortex.o
 .text.__NVIC_EnableIRQ
                0x0000000008003398       0x3c ./Drivers/STM32F4xx_HAL_Driver/Src/stm32f4xx_hal_cortex.o
 .text.__NVIC_SetPriority
                0x00000000080033d4       0x54 ./Drivers/STM32F4xx_HAL_Driver/Src/stm32f4xx_hal_cortex.o
 .text.NVIC_EncodePriority
                0x0000000008003428       0x66 ./Drivers/STM32F4xx_HAL_Driver/Src/stm32f4xx_hal_cortex.o
 *fill*         0x000000000800348e        0x2 
 .text.SysTick_Config
                0x0000000008003490       0x44 ./Drivers/STM32F4xx_HAL_Driver/Src/stm32f4xx_hal_cortex.o
 .text.HAL_NVIC_SetPriorityGrouping
                0x00000000080034d4       0x16 ./Drivers/STM32F4xx_HAL_Driver/Src/stm32f4xx_hal_cortex.o
                0x00000000080034d4                HAL_NVIC_SetPriorityGrouping
 .text.HAL_NVIC_SetPriority
                0x00000000080034ea       0x38 ./Drivers/STM32F4xx_HAL_Driver/Src/stm32f4xx_hal_cortex.o
                0x00000000080034ea                HAL_NVIC_SetPriority
 .text.HAL_NVIC_EnableIRQ
                0x0000000008003522       0x1c ./Drivers/STM32F4xx_HAL_Driver/Src/stm32f4xx_hal_cortex.o
                0x0000000008003522                HAL_NVIC_EnableIRQ
 .text.HAL_SYSTICK_Config
                0x000000000800353e       0x18 ./Drivers/STM32F4xx_HAL_Driver/Src/stm32f4xx_hal_cortex.o
                0x000000000800353e                HAL_SYSTICK_Config
 *fill*         0x0000000008003556        0x2 
 .text.HAL_GPIO_Init
                0x0000000008003558      0x338 ./Drivers/STM32F4xx_HAL_Driver/Src/stm32f4xx_hal_gpio.o
                0x0000000008003558                HAL_GPIO_Init
 .text.HAL_GPIO_ReadPin
                0x0000000008003890       0x30 ./Drivers/STM32F4xx_HAL_Driver/Src/stm32f4xx_hal_gpio.o
                0x0000000008003890                HAL_GPIO_ReadPin
 .text.HAL_GPIO_WritePin
                0x00000000080038c0       0x32 ./Drivers/STM32F4xx_HAL_Driver/Src/stm32f4xx_hal_gpio.o
                0x00000000080038c0                HAL_GPIO_WritePin
 *fill*         0x00000000080038f2        0x2 
 .text.HAL_GPIO_EXTI_IRQHandler
                0x00000000080038f4       0x30 ./Drivers/STM32F4xx_HAL_Driver/Src/stm32f4xx_hal_gpio.o
                0x00000000080038f4                HAL_GPIO_EXTI_IRQHandler
 .text.HAL_RCC_OscConfig
                0x0000000008003924      0x4f0 ./Drivers/STM32F4xx_HAL_Driver/Src/stm32f4xx_hal_rcc.o
                0x0000000008003924                HAL_RCC_OscConfig
 .text.HAL_RCC_ClockConfig
                0x0000000008003e14      0x1cc ./Drivers/STM32F4xx_HAL_Driver/Src/stm32f4xx_hal_rcc.o
                0x0000000008003e14                HAL_RCC_ClockConfig
 .text.HAL_RCC_GetSysClockFreq
                0x0000000008003fe0      0x20c ./Drivers/STM32F4xx_HAL_Driver/Src/stm32f4xx_hal_rcc.o
                0x0000000008003fe0                HAL_RCC_GetSysClockFreq
 .text.HAL_TIM_Base_Init
                0x00000000080041ec       0x9e ./Drivers/STM32F4xx_HAL_Driver/Src/stm32f4xx_hal_tim.o
                0x00000000080041ec                HAL_TIM_Base_Init
 *fill*         0x000000000800428a        0x2 
 .text.HAL_TIM_Base_Start_IT
                0x000000000800428c       0xe0 ./Drivers/STM32F4xx_HAL_Driver/Src/stm32f4xx_hal_tim.o
                0x000000000800428c                HAL_TIM_Base_Start_IT
 .text.HAL_TIM_PWM_Init
                0x000000000800436c       0x9e ./Drivers/STM32F4xx_HAL_Driver/Src/stm32f4xx_hal_tim.o
                0x000000000800436c                HAL_TIM_PWM_Init
 .text.HAL_TIM_PWM_MspInit
                0x000000000800440a       0x14 ./Drivers/STM32F4xx_HAL_Driver/Src/stm32f4xx_hal_tim.o
                0x000000000800440a                HAL_TIM_PWM_MspInit
 *fill*         0x000000000800441e        0x2 
 .text.HAL_TIM_PWM_Start
                0x0000000008004420      0x190 ./Drivers/STM32F4xx_HAL_Driver/Src/stm32f4xx_hal_tim.o
                0x0000000008004420                HAL_TIM_PWM_Start
 .text.HAL_TIM_PWM_Stop
                0x00000000080045b0       0xe0 ./Drivers/STM32F4xx_HAL_Driver/Src/stm32f4xx_hal_tim.o
                0x00000000080045b0                HAL_TIM_PWM_Stop
 .text.HAL_TIM_IRQHandler
                0x0000000008004690      0x210 ./Drivers/STM32F4xx_HAL_Driver/Src/stm32f4xx_hal_tim.o
                0x0000000008004690                HAL_TIM_IRQHandler
 .text.HAL_TIM_PWM_ConfigChannel
                0x00000000080048a0      0x184 ./Drivers/STM32F4xx_HAL_Driver/Src/stm32f4xx_hal_tim.o
                0x00000000080048a0                HAL_TIM_PWM_ConfigChannel
 .text.HAL_TIM_ConfigClockSource
                0x0000000008004a24      0x18e ./Drivers/STM32F4xx_HAL_Driver/Src/stm32f4xx_hal_tim.o
                0x0000000008004a24                HAL_TIM_ConfigClockSource
 .text.HAL_TIM_OC_DelayElapsedCallback
                0x0000000008004bb2       0x14 ./Drivers/STM32F4xx_HAL_Driver/Src/stm32f4xx_hal_tim.o
                0x0000000008004bb2                HAL_TIM_OC_DelayElapsedCallback
 .text.HAL_TIM_IC_CaptureCallback
                0x0000000008004bc6       0x14 ./Drivers/STM32F4xx_HAL_Driver/Src/stm32f4xx_hal_tim.o
                0x0000000008004bc6                HAL_TIM_IC_CaptureCallback
 .text.HAL_TIM_PWM_PulseFinishedCallback
                0x0000000008004bda       0x14 ./Drivers/STM32F4xx_HAL_Driver/Src/stm32f4xx_hal_tim.o
                0x0000000008004bda                HAL_TIM_PWM_PulseFinishedCallback
 .text.HAL_TIM_TriggerCallback
                0x0000000008004bee       0x14 ./Drivers/STM32F4xx_HAL_Driver/Src/stm32f4xx_hal_tim.o
                0x0000000008004bee                HAL_TIM_TriggerCallback
 *fill*         0x0000000008004c02        0x2 
 .text.TIM_Base_SetConfig
                0x0000000008004c04      0x140 ./Drivers/STM32F4xx_HAL_Driver/Src/stm32f4xx_hal_tim.o
                0x0000000008004c04                TIM_Base_SetConfig
 .text.TIM_OC1_SetConfig
                0x0000000008004d44       0xe0 ./Drivers/STM32F4xx_HAL_Driver/Src/stm32f4xx_hal_tim.o
 .text.TIM_OC2_SetConfig
                0x0000000008004e24       0xec ./Drivers/STM32F4xx_HAL_Driver/Src/stm32f4xx_hal_tim.o
                0x0000000008004e24                TIM_OC2_SetConfig
 .text.TIM_OC3_SetConfig
                0x0000000008004f10       0xe8 ./Drivers/STM32F4xx_HAL_Driver/Src/stm32f4xx_hal_tim.o
 .text.TIM_OC4_SetConfig
                0x0000000008004ff8       0xac ./Drivers/STM32F4xx_HAL_Driver/Src/stm32f4xx_hal_tim.o
 .text.TIM_TI1_ConfigInputStage
                0x00000000080050a4       0x5e ./Drivers/STM32F4xx_HAL_Driver/Src/stm32f4xx_hal_tim.o
 .text.TIM_TI2_ConfigInputStage
                0x0000000008005102       0x60 ./Drivers/STM32F4xx_HAL_Driver/Src/stm32f4xx_hal_tim.o
 .text.TIM_ITRx_SetConfig
                0x0000000008005162       0x36 ./Drivers/STM32F4xx_HAL_Driver/Src/stm32f4xx_hal_tim.o
 .text.TIM_ETR_SetConfig
                0x0000000008005198       0x40 ./Drivers/STM32F4xx_HAL_Driver/Src/stm32f4xx_hal_tim.o
                0x0000000008005198                TIM_ETR_SetConfig
 .text.TIM_CCxChannelCmd
                0x00000000080051d8       0x4a ./Drivers/STM32F4xx_HAL_Driver/Src/stm32f4xx_hal_tim.o
                0x00000000080051d8                TIM_CCxChannelCmd
 *fill*         0x0000000008005222        0x2 
 .text.HAL_TIMEx_MasterConfigSynchronization
                0x0000000008005224       0xf8 ./Drivers/STM32F4xx_HAL_Driver/Src/stm32f4xx_hal_tim_ex.o
                0x0000000008005224                HAL_TIMEx_MasterConfigSynchronization
 .text.HAL_TIMEx_CommutCallback
                0x000000000800531c       0x14 ./Drivers/STM32F4xx_HAL_Driver/Src/stm32f4xx_hal_tim_ex.o
                0x000000000800531c                HAL_TIMEx_CommutCallback
 .text.HAL_TIMEx_BreakCallback
                0x0000000008005330       0x14 ./Drivers/STM32F4xx_HAL_Driver/Src/stm32f4xx_hal_tim_ex.o
                0x0000000008005330                HAL_TIMEx_BreakCallback
 .text.__errno  0x0000000008005344        0xc c:/st/stm32cubeide_1.10.1/stm32cubeide/plugins/com.st.stm32cube.ide.mcu.externaltools.gnu-tools-for-stm32.10.3-2021.10.win32_1.0.0.202111181127/tools/bin/../lib/gcc/arm-none-eabi/10.3.1/../../../../arm-none-eabi/lib/thumb/v7e-m+fp/hard\libc_nano.a(lib_a-errno.o)
                0x0000000008005344                __errno
 .text.__libc_init_array
                0x0000000008005350       0x48 c:/st/stm32cubeide_1.10.1/stm32cubeide/plugins/com.st.stm32cube.ide.mcu.externaltools.gnu-tools-for-stm32.10.3-2021.10.win32_1.0.0.202111181127/tools/bin/../lib/gcc/arm-none-eabi/10.3.1/../../../../arm-none-eabi/lib/thumb/v7e-m+fp/hard\libc_nano.a(lib_a-init.o)
                0x0000000008005350                __libc_init_array
 .text.memset   0x0000000008005398       0x10 c:/st/stm32cubeide_1.10.1/stm32cubeide/plugins/com.st.stm32cube.ide.mcu.externaltools.gnu-tools-for-stm32.10.3-2021.10.win32_1.0.0.202111181127/tools/bin/../lib/gcc/arm-none-eabi/10.3.1/../../../../arm-none-eabi/lib/thumb/v7e-m+fp/hard\libc_nano.a(lib_a-memset.o)
                0x0000000008005398                memset
 .text.sprintf  0x00000000080053a8       0x40 c:/st/stm32cubeide_1.10.1/stm32cubeide/plugins/com.st.stm32cube.ide.mcu.externaltools.gnu-tools-for-stm32.10.3-2021.10.win32_1.0.0.202111181127/tools/bin/../lib/gcc/arm-none-eabi/10.3.1/../../../../arm-none-eabi/lib/thumb/v7e-m+fp/hard\libc_nano.a(lib_a-sprintf.o)
                0x00000000080053a8                siprintf
                0x00000000080053a8                sprintf
 .text.__ssputs_r
                0x00000000080053e8       0xb6 c:/st/stm32cubeide_1.10.1/stm32cubeide/plugins/com.st.stm32cube.ide.mcu.externaltools.gnu-tools-for-stm32.10.3-2021.10.win32_1.0.0.202111181127/tools/bin/../lib/gcc/arm-none-eabi/10.3.1/../../../../arm-none-eabi/lib/thumb/v7e-m+fp/hard\libc_nano.a(lib_a-nano-svfprintf.o)
                0x00000000080053e8                __ssputs_r
 *fill*         0x000000000800549e        0x2 
 .text._svfprintf_r
                0x00000000080054a0      0x200 c:/st/stm32cubeide_1.10.1/stm32cubeide/plugins/com.st.stm32cube.ide.mcu.externaltools.gnu-tools-for-stm32.10.3-2021.10.win32_1.0.0.202111181127/tools/bin/../lib/gcc/arm-none-eabi/10.3.1/../../../../arm-none-eabi/lib/thumb/v7e-m+fp/hard\libc_nano.a(lib_a-nano-svfprintf.o)
                0x00000000080054a0                _svfiprintf_r
                0x00000000080054a0                _svfprintf_r
 .text._printf_common
                0x00000000080056a0       0xda c:/st/stm32cubeide_1.10.1/stm32cubeide/plugins/com.st.stm32cube.ide.mcu.externaltools.gnu-tools-for-stm32.10.3-2021.10.win32_1.0.0.202111181127/tools/bin/../lib/gcc/arm-none-eabi/10.3.1/../../../../arm-none-eabi/lib/thumb/v7e-m+fp/hard\libc_nano.a(lib_a-nano-vfprintf_i.o)
                0x00000000080056a0                _printf_common
 *fill*         0x000000000800577a        0x2 
 .text._printf_i
                0x000000000800577c      0x24c c:/st/stm32cubeide_1.10.1/stm32cubeide/plugins/com.st.stm32cube.ide.mcu.externaltools.gnu-tools-for-stm32.10.3-2021.10.win32_1.0.0.202111181127/tools/bin/../lib/gcc/arm-none-eabi/10.3.1/../../../../arm-none-eabi/lib/thumb/v7e-m+fp/hard\libc_nano.a(lib_a-nano-vfprintf_i.o)
                0x000000000800577c                _printf_i
 .text.memcpy   0x00000000080059c8       0x1c c:/st/stm32cubeide_1.10.1/stm32cubeide/plugins/com.st.stm32cube.ide.mcu.externaltools.gnu-tools-for-stm32.10.3-2021.10.win32_1.0.0.202111181127/tools/bin/../lib/gcc/arm-none-eabi/10.3.1/../../../../arm-none-eabi/lib/thumb/v7e-m+fp/hard\libc_nano.a(lib_a-memcpy-stub.o)
                0x00000000080059c8                memcpy
 .text.memmove  0x00000000080059e4       0x34 c:/st/stm32cubeide_1.10.1/stm32cubeide/plugins/com.st.stm32cube.ide.mcu.externaltools.gnu-tools-for-stm32.10.3-2021.10.win32_1.0.0.202111181127/tools/bin/../lib/gcc/arm-none-eabi/10.3.1/../../../../arm-none-eabi/lib/thumb/v7e-m+fp/hard\libc_nano.a(lib_a-memmove.o)
                0x00000000080059e4                memmove
 .text._free_r  0x0000000008005a18       0x98 c:/st/stm32cubeide_1.10.1/stm32cubeide/plugins/com.st.stm32cube.ide.mcu.externaltools.gnu-tools-for-stm32.10.3-2021.10.win32_1.0.0.202111181127/tools/bin/../lib/gcc/arm-none-eabi/10.3.1/../../../../arm-none-eabi/lib/thumb/v7e-m+fp/hard\libc_nano.a(lib_a-nano-freer.o)
                0x0000000008005a18                _free_r
 .text.sbrk_aligned
                0x0000000008005ab0       0x40 c:/st/stm32cubeide_1.10.1/stm32cubeide/plugins/com.st.stm32cube.ide.mcu.externaltools.gnu-tools-for-stm32.10.3-2021.10.win32_1.0.0.202111181127/tools/bin/../lib/gcc/arm-none-eabi/10.3.1/../../../../arm-none-eabi/lib/thumb/v7e-m+fp/hard\libc_nano.a(lib_a-nano-mallocr.o)
 .text._malloc_r
                0x0000000008005af0       0xe8 c:/st/stm32cubeide_1.10.1/stm32cubeide/plugins/com.st.stm32cube.ide.mcu.externaltools.gnu-tools-for-stm32.10.3-2021.10.win32_1.0.0.202111181127/tools/bin/../lib/gcc/arm-none-eabi/10.3.1/../../../../arm-none-eabi/lib/thumb/v7e-m+fp/hard\libc_nano.a(lib_a-nano-mallocr.o)
                0x0000000008005af0                _malloc_r
 .text._realloc_r
                0x0000000008005bd8       0x5e c:/st/stm32cubeide_1.10.1/stm32cubeide/plugins/com.st.stm32cube.ide.mcu.externaltools.gnu-tools-for-stm32.10.3-2021.10.win32_1.0.0.202111181127/tools/bin/../lib/gcc/arm-none-eabi/10.3.1/../../../../arm-none-eabi/lib/thumb/v7e-m+fp/hard\libc_nano.a(lib_a-nano-reallocr.o)
                0x0000000008005bd8                _realloc_r
 *fill*         0x0000000008005c36        0x2 
 .text._sbrk_r  0x0000000008005c38       0x20 c:/st/stm32cubeide_1.10.1/stm32cubeide/plugins/com.st.stm32cube.ide.mcu.externaltools.gnu-tools-for-stm32.10.3-2021.10.win32_1.0.0.202111181127/tools/bin/../lib/gcc/arm-none-eabi/10.3.1/../../../../arm-none-eabi/lib/thumb/v7e-m+fp/hard\libc_nano.a(lib_a-sbrkr.o)
                0x0000000008005c38                _sbrk_r
 .text.__malloc_lock
                0x0000000008005c58        0xc c:/st/stm32cubeide_1.10.1/stm32cubeide/plugins/com.st.stm32cube.ide.mcu.externaltools.gnu-tools-for-stm32.10.3-2021.10.win32_1.0.0.202111181127/tools/bin/../lib/gcc/arm-none-eabi/10.3.1/../../../../arm-none-eabi/lib/thumb/v7e-m+fp/hard\libc_nano.a(lib_a-mlock.o)
                0x0000000008005c58                __malloc_lock
 .text.__malloc_unlock
                0x0000000008005c64        0xc c:/st/stm32cubeide_1.10.1/stm32cubeide/plugins/com.st.stm32cube.ide.mcu.externaltools.gnu-tools-for-stm32.10.3-2021.10.win32_1.0.0.202111181127/tools/bin/../lib/gcc/arm-none-eabi/10.3.1/../../../../arm-none-eabi/lib/thumb/v7e-m+fp/hard\libc_nano.a(lib_a-mlock.o)
                0x0000000008005c64                __malloc_unlock
 .text._malloc_usable_size_r
                0x0000000008005c70       0x10 c:/st/stm32cubeide_1.10.1/stm32cubeide/plugins/com.st.stm32cube.ide.mcu.externaltools.gnu-tools-for-stm32.10.3-2021.10.win32_1.0.0.202111181127/tools/bin/../lib/gcc/arm-none-eabi/10.3.1/../../../../arm-none-eabi/lib/thumb/v7e-m+fp/hard\libc_nano.a(lib_a-nano-msizer.o)
                0x0000000008005c70                _malloc_usable_size_r
 .text.__retarget_lock_acquire_recursive
                0x0000000008005c80        0x2 c:/st/stm32cubeide_1.10.1/stm32cubeide/plugins/com.st.stm32cube.ide.mcu.externaltools.gnu-tools-for-stm32.10.3-2021.10.win32_1.0.0.202111181127/tools/bin/../lib/gcc/arm-none-eabi/10.3.1/../../../../arm-none-eabi/lib/thumb/v7e-m+fp/hard\libc_nano.a(lib_a-lock.o)
                0x0000000008005c80                __retarget_lock_acquire_recursive
 .text.__retarget_lock_release_recursive
                0x0000000008005c82        0x2 c:/st/stm32cubeide_1.10.1/stm32cubeide/plugins/com.st.stm32cube.ide.mcu.externaltools.gnu-tools-for-stm32.10.3-2021.10.win32_1.0.0.202111181127/tools/bin/../lib/gcc/arm-none-eabi/10.3.1/../../../../arm-none-eabi/lib/thumb/v7e-m+fp/hard\libc_nano.a(lib_a-lock.o)
                0x0000000008005c82                __retarget_lock_release_recursive
 *(.glue_7)
 .glue_7        0x0000000008005c84        0x0 linker stubs
 *(.glue_7t)
 .glue_7t       0x0000000008005c84        0x0 linker stubs
 *(.eh_frame)
 .eh_frame      0x0000000008005c84        0x0 c:/st/stm32cubeide_1.10.1/stm32cubeide/plugins/com.st.stm32cube.ide.mcu.externaltools.gnu-tools-for-stm32.10.3-2021.10.win32_1.0.0.202111181127/tools/bin/../lib/gcc/arm-none-eabi/10.3.1/thumb/v7e-m+fp/hard/crtbegin.o
 *(.init)
 .init          0x0000000008005c84        0x4 c:/st/stm32cubeide_1.10.1/stm32cubeide/plugins/com.st.stm32cube.ide.mcu.externaltools.gnu-tools-for-stm32.10.3-2021.10.win32_1.0.0.202111181127/tools/bin/../lib/gcc/arm-none-eabi/10.3.1/thumb/v7e-m+fp/hard/crti.o
                0x0000000008005c84                _init
 .init          0x0000000008005c88        0x8 c:/st/stm32cubeide_1.10.1/stm32cubeide/plugins/com.st.stm32cube.ide.mcu.externaltools.gnu-tools-for-stm32.10.3-2021.10.win32_1.0.0.202111181127/tools/bin/../lib/gcc/arm-none-eabi/10.3.1/thumb/v7e-m+fp/hard/crtn.o
 *(.fini)
 .fini          0x0000000008005c90        0x4 c:/st/stm32cubeide_1.10.1/stm32cubeide/plugins/com.st.stm32cube.ide.mcu.externaltools.gnu-tools-for-stm32.10.3-2021.10.win32_1.0.0.202111181127/tools/bin/../lib/gcc/arm-none-eabi/10.3.1/thumb/v7e-m+fp/hard/crti.o
                0x0000000008005c90                _fini
 .fini          0x0000000008005c94        0x8 c:/st/stm32cubeide_1.10.1/stm32cubeide/plugins/com.st.stm32cube.ide.mcu.externaltools.gnu-tools-for-stm32.10.3-2021.10.win32_1.0.0.202111181127/tools/bin/../lib/gcc/arm-none-eabi/10.3.1/thumb/v7e-m+fp/hard/crtn.o
                0x0000000008005c9c                . = ALIGN (0x4)
                0x0000000008005c9c                _etext = .

.vfp11_veneer   0x0000000008005c9c        0x0
 .vfp11_veneer  0x0000000008005c9c        0x0 linker stubs

.v4_bx          0x0000000008005c9c        0x0
 .v4_bx         0x0000000008005c9c        0x0 linker stubs

.iplt           0x0000000008005c9c        0x0
 .iplt          0x0000000008005c9c        0x0 c:/st/stm32cubeide_1.10.1/stm32cubeide/plugins/com.st.stm32cube.ide.mcu.externaltools.gnu-tools-for-stm32.10.3-2021.10.win32_1.0.0.202111181127/tools/bin/../lib/gcc/arm-none-eabi/10.3.1/thumb/v7e-m+fp/hard/crtbegin.o

.rodata         0x0000000008005c9c      0x180
                0x0000000008005c9c                . = ALIGN (0x4)
 *(.rodata)
 .rodata        0x0000000008005c9c       0x4d ./Core/Src/clock.o
 *fill*         0x0000000008005ce9        0x3 
 .rodata        0x0000000008005cec       0x5c ./Core/Src/clock_config.o
 .rodata        0x0000000008005d48       0x71 ./Core/Src/lap.o
 *fill*         0x0000000008005db9        0x3 
 .rodata        0x0000000008005dbc       0x19 ./Core/Src/stopwatch.o
 *(.rodata*)
 *fill*         0x0000000008005dd5        0x3 
 .rodata.AHBPrescTable
                0x0000000008005dd8       0x10 ./Core/Src/system_stm32f4xx.o
                0x0000000008005dd8                AHBPrescTable
 .rodata._svfprintf_r.str1.1
                0x0000000008005de8       0x11 c:/st/stm32cubeide_1.10.1/stm32cubeide/plugins/com.st.stm32cube.ide.mcu.externaltools.gnu-tools-for-stm32.10.3-2021.10.win32_1.0.0.202111181127/tools/bin/../lib/gcc/arm-none-eabi/10.3.1/../../../../arm-none-eabi/lib/thumb/v7e-m+fp/hard\libc_nano.a(lib_a-nano-svfprintf.o)
 .rodata._printf_i.str1.1
                0x0000000008005df9       0x22 c:/st/stm32cubeide_1.10.1/stm32cubeide/plugins/com.st.stm32cube.ide.mcu.externaltools.gnu-tools-for-stm32.10.3-2021.10.win32_1.0.0.202111181127/tools/bin/../lib/gcc/arm-none-eabi/10.3.1/../../../../arm-none-eabi/lib/thumb/v7e-m+fp/hard\libc_nano.a(lib_a-nano-vfprintf_i.o)
                0x0000000008005e1c                . = ALIGN (0x4)
 *fill*         0x0000000008005e1b        0x1 

.ARM.extab      0x0000000008005e1c        0x0
                0x0000000008005e1c                . = ALIGN (0x4)
 *(.ARM.extab* .gnu.linkonce.armextab.*)
                0x0000000008005e1c                . = ALIGN (0x4)

.ARM            0x0000000008005e1c        0x8
                0x0000000008005e1c                . = ALIGN (0x4)
                0x0000000008005e1c                __exidx_start = .
 *(.ARM.exidx*)
 .ARM.exidx     0x0000000008005e1c        0x8 c:/st/stm32cubeide_1.10.1/stm32cubeide/plugins/com.st.stm32cube.ide.mcu.externaltools.gnu-tools-for-stm32.10.3-2021.10.win32_1.0.0.202111181127/tools/bin/../lib/gcc/arm-none-eabi/10.3.1/thumb/v7e-m+fp/hard\libgcc.a(_udivmoddi4.o)
                0x0000000008005e24                __exidx_end = .
                0x0000000008005e24                . = ALIGN (0x4)

.rel.dyn        0x0000000008005e24        0x0
 .rel.iplt      0x0000000008005e24        0x0 c:/st/stm32cubeide_1.10.1/stm32cubeide/plugins/com.st.stm32cube.ide.mcu.externaltools.gnu-tools-for-stm32.10.3-2021.10.win32_1.0.0.202111181127/tools/bin/../lib/gcc/arm-none-eabi/10.3.1/thumb/v7e-m+fp/hard/crtbegin.o

.preinit_array  0x0000000008005e24        0x0
                0x0000000008005e24                . = ALIGN (0x4)
                0x0000000008005e24                PROVIDE (__preinit_array_start = .)
 *(.preinit_array*)
                0x0000000008005e24                PROVIDE (__preinit_array_end = .)
                0x0000000008005e24                . = ALIGN (0x4)

.init_array     0x0000000008005e24        0x4
                0x0000000008005e24                . = ALIGN (0x4)
                0x0000000008005e24                PROVIDE (__init_array_start = .)
 *(SORT_BY_NAME(.init_array.*))
 *(.init_array*)
 .init_array    0x0000000008005e24        0x4 c:/st/stm32cubeide_1.10.1/stm32cubeide/plugins/com.st.stm32cube.ide.mcu.externaltools.gnu-tools-for-stm32.10.3-2021.10.win32_1.0.0.202111181127/tools/bin/../lib/gcc/arm-none-eabi/10.3.1/thumb/v7e-m+fp/hard/crtbegin.o
                0x0000000008005e28                PROVIDE (__init_array_end = .)
                0x0000000008005e28                . = ALIGN (0x4)

.fini_array     0x0000000008005e28        0x4
                0x0000000008005e28                . = ALIGN (0x4)
                [!provide]                        PROVIDE (__fini_array_start = .)
 *(SORT_BY_NAME(.fini_array.*))
 *(.fini_array*)
 .fini_array    0x0000000008005e28        0x4 c:/st/stm32cubeide_1.10.1/stm32cubeide/plugins/com.st.stm32cube.ide.mcu.externaltools.gnu-tools-for-stm32.10.3-2021.10.win32_1.0.0.202111181127/tools/bin/../lib/gcc/arm-none-eabi/10.3.1/thumb/v7e-m+fp/hard/crtbegin.o
                [!provide]                        PROVIDE (__fini_array_end = .)
                0x0000000008005e2c                . = ALIGN (0x4)
                0x0000000008005e2c                _sidata = LOADADDR (.data)

.data           0x0000000020000000       0xcc load address 0x0000000008005e2c
                0x0000000020000000                . = ALIGN (0x4)
                0x0000000020000000                _sdata = .
 *(.data)
 *(.data*)
 .data.system_mode
                0x0000000020000000        0x1 ./Core/Src/main.o
                0x0000000020000000                system_mode
 *fill*         0x0000000020000001        0x3 
 .data.stopwatch
                0x0000000020000004       0x18 ./Core/Src/main.o
                0x0000000020000004                stopwatch
 .data.buzzer   0x000000002000001c       0x10 ./Core/Src/main.o
                0x000000002000001c                buzzer
 .data.clock    0x000000002000002c       0x28 ./Core/Src/main.o
                0x000000002000002c                clock
 .data.clock_config
                0x0000000020000054        0x8 ./Core/Src/main.o
                0x0000000020000054                clock_config
 .data.SystemCoreClock
                0x000000002000005c        0x4 ./Core/Src/system_stm32f4xx.o
                0x000000002000005c                SystemCoreClock
 .data.uwTickPrio
                0x0000000020000060        0x4 ./Drivers/STM32F4xx_HAL_Driver/Src/stm32f4xx_hal.o
                0x0000000020000060                uwTickPrio
 .data.uwTickFreq
                0x0000000020000064        0x1 ./Drivers/STM32F4xx_HAL_Driver/Src/stm32f4xx_hal.o
                0x0000000020000064                uwTickFreq
 *fill*         0x0000000020000065        0x3 
 .data._impure_ptr
                0x0000000020000068        0x4 c:/st/stm32cubeide_1.10.1/stm32cubeide/plugins/com.st.stm32cube.ide.mcu.externaltools.gnu-tools-for-stm32.10.3-2021.10.win32_1.0.0.202111181127/tools/bin/../lib/gcc/arm-none-eabi/10.3.1/../../../../arm-none-eabi/lib/thumb/v7e-m+fp/hard\libc_nano.a(lib_a-impure.o)
                0x0000000020000068                _impure_ptr
 .data.impure_data
                0x000000002000006c       0x60 c:/st/stm32cubeide_1.10.1/stm32cubeide/plugins/com.st.stm32cube.ide.mcu.externaltools.gnu-tools-for-stm32.10.3-2021.10.win32_1.0.0.202111181127/tools/bin/../lib/gcc/arm-none-eabi/10.3.1/../../../../arm-none-eabi/lib/thumb/v7e-m+fp/hard\libc_nano.a(lib_a-impure.o)
 *(.RamFunc)
 *(.RamFunc*)
                0x00000000200000cc                . = ALIGN (0x4)
                0x00000000200000cc                _edata = .
                0x0000000008005ef8                _siccmram = LOADADDR (.ccmram)

.igot.plt       0x00000000200000cc        0x0 load address 0x0000000008005ef8
 .igot.plt      0x00000000200000cc        0x0 c:/st/stm32cubeide_1.10.1/stm32cubeide/plugins/com.st.stm32cube.ide.mcu.externaltools.gnu-tools-for-stm32.10.3-2021.10.win32_1.0.0.202111181127/tools/bin/../lib/gcc/arm-none-eabi/10.3.1/thumb/v7e-m+fp/hard/crtbegin.o

.ccmram         0x0000000010000000        0x0 load address 0x0000000008005ef8
                0x0000000010000000                . = ALIGN (0x4)
                0x0000000010000000                _sccmram = .
 *(.ccmram)
 *(.ccmram*)
                0x0000000010000000                . = ALIGN (0x4)
                0x0000000010000000                _eccmram = .
                0x0000000010000000                . = ALIGN (0x4)

.bss            0x00000000200000cc      0x1c0
                0x00000000200000cc                _sbss = .
                0x00000000200000cc                __bss_start__ = _sbss
 *(.bss)
 .bss           0x00000000200000cc       0x1c c:/st/stm32cubeide_1.10.1/stm32cubeide/plugins/com.st.stm32cube.ide.mcu.externaltools.gnu-tools-for-stm32.10.3-2021.10.win32_1.0.0.202111181127/tools/bin/../lib/gcc/arm-none-eabi/10.3.1/thumb/v7e-m+fp/hard/crtbegin.o
 *(.bss*)
 .bss.clcd      0x00000000200000e8       0x20 ./Core/Src/main.o
                0x00000000200000e8                clcd
 .bss.lap       0x0000000020000108       0x9c ./Core/Src/main.o
                0x0000000020000108                lap
 .bss.button1   0x00000000200001a4       0x10 ./Core/Src/main.o
                0x00000000200001a4                button1
 .bss.button2   0x00000000200001b4       0x10 ./Core/Src/main.o
                0x00000000200001b4                button2
 .bss.button3   0x00000000200001c4       0x10 ./Core/Src/main.o
                0x00000000200001c4                button3
 .bss.button4   0x00000000200001d4       0x10 ./Core/Src/main.o
                0x00000000200001d4                button4
 .bss.__sbrk_heap_end
                0x00000000200001e4        0x4 ./Core/Src/sysmem.o
 .bss.htim2     0x00000000200001e8       0x48 ./Core/Src/tim.o
                0x00000000200001e8                htim2
 .bss.htim6     0x0000000020000230       0x48 ./Core/Src/tim.o
                0x0000000020000230                htim6
 .bss.uwTick    0x0000000020000278        0x4 ./Drivers/STM32F4xx_HAL_Driver/Src/stm32f4xx_hal.o
                0x0000000020000278                uwTick
 .bss.__malloc_free_list
                0x000000002000027c        0x4 c:/st/stm32cubeide_1.10.1/stm32cubeide/plugins/com.st.stm32cube.ide.mcu.externaltools.gnu-tools-for-stm32.10.3-2021.10.win32_1.0.0.202111181127/tools/bin/../lib/gcc/arm-none-eabi/10.3.1/../../../../arm-none-eabi/lib/thumb/v7e-m+fp/hard\libc_nano.a(lib_a-nano-mallocr.o)
                0x000000002000027c                __malloc_free_list
 .bss.__malloc_sbrk_start
                0x0000000020000280        0x4 c:/st/stm32cubeide_1.10.1/stm32cubeide/plugins/com.st.stm32cube.ide.mcu.externaltools.gnu-tools-for-stm32.10.3-2021.10.win32_1.0.0.202111181127/tools/bin/../lib/gcc/arm-none-eabi/10.3.1/../../../../arm-none-eabi/lib/thumb/v7e-m+fp/hard\libc_nano.a(lib_a-nano-mallocr.o)
                0x0000000020000280                __malloc_sbrk_start
 .bss.errno     0x0000000020000284        0x4 c:/st/stm32cubeide_1.10.1/stm32cubeide/plugins/com.st.stm32cube.ide.mcu.externaltools.gnu-tools-for-stm32.10.3-2021.10.win32_1.0.0.202111181127/tools/bin/../lib/gcc/arm-none-eabi/10.3.1/../../../../arm-none-eabi/lib/thumb/v7e-m+fp/hard\libc_nano.a(lib_a-reent.o)
                0x0000000020000284                errno
 .bss.__lock___malloc_recursive_mutex
                0x0000000020000288        0x1 c:/st/stm32cubeide_1.10.1/stm32cubeide/plugins/com.st.stm32cube.ide.mcu.externaltools.gnu-tools-for-stm32.10.3-2021.10.win32_1.0.0.202111181127/tools/bin/../lib/gcc/arm-none-eabi/10.3.1/../../../../arm-none-eabi/lib/thumb/v7e-m+fp/hard\libc_nano.a(lib_a-lock.o)
                0x0000000020000288                __lock___malloc_recursive_mutex
 *(COMMON)
                0x000000002000028c                . = ALIGN (0x4)
 *fill*         0x0000000020000289        0x3 
                0x000000002000028c                _ebss = .
                0x000000002000028c                __bss_end__ = _ebss

._user_heap_stack
                0x000000002000028c      0x604
                0x0000000020000290                . = ALIGN (0x8)
 *fill*         0x000000002000028c        0x4 
                [!provide]                        PROVIDE (end = .)
                0x0000000020000290                PROVIDE (_end = .)
                0x0000000020000490                . = (. + _Min_Heap_Size)
 *fill*         0x0000000020000290      0x200 
                0x0000000020000890                . = (. + _Min_Stack_Size)
 *fill*         0x0000000020000490      0x400 
                0x0000000020000890                . = ALIGN (0x8)

/DISCARD/
 libc.a(*)
 libm.a(*)
 libgcc.a(*)

.ARM.attributes
                0x0000000000000000       0x30
 *(.ARM.attributes)
 .ARM.attributes
                0x0000000000000000       0x1e c:/st/stm32cubeide_1.10.1/stm32cubeide/plugins/com.st.stm32cube.ide.mcu.externaltools.gnu-tools-for-stm32.10.3-2021.10.win32_1.0.0.202111181127/tools/bin/../lib/gcc/arm-none-eabi/10.3.1/thumb/v7e-m+fp/hard/crti.o
 .ARM.attributes
                0x000000000000001e       0x34 c:/st/stm32cubeide_1.10.1/stm32cubeide/plugins/com.st.stm32cube.ide.mcu.externaltools.gnu-tools-for-stm32.10.3-2021.10.win32_1.0.0.202111181127/tools/bin/../lib/gcc/arm-none-eabi/10.3.1/thumb/v7e-m+fp/hard/crtbegin.o
 .ARM.attributes
                0x0000000000000052       0x34 ./Core/Src/7SEG.o
 .ARM.attributes
                0x0000000000000086       0x34 ./Core/Src/CLCD.o
 .ARM.attributes
                0x00000000000000ba       0x34 ./Core/Src/button1_event.o
 .ARM.attributes
                0x00000000000000ee       0x34 ./Core/Src/button2_event.o
 .ARM.attributes
                0x0000000000000122       0x34 ./Core/Src/button3_event.o
 .ARM.attributes
                0x0000000000000156       0x34 ./Core/Src/button4_event.o
 .ARM.attributes
                0x000000000000018a       0x34 ./Core/Src/buzzer.o
 .ARM.attributes
                0x00000000000001be       0x34 ./Core/Src/clock.o
 .ARM.attributes
                0x00000000000001f2       0x34 ./Core/Src/clock_config.o
 .ARM.attributes
                0x0000000000000226       0x34 ./Core/Src/gpio.o
 .ARM.attributes
                0x000000000000025a       0x34 ./Core/Src/lap.o
 .ARM.attributes
                0x000000000000028e       0x34 ./Core/Src/main.o
 .ARM.attributes
                0x00000000000002c2       0x34 ./Core/Src/stm32f4xx_hal_msp.o
 .ARM.attributes
                0x00000000000002f6       0x34 ./Core/Src/stm32f4xx_it.o
 .ARM.attributes
                0x000000000000032a       0x34 ./Core/Src/stopwatch.o
 .ARM.attributes
                0x000000000000035e       0x34 ./Core/Src/sysmem.o
 .ARM.attributes
                0x0000000000000392       0x34 ./Core/Src/system_stm32f4xx.o
 .ARM.attributes
                0x00000000000003c6       0x34 ./Core/Src/tim.o
 .ARM.attributes
                0x00000000000003fa       0x21 ./Core/Startup/startup_stm32f407vetx.o
 .ARM.attributes
                0x000000000000041b       0x34 ./Drivers/STM32F4xx_HAL_Driver/Src/stm32f4xx_hal.o
 .ARM.attributes
                0x000000000000044f       0x34 ./Drivers/STM32F4xx_HAL_Driver/Src/stm32f4xx_hal_cortex.o
 .ARM.attributes
                0x0000000000000483       0x34 ./Drivers/STM32F4xx_HAL_Driver/Src/stm32f4xx_hal_gpio.o
 .ARM.attributes
                0x00000000000004b7       0x34 ./Drivers/STM32F4xx_HAL_Driver/Src/stm32f4xx_hal_rcc.o
 .ARM.attributes
                0x00000000000004eb       0x34 ./Drivers/STM32F4xx_HAL_Driver/Src/stm32f4xx_hal_tim.o
 .ARM.attributes
                0x000000000000051f       0x34 ./Drivers/STM32F4xx_HAL_Driver/Src/stm32f4xx_hal_tim_ex.o
 .ARM.attributes
                0x0000000000000553       0x34 c:/st/stm32cubeide_1.10.1/stm32cubeide/plugins/com.st.stm32cube.ide.mcu.externaltools.gnu-tools-for-stm32.10.3-2021.10.win32_1.0.0.202111181127/tools/bin/../lib/gcc/arm-none-eabi/10.3.1/../../../../arm-none-eabi/lib/thumb/v7e-m+fp/hard\libc_nano.a(lib_a-errno.o)
 .ARM.attributes
                0x0000000000000587       0x34 c:/st/stm32cubeide_1.10.1/stm32cubeide/plugins/com.st.stm32cube.ide.mcu.externaltools.gnu-tools-for-stm32.10.3-2021.10.win32_1.0.0.202111181127/tools/bin/../lib/gcc/arm-none-eabi/10.3.1/../../../../arm-none-eabi/lib/thumb/v7e-m+fp/hard\libc_nano.a(lib_a-impure.o)
 .ARM.attributes
                0x00000000000005bb       0x34 c:/st/stm32cubeide_1.10.1/stm32cubeide/plugins/com.st.stm32cube.ide.mcu.externaltools.gnu-tools-for-stm32.10.3-2021.10.win32_1.0.0.202111181127/tools/bin/../lib/gcc/arm-none-eabi/10.3.1/../../../../arm-none-eabi/lib/thumb/v7e-m+fp/hard\libc_nano.a(lib_a-init.o)
 .ARM.attributes
                0x00000000000005ef       0x34 c:/st/stm32cubeide_1.10.1/stm32cubeide/plugins/com.st.stm32cube.ide.mcu.externaltools.gnu-tools-for-stm32.10.3-2021.10.win32_1.0.0.202111181127/tools/bin/../lib/gcc/arm-none-eabi/10.3.1/../../../../arm-none-eabi/lib/thumb/v7e-m+fp/hard\libc_nano.a(lib_a-memset.o)
 .ARM.attributes
                0x0000000000000623       0x34 c:/st/stm32cubeide_1.10.1/stm32cubeide/plugins/com.st.stm32cube.ide.mcu.externaltools.gnu-tools-for-stm32.10.3-2021.10.win32_1.0.0.202111181127/tools/bin/../lib/gcc/arm-none-eabi/10.3.1/../../../../arm-none-eabi/lib/thumb/v7e-m+fp/hard\libc_nano.a(lib_a-sprintf.o)
 .ARM.attributes
                0x0000000000000657       0x34 c:/st/stm32cubeide_1.10.1/stm32cubeide/plugins/com.st.stm32cube.ide.mcu.externaltools.gnu-tools-for-stm32.10.3-2021.10.win32_1.0.0.202111181127/tools/bin/../lib/gcc/arm-none-eabi/10.3.1/../../../../arm-none-eabi/lib/thumb/v7e-m+fp/hard\libc_nano.a(lib_a-nano-svfprintf.o)
 .ARM.attributes
                0x000000000000068b       0x34 c:/st/stm32cubeide_1.10.1/stm32cubeide/plugins/com.st.stm32cube.ide.mcu.externaltools.gnu-tools-for-stm32.10.3-2021.10.win32_1.0.0.202111181127/tools/bin/../lib/gcc/arm-none-eabi/10.3.1/../../../../arm-none-eabi/lib/thumb/v7e-m+fp/hard\libc_nano.a(lib_a-nano-vfprintf_i.o)
 .ARM.attributes
                0x00000000000006bf       0x1c c:/st/stm32cubeide_1.10.1/stm32cubeide/plugins/com.st.stm32cube.ide.mcu.externaltools.gnu-tools-for-stm32.10.3-2021.10.win32_1.0.0.202111181127/tools/bin/../lib/gcc/arm-none-eabi/10.3.1/../../../../arm-none-eabi/lib/thumb/v7e-m+fp/hard\libc_nano.a(lib_a-memchr.o)
 .ARM.attributes
                0x00000000000006db       0x34 c:/st/stm32cubeide_1.10.1/stm32cubeide/plugins/com.st.stm32cube.ide.mcu.externaltools.gnu-tools-for-stm32.10.3-2021.10.win32_1.0.0.202111181127/tools/bin/../lib/gcc/arm-none-eabi/10.3.1/../../../../arm-none-eabi/lib/thumb/v7e-m+fp/hard\libc_nano.a(lib_a-memcpy-stub.o)
 .ARM.attributes
                0x000000000000070f       0x34 c:/st/stm32cubeide_1.10.1/stm32cubeide/plugins/com.st.stm32cube.ide.mcu.externaltools.gnu-tools-for-stm32.10.3-2021.10.win32_1.0.0.202111181127/tools/bin/../lib/gcc/arm-none-eabi/10.3.1/../../../../arm-none-eabi/lib/thumb/v7e-m+fp/hard\libc_nano.a(lib_a-memmove.o)
 .ARM.attributes
                0x0000000000000743       0x34 c:/st/stm32cubeide_1.10.1/stm32cubeide/plugins/com.st.stm32cube.ide.mcu.externaltools.gnu-tools-for-stm32.10.3-2021.10.win32_1.0.0.202111181127/tools/bin/../lib/gcc/arm-none-eabi/10.3.1/../../../../arm-none-eabi/lib/thumb/v7e-m+fp/hard\libc_nano.a(lib_a-nano-freer.o)
 .ARM.attributes
                0x0000000000000777       0x34 c:/st/stm32cubeide_1.10.1/stm32cubeide/plugins/com.st.stm32cube.ide.mcu.externaltools.gnu-tools-for-stm32.10.3-2021.10.win32_1.0.0.202111181127/tools/bin/../lib/gcc/arm-none-eabi/10.3.1/../../../../arm-none-eabi/lib/thumb/v7e-m+fp/hard\libc_nano.a(lib_a-nano-mallocr.o)
 .ARM.attributes
                0x00000000000007ab       0x34 c:/st/stm32cubeide_1.10.1/stm32cubeide/plugins/com.st.stm32cube.ide.mcu.externaltools.gnu-tools-for-stm32.10.3-2021.10.win32_1.0.0.202111181127/tools/bin/../lib/gcc/arm-none-eabi/10.3.1/../../../../arm-none-eabi/lib/thumb/v7e-m+fp/hard\libc_nano.a(lib_a-nano-reallocr.o)
 .ARM.attributes
                0x00000000000007df       0x34 c:/st/stm32cubeide_1.10.1/stm32cubeide/plugins/com.st.stm32cube.ide.mcu.externaltools.gnu-tools-for-stm32.10.3-2021.10.win32_1.0.0.202111181127/tools/bin/../lib/gcc/arm-none-eabi/10.3.1/../../../../arm-none-eabi/lib/thumb/v7e-m+fp/hard\libc_nano.a(lib_a-sbrkr.o)
 .ARM.attributes
                0x0000000000000813       0x34 c:/st/stm32cubeide_1.10.1/stm32cubeide/plugins/com.st.stm32cube.ide.mcu.externaltools.gnu-tools-for-stm32.10.3-2021.10.win32_1.0.0.202111181127/tools/bin/../lib/gcc/arm-none-eabi/10.3.1/../../../../arm-none-eabi/lib/thumb/v7e-m+fp/hard\libc_nano.a(lib_a-mlock.o)
 .ARM.attributes
                0x0000000000000847       0x34 c:/st/stm32cubeide_1.10.1/stm32cubeide/plugins/com.st.stm32cube.ide.mcu.externaltools.gnu-tools-for-stm32.10.3-2021.10.win32_1.0.0.202111181127/tools/bin/../lib/gcc/arm-none-eabi/10.3.1/../../../../arm-none-eabi/lib/thumb/v7e-m+fp/hard\libc_nano.a(lib_a-nano-msizer.o)
 .ARM.attributes
                0x000000000000087b       0x34 c:/st/stm32cubeide_1.10.1/stm32cubeide/plugins/com.st.stm32cube.ide.mcu.externaltools.gnu-tools-for-stm32.10.3-2021.10.win32_1.0.0.202111181127/tools/bin/../lib/gcc/arm-none-eabi/10.3.1/../../../../arm-none-eabi/lib/thumb/v7e-m+fp/hard\libc_nano.a(lib_a-reent.o)
 .ARM.attributes
                0x00000000000008af       0x34 c:/st/stm32cubeide_1.10.1/stm32cubeide/plugins/com.st.stm32cube.ide.mcu.externaltools.gnu-tools-for-stm32.10.3-2021.10.win32_1.0.0.202111181127/tools/bin/../lib/gcc/arm-none-eabi/10.3.1/../../../../arm-none-eabi/lib/thumb/v7e-m+fp/hard\libc_nano.a(lib_a-lock.o)
 .ARM.attributes
                0x00000000000008e3       0x1e c:/st/stm32cubeide_1.10.1/stm32cubeide/plugins/com.st.stm32cube.ide.mcu.externaltools.gnu-tools-for-stm32.10.3-2021.10.win32_1.0.0.202111181127/tools/bin/../lib/gcc/arm-none-eabi/10.3.1/thumb/v7e-m+fp/hard\libgcc.a(_aeabi_uldivmod.o)
 .ARM.attributes
                0x0000000000000901       0x34 c:/st/stm32cubeide_1.10.1/stm32cubeide/plugins/com.st.stm32cube.ide.mcu.externaltools.gnu-tools-for-stm32.10.3-2021.10.win32_1.0.0.202111181127/tools/bin/../lib/gcc/arm-none-eabi/10.3.1/thumb/v7e-m+fp/hard\libgcc.a(_udivmoddi4.o)
 .ARM.attributes
                0x0000000000000935       0x1e c:/st/stm32cubeide_1.10.1/stm32cubeide/plugins/com.st.stm32cube.ide.mcu.externaltools.gnu-tools-for-stm32.10.3-2021.10.win32_1.0.0.202111181127/tools/bin/../lib/gcc/arm-none-eabi/10.3.1/thumb/v7e-m+fp/hard\libgcc.a(_dvmd_tls.o)
 .ARM.attributes
                0x0000000000000953       0x1e c:/st/stm32cubeide_1.10.1/stm32cubeide/plugins/com.st.stm32cube.ide.mcu.externaltools.gnu-tools-for-stm32.10.3-2021.10.win32_1.0.0.202111181127/tools/bin/../lib/gcc/arm-none-eabi/10.3.1/thumb/v7e-m+fp/hard/crtn.o
OUTPUT(8. Clock Configuration - Change date and time.elf elf32-littlearm)
LOAD linker stubs
LOAD c:/st/stm32cubeide_1.10.1/stm32cubeide/plugins/com.st.stm32cube.ide.mcu.externaltools.gnu-tools-for-stm32.10.3-2021.10.win32_1.0.0.202111181127/tools/bin/../lib/gcc/arm-none-eabi/10.3.1/../../../../arm-none-eabi/lib/thumb/v7e-m+fp/hard\libc.a
LOAD c:/st/stm32cubeide_1.10.1/stm32cubeide/plugins/com.st.stm32cube.ide.mcu.externaltools.gnu-tools-for-stm32.10.3-2021.10.win32_1.0.0.202111181127/tools/bin/../lib/gcc/arm-none-eabi/10.3.1/../../../../arm-none-eabi/lib/thumb/v7e-m+fp/hard\libm.a
LOAD c:/st/stm32cubeide_1.10.1/stm32cubeide/plugins/com.st.stm32cube.ide.mcu.externaltools.gnu-tools-for-stm32.10.3-2021.10.win32_1.0.0.202111181127/tools/bin/../lib/gcc/arm-none-eabi/10.3.1/thumb/v7e-m+fp/hard\libgcc.a

.debug_info     0x0000000000000000     0xd785
 .debug_info    0x0000000000000000      0x4b4 ./Core/Src/7SEG.o
 .debug_info    0x00000000000004b4      0x4d9 ./Core/Src/CLCD.o
 .debug_info    0x000000000000098d      0x344 ./Core/Src/button1_event.o
 .debug_info    0x0000000000000cd1      0x3b5 ./Core/Src/button2_event.o
 .debug_info    0x0000000000001086      0x40e ./Core/Src/button3_event.o
 .debug_info    0x0000000000001494      0x33f ./Core/Src/button4_event.o
 .debug_info    0x00000000000017d3      0x7db ./Core/Src/buzzer.o
 .debug_info    0x0000000000001fae      0x3c7 ./Core/Src/clock.o
 .debug_info    0x0000000000002375      0x4c0 ./Core/Src/clock_config.o
 .debug_info    0x0000000000002835      0x70c ./Core/Src/gpio.o
 .debug_info    0x0000000000002f41      0x382 ./Core/Src/lap.o
 .debug_info    0x00000000000032c3     0x179f ./Core/Src/main.o
 .debug_info    0x0000000000004a62      0x2a8 ./Core/Src/stm32f4xx_hal_msp.o
 .debug_info    0x0000000000004d0a      0x796 ./Core/Src/stm32f4xx_it.o
 .debug_info    0x00000000000054a0      0x342 ./Core/Src/stopwatch.o
 .debug_info    0x00000000000057e2      0x171 ./Core/Src/sysmem.o
 .debug_info    0x0000000000005953      0x523 ./Core/Src/system_stm32f4xx.o
 .debug_info    0x0000000000005e76      0xee8 ./Core/Src/tim.o
 .debug_info    0x0000000000006d5e       0x22 ./Core/Startup/startup_stm32f407vetx.o
 .debug_info    0x0000000000006d80      0x97c ./Drivers/STM32F4xx_HAL_Driver/Src/stm32f4xx_hal.o
 .debug_info    0x00000000000076fc      0xe1b ./Drivers/STM32F4xx_HAL_Driver/Src/stm32f4xx_hal_cortex.o
 .debug_info    0x0000000000008517      0x76a ./Drivers/STM32F4xx_HAL_Driver/Src/stm32f4xx_hal_gpio.o
 .debug_info    0x0000000000008c81      0x966 ./Drivers/STM32F4xx_HAL_Driver/Src/stm32f4xx_hal_rcc.o
 .debug_info    0x00000000000095e7     0x2bbe ./Drivers/STM32F4xx_HAL_Driver/Src/stm32f4xx_hal_tim.o
 .debug_info    0x000000000000c1a5     0x15e0 ./Drivers/STM32F4xx_HAL_Driver/Src/stm32f4xx_hal_tim_ex.o

.debug_abbrev   0x0000000000000000     0x2890
 .debug_abbrev  0x0000000000000000      0x171 ./Core/Src/7SEG.o
 .debug_abbrev  0x0000000000000171      0x177 ./Core/Src/CLCD.o
 .debug_abbrev  0x00000000000002e8      0x146 ./Core/Src/button1_event.o
 .debug_abbrev  0x000000000000042e      0x10e ./Core/Src/button2_event.o
 .debug_abbrev  0x000000000000053c      0x11f ./Core/Src/button3_event.o
 .debug_abbrev  0x000000000000065b      0x10e ./Core/Src/button4_event.o
 .debug_abbrev  0x0000000000000769      0x1a9 ./Core/Src/buzzer.o
 .debug_abbrev  0x0000000000000912      0x1a8 ./Core/Src/clock.o
 .debug_abbrev  0x0000000000000aba      0x182 ./Core/Src/clock_config.o
 .debug_abbrev  0x0000000000000c3c      0x164 ./Core/Src/gpio.o
 .debug_abbrev  0x0000000000000da0      0x14d ./Core/Src/lap.o
 .debug_abbrev  0x0000000000000eed      0x382 ./Core/Src/main.o
 .debug_abbrev  0x000000000000126f       0xd4 ./Core/Src/stm32f4xx_hal_msp.o
 .debug_abbrev  0x0000000000001343      0x199 ./Core/Src/stm32f4xx_it.o
 .debug_abbrev  0x00000000000014dc      0x151 ./Core/Src/stopwatch.o
 .debug_abbrev  0x000000000000162d       0xbb ./Core/Src/sysmem.o
 .debug_abbrev  0x00000000000016e8      0x116 ./Core/Src/system_stm32f4xx.o
 .debug_abbrev  0x00000000000017fe      0x22d ./Core/Src/tim.o
 .debug_abbrev  0x0000000000001a2b       0x12 ./Core/Startup/startup_stm32f407vetx.o
 .debug_abbrev  0x0000000000001a3d      0x20d ./Drivers/STM32F4xx_HAL_Driver/Src/stm32f4xx_hal.o
 .debug_abbrev  0x0000000000001c4a      0x316 ./Drivers/STM32F4xx_HAL_Driver/Src/stm32f4xx_hal_cortex.o
 .debug_abbrev  0x0000000000001f60      0x1c4 ./Drivers/STM32F4xx_HAL_Driver/Src/stm32f4xx_hal_gpio.o
 .debug_abbrev  0x0000000000002124      0x2aa ./Drivers/STM32F4xx_HAL_Driver/Src/stm32f4xx_hal_rcc.o
 .debug_abbrev  0x00000000000023ce      0x25d ./Drivers/STM32F4xx_HAL_Driver/Src/stm32f4xx_hal_tim.o
 .debug_abbrev  0x000000000000262b      0x265 ./Drivers/STM32F4xx_HAL_Driver/Src/stm32f4xx_hal_tim_ex.o

.debug_aranges  0x0000000000000000      0xd88
 .debug_aranges
                0x0000000000000000       0x28 ./Core/Src/7SEG.o
 .debug_aranges
                0x0000000000000028       0x50 ./Core/Src/CLCD.o
 .debug_aranges
                0x0000000000000078       0x78 ./Core/Src/button1_event.o
 .debug_aranges
                0x00000000000000f0       0x78 ./Core/Src/button2_event.o
 .debug_aranges
                0x0000000000000168       0x78 ./Core/Src/button3_event.o
 .debug_aranges
                0x00000000000001e0       0x78 ./Core/Src/button4_event.o
 .debug_aranges
                0x0000000000000258       0x28 ./Core/Src/buzzer.o
 .debug_aranges
                0x0000000000000280       0x48 ./Core/Src/clock.o
 .debug_aranges
                0x00000000000002c8       0x70 ./Core/Src/clock_config.o
 .debug_aranges
                0x0000000000000338       0x20 ./Core/Src/gpio.o
 .debug_aranges
                0x0000000000000358       0x30 ./Core/Src/lap.o
 .debug_aranges
                0x0000000000000388       0x48 ./Core/Src/main.o
 .debug_aranges
                0x00000000000003d0       0x20 ./Core/Src/stm32f4xx_hal_msp.o
 .debug_aranges
                0x00000000000003f0       0x80 ./Core/Src/stm32f4xx_it.o
 .debug_aranges
                0x0000000000000470       0x48 ./Core/Src/stopwatch.o
 .debug_aranges
                0x00000000000004b8       0x20 ./Core/Src/sysmem.o
 .debug_aranges
                0x00000000000004d8       0x28 ./Core/Src/system_stm32f4xx.o
 .debug_aranges
                0x0000000000000500       0x40 ./Core/Src/tim.o
 .debug_aranges
                0x0000000000000540       0x28 ./Core/Startup/startup_stm32f407vetx.o
 .debug_aranges
                0x0000000000000568       0xf0 ./Drivers/STM32F4xx_HAL_Driver/Src/stm32f4xx_hal.o
 .debug_aranges
                0x0000000000000658      0x118 ./Drivers/STM32F4xx_HAL_Driver/Src/stm32f4xx_hal_cortex.o
 .debug_aranges
                0x0000000000000770       0x58 ./Drivers/STM32F4xx_HAL_Driver/Src/stm32f4xx_hal_gpio.o
 .debug_aranges
                0x00000000000007c8       0x88 ./Drivers/STM32F4xx_HAL_Driver/Src/stm32f4xx_hal_rcc.o
 .debug_aranges
                0x0000000000000850      0x3d0 ./Drivers/STM32F4xx_HAL_Driver/Src/stm32f4xx_hal_tim.o
 .debug_aranges
                0x0000000000000c20      0x168 ./Drivers/STM32F4xx_HAL_Driver/Src/stm32f4xx_hal_tim_ex.o

.debug_ranges   0x0000000000000000      0xc00
 .debug_ranges  0x0000000000000000       0x18 ./Core/Src/7SEG.o
 .debug_ranges  0x0000000000000018       0x40 ./Core/Src/CLCD.o
 .debug_ranges  0x0000000000000058       0x68 ./Core/Src/button1_event.o
 .debug_ranges  0x00000000000000c0       0x68 ./Core/Src/button2_event.o
 .debug_ranges  0x0000000000000128       0x68 ./Core/Src/button3_event.o
 .debug_ranges  0x0000000000000190       0x68 ./Core/Src/button4_event.o
 .debug_ranges  0x00000000000001f8       0x18 ./Core/Src/buzzer.o
 .debug_ranges  0x0000000000000210       0x38 ./Core/Src/clock.o
 .debug_ranges  0x0000000000000248       0x60 ./Core/Src/clock_config.o
 .debug_ranges  0x00000000000002a8       0x10 ./Core/Src/gpio.o
 .debug_ranges  0x00000000000002b8       0x20 ./Core/Src/lap.o
 .debug_ranges  0x00000000000002d8       0x38 ./Core/Src/main.o
 .debug_ranges  0x0000000000000310       0x10 ./Core/Src/stm32f4xx_hal_msp.o
 .debug_ranges  0x0000000000000320       0x70 ./Core/Src/stm32f4xx_it.o
 .debug_ranges  0x0000000000000390       0x38 ./Core/Src/stopwatch.o
 .debug_ranges  0x00000000000003c8       0x10 ./Core/Src/sysmem.o
 .debug_ranges  0x00000000000003d8       0x18 ./Core/Src/system_stm32f4xx.o
 .debug_ranges  0x00000000000003f0       0x30 ./Core/Src/tim.o
 .debug_ranges  0x0000000000000420       0x20 ./Core/Startup/startup_stm32f407vetx.o
 .debug_ranges  0x0000000000000440       0xe0 ./Drivers/STM32F4xx_HAL_Driver/Src/stm32f4xx_hal.o
 .debug_ranges  0x0000000000000520      0x108 ./Drivers/STM32F4xx_HAL_Driver/Src/stm32f4xx_hal_cortex.o
 .debug_ranges  0x0000000000000628       0x48 ./Drivers/STM32F4xx_HAL_Driver/Src/stm32f4xx_hal_gpio.o
 .debug_ranges  0x0000000000000670       0x78 ./Drivers/STM32F4xx_HAL_Driver/Src/stm32f4xx_hal_rcc.o
 .debug_ranges  0x00000000000006e8      0x3c0 ./Drivers/STM32F4xx_HAL_Driver/Src/stm32f4xx_hal_tim.o
 .debug_ranges  0x0000000000000aa8      0x158 ./Drivers/STM32F4xx_HAL_Driver/Src/stm32f4xx_hal_tim_ex.o

.debug_macro    0x0000000000000000    0x21c2e
 .debug_macro   0x0000000000000000      0x1d3 ./Core/Src/7SEG.o
 .debug_macro   0x00000000000001d3      0xa78 ./Core/Src/7SEG.o
 .debug_macro   0x0000000000000c4b      0x295 ./Core/Src/7SEG.o
 .debug_macro   0x0000000000000ee0       0x2e ./Core/Src/7SEG.o
 .debug_macro   0x0000000000000f0e       0x2f ./Core/Src/7SEG.o
 .debug_macro   0x0000000000000f3d       0x22 ./Core/Src/7SEG.o
 .debug_macro   0x0000000000000f5f       0x8e ./Core/Src/7SEG.o
 .debug_macro   0x0000000000000fed       0x51 ./Core/Src/7SEG.o
 .debug_macro   0x000000000000103e      0x103 ./Core/Src/7SEG.o
 .debug_macro   0x0000000000001141       0x6a ./Core/Src/7SEG.o
 .debug_macro   0x00000000000011ab      0x1df ./Core/Src/7SEG.o
 .debug_macro   0x000000000000138a       0x1c ./Core/Src/7SEG.o
 .debug_macro   0x00000000000013a6       0x22 ./Core/Src/7SEG.o
 .debug_macro   0x00000000000013c8       0xd9 ./Core/Src/7SEG.o
 .debug_macro   0x00000000000014a1     0x102d ./Core/Src/7SEG.o
 .debug_macro   0x00000000000024ce      0x11f ./Core/Src/7SEG.o
 .debug_macro   0x00000000000025ed    0x15e82 ./Core/Src/7SEG.o
 .debug_macro   0x000000000001846f       0x6d ./Core/Src/7SEG.o
 .debug_macro   0x00000000000184dc     0x367e ./Core/Src/7SEG.o
 .debug_macro   0x000000000001bb5a      0x174 ./Core/Src/7SEG.o
 .debug_macro   0x000000000001bcce       0x5c ./Core/Src/7SEG.o
 .debug_macro   0x000000000001bd2a      0x96b ./Core/Src/7SEG.o
 .debug_macro   0x000000000001c695      0x9fe ./Core/Src/7SEG.o
 .debug_macro   0x000000000001d093      0x115 ./Core/Src/7SEG.o
 .debug_macro   0x000000000001d1a8      0x13e ./Core/Src/7SEG.o
 .debug_macro   0x000000000001d2e6       0xa5 ./Core/Src/7SEG.o
 .debug_macro   0x000000000001d38b      0x174 ./Core/Src/7SEG.o
 .debug_macro   0x000000000001d4ff      0x287 ./Core/Src/7SEG.o
 .debug_macro   0x000000000001d786       0x5f ./Core/Src/7SEG.o
 .debug_macro   0x000000000001d7e5      0x236 ./Core/Src/7SEG.o
 .debug_macro   0x000000000001da1b      0x12c ./Core/Src/7SEG.o
 .debug_macro   0x000000000001db47      0x21e ./Core/Src/7SEG.o
 .debug_macro   0x000000000001dd65       0x2e ./Core/Src/7SEG.o
 .debug_macro   0x000000000001dd93      0x11a ./Core/Src/7SEG.o
 .debug_macro   0x000000000001dead       0x7e ./Core/Src/7SEG.o
 .debug_macro   0x000000000001df2b       0x89 ./Core/Src/7SEG.o
 .debug_macro   0x000000000001dfb4      0x8e6 ./Core/Src/7SEG.o
 .debug_macro   0x000000000001e89a       0x47 ./Core/Src/7SEG.o
 .debug_macro   0x000000000001e8e1      0x12d ./Core/Src/7SEG.o
 .debug_macro   0x000000000001ea0e      0x19c ./Core/Src/7SEG.o
 .debug_macro   0x000000000001ebaa      0x1d3 ./Core/Src/CLCD.o
 .debug_macro   0x000000000001ed7d       0x58 ./Core/Src/CLCD.o
 .debug_macro   0x000000000001edd5      0x1fb ./Core/Src/button1_event.o
 .debug_macro   0x000000000001efd0       0x3c ./Core/Src/button1_event.o
 .debug_macro   0x000000000001f00c       0x5e ./Core/Src/button1_event.o
 .debug_macro   0x000000000001f06a       0xf4 ./Core/Src/button1_event.o
 .debug_macro   0x000000000001f15e      0x1ff ./Core/Src/button2_event.o
 .debug_macro   0x000000000001f35d      0x1ff ./Core/Src/button3_event.o
 .debug_macro   0x000000000001f55c      0x1ff ./Core/Src/button4_event.o
 .debug_macro   0x000000000001f75b      0x1e5 ./Core/Src/buzzer.o
 .debug_macro   0x000000000001f940      0x1ed ./Core/Src/clock.o
 .debug_macro   0x000000000001fb2d      0x1a2 ./Core/Src/clock.o
 .debug_macro   0x000000000001fccf      0x1f5 ./Core/Src/clock_config.o
 .debug_macro   0x000000000001fec4      0x1dd ./Core/Src/gpio.o
 .debug_macro   0x00000000000200a1      0x1e0 ./Core/Src/lap.o
 .debug_macro   0x0000000000020281      0x216 ./Core/Src/main.o
 .debug_macro   0x0000000000020497      0x1d3 ./Core/Src/stm32f4xx_hal_msp.o
 .debug_macro   0x000000000002066a      0x1dd ./Core/Src/stm32f4xx_it.o
 .debug_macro   0x0000000000020847      0x1e9 ./Core/Src/stopwatch.o
 .debug_macro   0x0000000000020a30       0xff ./Core/Src/sysmem.o
 .debug_macro   0x0000000000020b2f      0x23b ./Core/Src/sysmem.o
 .debug_macro   0x0000000000020d6a      0x1c4 ./Core/Src/system_stm32f4xx.o
 .debug_macro   0x0000000000020f2e      0x1dd ./Core/Src/tim.o
 .debug_macro   0x000000000002110b      0x224 ./Drivers/STM32F4xx_HAL_Driver/Src/stm32f4xx_hal.o
 .debug_macro   0x000000000002132f      0x1c4 ./Drivers/STM32F4xx_HAL_Driver/Src/stm32f4xx_hal_cortex.o
 .debug_macro   0x00000000000214f3      0x1ca ./Drivers/STM32F4xx_HAL_Driver/Src/stm32f4xx_hal_gpio.o
 .debug_macro   0x00000000000216bd      0x1e8 ./Drivers/STM32F4xx_HAL_Driver/Src/stm32f4xx_hal_rcc.o
 .debug_macro   0x00000000000218a5      0x1c5 ./Drivers/STM32F4xx_HAL_Driver/Src/stm32f4xx_hal_tim.o
 .debug_macro   0x0000000000021a6a      0x1c4 ./Drivers/STM32F4xx_HAL_Driver/Src/stm32f4xx_hal_tim_ex.o

.debug_line     0x0000000000000000    0x1132f
 .debug_line    0x0000000000000000      0x92c ./Core/Src/7SEG.o
 .debug_line    0x000000000000092c      0xd44 ./Core/Src/CLCD.o
 .debug_line    0x0000000000001670      0x889 ./Core/Src/button1_event.o
 .debug_line    0x0000000000001ef9      0x898 ./Core/Src/button2_event.o
 .debug_line    0x0000000000002791      0x8ba ./Core/Src/button3_event.o
 .debug_line    0x000000000000304b      0x8a9 ./Core/Src/button4_event.o
 .debug_line    0x00000000000038f4      0x6eb ./Core/Src/buzzer.o
 .debug_line    0x0000000000003fdf      0x96d ./Core/Src/clock.o
 .debug_line    0x000000000000494c      0x9df ./Core/Src/clock_config.o
 .debug_line    0x000000000000532b      0x703 ./Core/Src/gpio.o
 .debug_line    0x0000000000005a2e      0x791 ./Core/Src/lap.o
 .debug_line    0x00000000000061bf      0x901 ./Core/Src/main.o
 .debug_line    0x0000000000006ac0      0x6a3 ./Core/Src/stm32f4xx_hal_msp.o
 .debug_line    0x0000000000007163      0x7c7 ./Core/Src/stm32f4xx_it.o
 .debug_line    0x000000000000792a      0x7dd ./Core/Src/stopwatch.o
 .debug_line    0x0000000000008107      0x4ea ./Core/Src/sysmem.o
 .debug_line    0x00000000000085f1      0x725 ./Core/Src/system_stm32f4xx.o
 .debug_line    0x0000000000008d16      0x7bf ./Core/Src/tim.o
 .debug_line    0x00000000000094d5       0x88 ./Core/Startup/startup_stm32f407vetx.o
 .debug_line    0x000000000000955d      0x98b ./Drivers/STM32F4xx_HAL_Driver/Src/stm32f4xx_hal.o
 .debug_line    0x0000000000009ee8      0xc3a ./Drivers/STM32F4xx_HAL_Driver/Src/stm32f4xx_hal_cortex.o
 .debug_line    0x000000000000ab22      0xaff ./Drivers/STM32F4xx_HAL_Driver/Src/stm32f4xx_hal_gpio.o
 .debug_line    0x000000000000b621      0xd07 ./Drivers/STM32F4xx_HAL_Driver/Src/stm32f4xx_hal_rcc.o
 .debug_line    0x000000000000c328     0x367f ./Drivers/STM32F4xx_HAL_Driver/Src/stm32f4xx_hal_tim.o
 .debug_line    0x000000000000f9a7     0x1988 ./Drivers/STM32F4xx_HAL_Driver/Src/stm32f4xx_hal_tim_ex.o

.debug_str      0x0000000000000000    0xc865a
 .debug_str     0x0000000000000000    0xc235a ./Core/Src/7SEG.o
                                      0xc25de (size before relaxing)
 .debug_str     0x00000000000c235a      0x18d ./Core/Src/CLCD.o
                                      0xc1c14 (size before relaxing)
 .debug_str     0x00000000000c24e7      0xd6a ./Core/Src/button1_event.o
                                      0xc27d0 (size before relaxing)
 .debug_str     0x00000000000c3251      0x167 ./Core/Src/button2_event.o
                                      0xc2832 (size before relaxing)
 .debug_str     0x00000000000c33b8      0x18f ./Core/Src/button3_event.o
                                      0xc2870 (size before relaxing)
 .debug_str     0x00000000000c3547      0x15b ./Core/Src/button4_event.o
                                      0xc27ff (size before relaxing)
 .debug_str     0x00000000000c36a2      0x510 ./Core/Src/buzzer.o
                                      0xc1fc1 (size before relaxing)
 .debug_str     0x00000000000c3bb2       0x9b ./Core/Src/clock.o
                                      0xc2715 (size before relaxing)
 .debug_str     0x00000000000c3c4d       0x54 ./Core/Src/clock_config.o
                                      0xc28fe (size before relaxing)
 .debug_str     0x00000000000c3ca1      0x523 ./Core/Src/gpio.o
                                      0xc209b (size before relaxing)
 .debug_str     0x00000000000c41c4       0xc4 ./Core/Src/lap.o
                                      0xc1bfe (size before relaxing)
 .debug_str     0x00000000000c4288      0x254 ./Core/Src/main.o
                                      0xc436d (size before relaxing)
 .debug_str     0x00000000000c44dc       0x2c ./Core/Src/stm32f4xx_hal_msp.o
                                      0xc1ab0 (size before relaxing)
 .debug_str     0x00000000000c4508      0x140 ./Core/Src/stm32f4xx_it.o
                                      0xc1ffc (size before relaxing)
 .debug_str     0x00000000000c4648       0x7c ./Core/Src/stopwatch.o
                                      0xc275e (size before relaxing)
 .debug_str     0x00000000000c46c4     0x1e80 ./Core/Src/sysmem.o
                                       0x5df2 (size before relaxing)
 .debug_str     0x00000000000c6544       0xdb ./Core/Src/system_stm32f4xx.o
                                      0xc1ade (size before relaxing)
 .debug_str     0x00000000000c661f      0x1fe ./Core/Src/tim.o
                                      0xc27ba (size before relaxing)
 .debug_str     0x00000000000c681d       0x36 ./Core/Startup/startup_stm32f407vetx.o
                                         0xb4 (size before relaxing)
 .debug_str     0x00000000000c6853      0x60d ./Drivers/STM32F4xx_HAL_Driver/Src/stm32f4xx_hal.o
                                      0xc2662 (size before relaxing)
 .debug_str     0x00000000000c6e60      0x326 ./Drivers/STM32F4xx_HAL_Driver/Src/stm32f4xx_hal_cortex.o
                                      0xc2395 (size before relaxing)
 .debug_str     0x00000000000c7186       0xe7 ./Drivers/STM32F4xx_HAL_Driver/Src/stm32f4xx_hal_gpio.o
                                      0xc1c59 (size before relaxing)
 .debug_str     0x00000000000c726d      0x233 ./Drivers/STM32F4xx_HAL_Driver/Src/stm32f4xx_hal_rcc.o
                                      0xc1f12 (size before relaxing)
 .debug_str     0x00000000000c74a0      0xd27 ./Drivers/STM32F4xx_HAL_Driver/Src/stm32f4xx_hal_tim.o
                                      0xc2e58 (size before relaxing)
 .debug_str     0x00000000000c81c7      0x493 ./Drivers/STM32F4xx_HAL_Driver/Src/stm32f4xx_hal_tim_ex.o
                                      0xc2674 (size before relaxing)

.comment        0x0000000000000000       0x50
 .comment       0x0000000000000000       0x50 ./Core/Src/7SEG.o
                                         0x51 (size before relaxing)
 .comment       0x0000000000000050       0x51 ./Core/Src/CLCD.o
 .comment       0x0000000000000050       0x51 ./Core/Src/button1_event.o
 .comment       0x0000000000000050       0x51 ./Core/Src/button2_event.o
 .comment       0x0000000000000050       0x51 ./Core/Src/button3_event.o
 .comment       0x0000000000000050       0x51 ./Core/Src/button4_event.o
 .comment       0x0000000000000050       0x51 ./Core/Src/buzzer.o
 .comment       0x0000000000000050       0x51 ./Core/Src/clock.o
 .comment       0x0000000000000050       0x51 ./Core/Src/clock_config.o
 .comment       0x0000000000000050       0x51 ./Core/Src/gpio.o
 .comment       0x0000000000000050       0x51 ./Core/Src/lap.o
 .comment       0x0000000000000050       0x51 ./Core/Src/main.o
 .comment       0x0000000000000050       0x51 ./Core/Src/stm32f4xx_hal_msp.o
 .comment       0x0000000000000050       0x51 ./Core/Src/stm32f4xx_it.o
 .comment       0x0000000000000050       0x51 ./Core/Src/stopwatch.o
 .comment       0x0000000000000050       0x51 ./Core/Src/sysmem.o
 .comment       0x0000000000000050       0x51 ./Core/Src/system_stm32f4xx.o
 .comment       0x0000000000000050       0x51 ./Core/Src/tim.o
 .comment       0x0000000000000050       0x51 ./Drivers/STM32F4xx_HAL_Driver/Src/stm32f4xx_hal.o
 .comment       0x0000000000000050       0x51 ./Drivers/STM32F4xx_HAL_Driver/Src/stm32f4xx_hal_cortex.o
 .comment       0x0000000000000050       0x51 ./Drivers/STM32F4xx_HAL_Driver/Src/stm32f4xx_hal_gpio.o
 .comment       0x0000000000000050       0x51 ./Drivers/STM32F4xx_HAL_Driver/Src/stm32f4xx_hal_rcc.o
 .comment       0x0000000000000050       0x51 ./Drivers/STM32F4xx_HAL_Driver/Src/stm32f4xx_hal_tim.o
 .comment       0x0000000000000050       0x51 ./Drivers/STM32F4xx_HAL_Driver/Src/stm32f4xx_hal_tim_ex.o

.debug_frame    0x0000000000000000     0x3708
 .debug_frame   0x0000000000000000       0x5c ./Core/Src/7SEG.o
 .debug_frame   0x000000000000005c       0xfc ./Core/Src/CLCD.o
 .debug_frame   0x0000000000000158      0x178 ./Core/Src/button1_event.o
 .debug_frame   0x00000000000002d0      0x178 ./Core/Src/button2_event.o
 .debug_frame   0x0000000000000448      0x170 ./Core/Src/button3_event.o
 .debug_frame   0x00000000000005b8      0x170 ./Core/Src/button4_event.o