../Drivers/STM32F4xx_HAL_Driver/Inc/stm32f4xx_ll_tim.h:1051:22:LL_TIM_EnableCounter	16	static
../Drivers/STM32F4xx_HAL_Driver/Inc/stm32f4xx_ll_tim.h:1525:22:LL_TIM_CC_EnableChannel	16	static
../Drivers/STM32F4xx_HAL_Driver/Inc/stm32f4xx_ll_tim.h:1550:22:LL_TIM_CC_DisableChannel	16	static
../Drivers/STM32F4xx_HAL_Driver/Inc/stm32f4xx_ll_usart.h:1813:26:LL_USART_IsActiveFlag_TXE	16	static
../Drivers/STM32F4xx_HAL_Driver/Inc/stm32f4xx_ll_usart.h:2034:22:LL_USART_EnableIT_RXNE	16	static
../Drivers/STM32F4xx_HAL_Driver/Inc/stm32f4xx_ll_usart.h:2425:22:LL_USART_TransmitData8	16	static
../Drivers/STM32F4xx_HAL_Driver/Inc/stm32f4xx_ll_gpio.h:883:22:LL_GPIO_SetOutputPin	16	static
../Drivers/STM32F4xx_HAL_Driver/Inc/stm32f4xx_ll_gpio.h:912:22:LL_GPIO_ResetOutputPin	16	static
../Drivers/STM32F4xx_HAL_Driver/Inc/stm32f4xx_ll_gpio.h:941:22:LL_GPIO_TogglePin	16	static
../Src/main.c:44:5:_write	32	static
../Src/main.c:98:5:main	80	static
../Src/main.c:378:6:SystemClock_Config	88	static
../Src/main.c:417:5:Is_iBus_Throttle_Min	8	static
../Src/main.c:432:6:ESC_Calibration	8	static
../Src/main.c:446:5:Is_iBus_Received	8	static
../Src/main.c:461:6:BNO080_Calibration	96	static
../Src/main.c:583:6:HAL_UART_RxCpltCallback	16	static
../Src/main.c:597:6:Error_Handler	4	static
