../Core/Src/button1_event.c:19:6:button1_start	8	static
../Core/Src/button1_event.c:35:6:button1_measure_hold	8	static
../Core/Src/button1_event.c:66:6:button1_short_hold	4	static
../Core/Src/button1_event.c:71:6:button1_short_mid_threshold	8	static
../Core/Src/button1_event.c:97:6:button1_mid_hold	4	static
../Core/Src/button1_event.c:102:6:button1_mid_long_threshold	8	static
../Core/Src/button1_event.c:107:6:button1_long_hold	4	static
../Core/Src/button1_event.c:113:6:button1_finish	8	static
../Core/Src/button1_event.c:119:6:button1_measure_release	8	static
../Core/Src/button1_event.c:135:6:button1_short_release	8	static
../Core/Src/button1_event.c:148:6:button1_mid_release	4	static
../Core/Src/button1_event.c:153:6:button1_long_release	4	static
