../Core/Src/clock_config.c:17:6:init_clock_config	4	static
../Core/Src/clock_config.c:23:6:show_clock_config	16	static
../Core/Src/clock_config.c:49:6:blink_choose_clock_config_element	4	static
../Core/Src/clock_config.c:85:6:clock_config_next_item	4	static
../Core/Src/clock_config.c:98:6:clock_config_increase_once	8	static
../Core/Src/clock_config.c:138:6:clock_config_decrease_once	8	static
../Core/Src/clock_config.c:178:6:clock_config_increase_continuous_150ms	8	static
../Core/Src/clock_config.c:187:6:clock_config_increase_continuous_20ms	8	static
../Core/Src/clock_config.c:196:6:clock_config_decrease_continuous_150ms	8	static
../Core/Src/clock_config.c:205:6:clock_config_decrease_continuous_20ms	8	static
../Core/Src/clock_config.c:214:6:adjust_to_max_day	72	static
