../Core/Src/button2_event.c:13:6:button2_start	8	static
../Core/Src/button2_event.c:20:6:button2_measure_hold	8	static
../Core/Src/button2_event.c:49:6:button2_short_hold	4	static
../Core/Src/button2_event.c:54:6:button2_short_mid_threshold	4	static
../Core/Src/button2_event.c:59:6:button2_mid_hold	4	static
../Core/Src/button2_event.c:64:6:button2_mid_long_threshold	4	static
../Core/Src/button2_event.c:69:6:button2_long_hold	4	static
../Core/Src/button2_event.c:75:6:button2_finish	8	static
../Core/Src/button2_event.c:80:6:button2_measure_release	8	static
../Core/Src/button2_event.c:96:6:button2_short_release	4	static
../Core/Src/button2_event.c:105:6:button2_mid_release	4	static
../Core/Src/button2_event.c:110:6:button2_long_release	4	static
