Archive member included to satisfy reference by file (symbol)

c:/st/stm32cubeide_1.10.1/stm32cubeide/plugins/com.st.stm32cube.ide.mcu.externaltools.gnu-tools-for-stm32.10.3-2021.10.win32_1.0.0.202111181127/tools/bin/../lib/gcc/arm-none-eabi/10.3.1/../../../../arm-none-eabi/lib/thumb/v7e-m+fp/hard\libc_nano.a(lib_a-errno.o)
                              ./Src/syscalls.o (__errno)
c:/st/stm32cubeide_1.10.1/stm32cubeide/plugins/com.st.stm32cube.ide.mcu.externaltools.gnu-tools-for-stm32.10.3-2021.10.win32_1.0.0.202111181127/tools/bin/../lib/gcc/arm-none-eabi/10.3.1/../../../../arm-none-eabi/lib/thumb/v7e-m+fp/hard\libc_nano.a(lib_a-exit.o)
                              c:/st/stm32cubeide_1.10.1/stm32cubeide/plugins/com.st.stm32cube.ide.mcu.externaltools.gnu-tools-for-stm32.10.3-2021.10.win32_1.0.0.202111181127/tools/bin/../lib/gcc/arm-none-eabi/10.3.1/../../../../arm-none-eabi/lib/thumb/v7e-m+fp/hard/crt0.o (exit)
c:/st/stm32cubeide_1.10.1/stm32cubeide/plugins/com.st.stm32cube.ide.mcu.externaltools.gnu-tools-for-stm32.10.3-2021.10.win32_1.0.0.202111181127/tools/bin/../lib/gcc/arm-none-eabi/10.3.1/../../../../arm-none-eabi/lib/thumb/v7e-m+fp/hard\libc_nano.a(lib_a-impure.o)
                              c:/st/stm32cubeide_1.10.1/stm32cubeide/plugins/com.st.stm32cube.ide.mcu.externaltools.gnu-tools-for-stm32.10.3-2021.10.win32_1.0.0.202111181127/tools/bin/../lib/gcc/arm-none-eabi/10.3.1/../../../../arm-none-eabi/lib/thumb/v7e-m+fp/hard\libc_nano.a(lib_a-exit.o) (_global_impure_ptr)
c:/st/stm32cubeide_1.10.1/stm32cubeide/plugins/com.st.stm32cube.ide.mcu.externaltools.gnu-tools-for-stm32.10.3-2021.10.win32_1.0.0.202111181127/tools/bin/../lib/gcc/arm-none-eabi/10.3.1/../../../../arm-none-eabi/lib/thumb/v7e-m+fp/hard\libc_nano.a(lib_a-init.o)
                              c:/st/stm32cubeide_1.10.1/stm32cubeide/plugins/com.st.stm32cube.ide.mcu.externaltools.gnu-tools-for-stm32.10.3-2021.10.win32_1.0.0.202111181127/tools/bin/../lib/gcc/arm-none-eabi/10.3.1/../../../../arm-none-eabi/lib/thumb/v7e-m+fp/hard/crt0.o (__libc_init_array)
c:/st/stm32cubeide_1.10.1/stm32cubeide/plugins/com.st.stm32cube.ide.mcu.externaltools.gnu-tools-for-stm32.10.3-2021.10.win32_1.0.0.202111181127/tools/bin/../lib/gcc/arm-none-eabi/10.3.1/../../../../arm-none-eabi/lib/thumb/v7e-m+fp/hard\libc_nano.a(lib_a-memset.o)
                              c:/st/stm32cubeide_1.10.1/stm32cubeide/plugins/com.st.stm32cube.ide.mcu.externaltools.gnu-tools-for-stm32.10.3-2021.10.win32_1.0.0.202111181127/tools/bin/../lib/gcc/arm-none-eabi/10.3.1/../../../../arm-none-eabi/lib/thumb/v7e-m+fp/hard/crt0.o (memset)
c:/st/stm32cubeide_1.10.1/stm32cubeide/plugins/com.st.stm32cube.ide.mcu.externaltools.gnu-tools-for-stm32.10.3-2021.10.win32_1.0.0.202111181127/tools/bin/../lib/gcc/arm-none-eabi/10.3.1/../../../../arm-none-eabi/lib/thumb/v7e-m+fp/hard\libc_nano.a(lib_a-nano-vfprintf_float.o)
                              (_printf_float)
c:/st/stm32cubeide_1.10.1/stm32cubeide/plugins/com.st.stm32cube.ide.mcu.externaltools.gnu-tools-for-stm32.10.3-2021.10.win32_1.0.0.202111181127/tools/bin/../lib/gcc/arm-none-eabi/10.3.1/../../../../arm-none-eabi/lib/thumb/v7e-m+fp/hard\libc_nano.a(lib_a-nano-vfprintf_i.o)
                              c:/st/stm32cubeide_1.10.1/stm32cubeide/plugins/com.st.stm32cube.ide.mcu.externaltools.gnu-tools-for-stm32.10.3-2021.10.win32_1.0.0.202111181127/tools/bin/../lib/gcc/arm-none-eabi/10.3.1/../../../../arm-none-eabi/lib/thumb/v7e-m+fp/hard\libc_nano.a(lib_a-nano-vfprintf_float.o) (_printf_common)
c:/st/stm32cubeide_1.10.1/stm32cubeide/plugins/com.st.stm32cube.ide.mcu.externaltools.gnu-tools-for-stm32.10.3-2021.10.win32_1.0.0.202111181127/tools/bin/../lib/gcc/arm-none-eabi/10.3.1/../../../../arm-none-eabi/lib/thumb/v7e-m+fp/hard\libc_nano.a(lib_a-printf.o)
                              ./Src/BNO080.o (printf)
c:/st/stm32cubeide_1.10.1/stm32cubeide/plugins/com.st.stm32cube.ide.mcu.externaltools.gnu-tools-for-stm32.10.3-2021.10.win32_1.0.0.202111181127/tools/bin/../lib/gcc/arm-none-eabi/10.3.1/../../../../arm-none-eabi/lib/thumb/v7e-m+fp/hard\libc_nano.a(lib_a-puts.o)
                              ./Src/BNO080.o (puts)
c:/st/stm32cubeide_1.10.1/stm32cubeide/plugins/com.st.stm32cube.ide.mcu.externaltools.gnu-tools-for-stm32.10.3-2021.10.win32_1.0.0.202111181127/tools/bin/../lib/gcc/arm-none-eabi/10.3.1/../../../../arm-none-eabi/lib/thumb/v7e-m+fp/hard\libc_nano.a(lib_a-strlen.o)
                              c:/st/stm32cubeide_1.10.1/stm32cubeide/plugins/com.st.stm32cube.ide.mcu.externaltools.gnu-tools-for-stm32.10.3-2021.10.win32_1.0.0.202111181127/tools/bin/../lib/gcc/arm-none-eabi/10.3.1/../../../../arm-none-eabi/lib/thumb/v7e-m+fp/hard\libc_nano.a(lib_a-nano-vfprintf_float.o) (strlen)
c:/st/stm32cubeide_1.10.1/stm32cubeide/plugins/com.st.stm32cube.ide.mcu.externaltools.gnu-tools-for-stm32.10.3-2021.10.win32_1.0.0.202111181127/tools/bin/../lib/gcc/arm-none-eabi/10.3.1/../../../../arm-none-eabi/lib/thumb/v7e-m+fp/hard\libc_nano.a(lib_a-wbuf.o)
[...]
Memory Configuration

Name             Origin             Length             Attributes
CCMRAM           0x0000000010000000 0x0000000000010000 xrw
RAM              0x0000000020000000 0x0000000000020000 xrw
FLASH            0x0000000008000000 0x0000000000100000 xr
*default*        0x0000000000000000 0xffffffffffffffff

Linker script and memory map

LOAD c:/st/stm32cubeide_1.10.1/stm32cubeide/plugins/com.st.stm32cube.ide.mcu.externaltools.gnu-tools-for-stm32.10.3-2021.10.win32_1.0.0.202111181127/tools/bin/../lib/gcc/arm-none-eabi/10.3.1/thumb/v7e-m+fp/hard/crti.o
LOAD c:/st/stm32cubeide_1.10.1/stm32cubeide/plugins/com.st.stm32cube.ide.mcu.externaltools.gnu-tools-for-stm32.10.3-2021.10.win32_1.0.0.202111181127/tools/bin/../lib/gcc/arm-none-eabi/10.3.1/thumb/v7e-m+fp/hard/crtbegin.o
LOAD c:/st/stm32cubeide_1.10.1/stm32cubeide/plugins/com.st.stm32cube.ide.mcu.externaltools.gnu-tools-for-stm32.10.3-2021.10.win32_1.0.0.202111181127/tools/bin/../lib/gcc/arm-none-eabi/10.3.1/../../../../arm-none-eabi/lib/thumb/v7e-m+fp/hard/crt0.o
LOAD ./Drivers/STM32F4xx_HAL_Driver/Src/stm32f4xx_hal.o
LOAD ./Drivers/STM32F4xx_HAL_Driver/Src/stm32f4xx_hal_adc.o
LOAD ./Drivers/STM32F4xx_HAL_Driver/Src/stm32f4xx_hal_adc_ex.o
LOAD ./Drivers/STM32F4xx_HAL_Driver/Src/stm32f4xx_hal_cortex.o
LOAD ./Drivers/STM32F4xx_HAL_Driver/Src/stm32f4xx_hal_dma.o
LOAD ./Drivers/STM32F4xx_HAL_Driver/Src/stm32f4xx_hal_dma_ex.o
LOAD ./Drivers/STM32F4xx_HAL_Driver/Src/stm32f4xx_hal_exti.o
LOAD ./Drivers/STM32F4xx_HAL_Driver/Src/stm32f4xx_hal_flash.o
LOAD ./Drivers/STM32F4xx_HAL_Driver/Src/stm32f4xx_hal_flash_ex.o
LOAD ./Drivers/STM32F4xx_HAL_Driver/Src/stm32f4xx_hal_flash_ramfunc.o
LOAD ./Drivers/STM32F4xx_HAL_Driver/Src/stm32f4xx_hal_gpio.o
LOAD ./Drivers/STM32F4xx_HAL_Driver/Src/stm32f4xx_hal_i2c.o
LOAD ./Drivers/STM32F4xx_HAL_Driver/Src/stm32f4xx_hal_i2c_ex.o
LOAD ./Drivers/STM32F4xx_HAL_Driver/Src/stm32f4xx_hal_pwr.o
LOAD ./Drivers/STM32F4xx_HAL_Driver/Src/stm32f4xx_hal_pwr_ex.o
LOAD ./Drivers/STM32F4xx_HAL_Driver/Src/stm32f4xx_hal_rcc.o
LOAD ./Drivers/STM32F4xx_HAL_Driver/Src/stm32f4xx_hal_rcc_ex.o
LOAD ./Drivers/STM32F4xx_HAL_Driver/Src/stm32f4xx_hal_tim.o
LOAD ./Drivers/STM32F4xx_HAL_Driver/Src/stm32f4xx_hal_tim_ex.o
LOAD ./Drivers/STM32F4xx_HAL_Driver/Src/stm32f4xx_hal_uart.o
LOAD ./Drivers/STM32F4xx_HAL_Driver/Src/stm32f4xx_ll_dma.o
LOAD ./Drivers/STM32F4xx_HAL_Driver/Src/stm32f4xx_ll_exti.o
LOAD ./Drivers/STM32F4xx_HAL_Driver/Src/stm32f4xx_ll_gpio.o
LOAD ./Drivers/STM32F4xx_HAL_Driver/Src/stm32f4xx_ll_rcc.o
LOAD ./Drivers/STM32F4xx_HAL_Driver/Src/stm32f4xx_ll_spi.o
LOAD ./Drivers/STM32F4xx_HAL_Driver/Src/stm32f4xx_ll_tim.o
LOAD ./Drivers/STM32F4xx_HAL_Driver/Src/stm32f4xx_ll_usart.o
LOAD ./Drivers/STM32F4xx_HAL_Driver/Src/stm32f4xx_ll_utils.o
LOAD ./Src/AT24C08.o
LOAD ./Src/BNO080.o
LOAD ./Src/FS-iA6B.o
LOAD ./Src/ICM20602.o
LOAD ./Src/LPS22HH.o
LOAD ./Src/M8N.o
LOAD ./Src/PID control.o
LOAD ./Src/Quaternion.o
LOAD ./Src/adc.o
LOAD ./Src/dma.o
LOAD ./Src/gpio.o
LOAD ./Src/i2c.o
LOAD ./Src/main.o
LOAD ./Src/spi.o
LOAD ./Src/stm32f4xx_hal_msp.o
LOAD ./Src/stm32f4xx_it.o
LOAD ./Src/sys.o
LOAD ./Src/syscalls.o
LOAD ./Src/sysmem.o
LOAD ./Src/system_stm32f4xx.o
LOAD ./Src/tim.o
LOAD ./Src/usart.o
LOAD ./Startup/startup_stm32f405rgtx.o
START GROUP
LOAD c:/st/stm32cubeide_1.10.1/stm32cubeide/plugins/com.st.stm32cube.ide.mcu.externaltools.gnu-tools-for-stm32.10.3-2021.10.win32_1.0.0.202111181127/tools/bin/../lib/gcc/arm-none-eabi/10.3.1/../../../../arm-none-eabi/lib/thumb/v7e-m+fp/hard\libc_nano.a
LOAD c:/st/stm32cubeide_1.10.1/stm32cubeide/plugins/com.st.stm32cube.ide.mcu.externaltools.gnu-tools-for-stm32.10.3-2021.10.win32_1.0.0.202111181127/tools/bin/../lib/gcc/arm-none-eabi/10.3.1/../../../../arm-none-eabi/lib/thumb/v7e-m+fp/hard\libm.a
END GROUP
START GROUP
LOAD c:/st/stm32cubeide_1.10.1/stm32cubeide/plugins/com.st.stm32cube.ide.mcu.externaltools.gnu-tools-for-stm32.10.3-2021.10.win32_1.0.0.202111181127/tools/bin/../lib/gcc/arm-none-eabi/10.3.1/thumb/v7e-m+fp/hard\libgcc.a
LOAD c:/st/stm32cubeide_1.10.1/stm32cubeide/plugins/com.st.stm32cube.ide.mcu.externaltools.gnu-tools-for-stm32.10.3-2021.10.win32_1.0.0.202111181127/tools/bin/../lib/gcc/arm-none-eabi/10.3.1/../../../../arm-none-eabi/lib/thumb/v7e-m+fp/hard\libc_nano.a
END GROUP
START GROUP
LOAD c:/st/stm32cubeide_1.10.1/stm32cubeide/plugins/com.st.stm32cube.ide.mcu.externaltools.gnu-tools-for-stm32.10.3-2021.10.win32_1.0.0.202111181127/tools/bin/../lib/gcc/arm-none-eabi/10.3.1/thumb/v7e-m+fp/hard\libgcc.a
LOAD c:/st/stm32cubeide_1.10.1/stm32cubeide/plugins/com.st.stm32cube.ide.mcu.externaltools.gnu-tools-for-stm32.10.3-2021.10.win32_1.0.0.202111181127/tools/bin/../lib/gcc/arm-none-eabi/10.3.1/../../../../arm-none-eabi/lib/thumb/v7e-m+fp/hard\libc_nano.a
LOAD c:/st/stm32cubeide_1.10.1/stm32cubeide/plugins/com.st.stm32cube.ide.mcu.externaltools.gnu-tools-for-stm32.10.3-2021.10.win32_1.0.0.202111181127/tools/bin/../lib/gcc/arm-none-eabi/10.3.1/../../../../arm-none-eabi/lib/thumb/v7e-m+fp/hard\libnosys.a
END GROUP
START GROUP
LOAD c:/st/stm32cubeide_1.10.1/stm32cubeide/plugins/com.st.stm32cube.ide.mcu.externaltools.gnu-tools-for-stm32.10.3-2021.10.win32_1.0.0.202111181127/tools/bin/../lib/gcc/arm-none-eabi/10.3.1/thumb/v7e-m+fp/hard\libgcc.a
LOAD c:/st/stm32cubeide_1.10.1/stm32cubeide/plugins/com.st.stm32cube.ide.mcu.externaltools.gnu-tools-for-stm32.10.3-2021.10.win32_1.0.0.202111181127/tools/bin/../lib/gcc/arm-none-eabi/10.3.1/../../../../arm-none-eabi/lib/thumb/v7e-m+fp/hard\libc_nano.a
LOAD c:/st/stm32cubeide_1.10.1/stm32cubeide/plugins/com.st.stm32cube.ide.mcu.externaltools.gnu-tools-for-stm32.10.3-2021.10.win32_1.0.0.202111181127/tools/bin/../lib/gcc/arm-none-eabi/10.3.1/../../../../arm-none-eabi/lib/thumb/v7e-m+fp/hard\libnosys.a
END GROUP
LOAD c:/st/stm32cubeide_1.10.1/stm32cubeide/plugins/com.st.stm32cube.ide.mcu.externaltools.gnu-tools-for-stm32.10.3-2021.10.win32_1.0.0.202111181127/tools/bin/../lib/gcc/arm-none-eabi/10.3.1/thumb/v7e-m+fp/hard/crtend.o
LOAD c:/st/stm32cubeide_1.10.1/stm32cubeide/plugins/com.st.stm32cube.ide.mcu.externaltools.gnu-tools-for-stm32.10.3-2021.10.win32_1.0.0.202111181127/tools/bin/../lib/gcc/arm-none-eabi/10.3.1/thumb/v7e-m+fp/hard/crtn.o
                0x0000000020020000                _estack = 0x20020000
                0x0000000000000200                _Min_Heap_Size = 0x200
                0x0000000000000400                _Min_Stack_Size = 0x400

.isr_vector     0x0000000008000000      0x188
                0x0000000008000000                . = ALIGN (0x4)
 *(.isr_vector)
 .isr_vector    0x0000000008000000      0x188 ./Startup/startup_stm32f405rgtx.o
                0x0000000008000000                g_pfnVectors
                0x0000000008000188                . = ALIGN (0x4)

.text           0x0000000008000190     0xfa2c
                0x0000000008000190                . = ALIGN (0x4)
 *(.text)
 .text          0x0000000008000190       0x40 c:/st/stm32cubeide_1.10.1/stm32cubeide/plugins/com.st.stm32cube.ide.mcu.externaltools.gnu-tools-for-stm32.10.3-2021.10.win32_1.0.0.202111181127/tools/bin/../lib/gcc/arm-none-eabi/10.3.1/thumb/v7e-m+fp/hard/crtbegin.o
 .text          0x00000000080001d0       0x10 c:/st/stm32cubeide_1.10.1/stm32cubeide/plugins/com.st.stm32cube.ide.mcu.externaltools.gnu-tools-for-stm32.10.3-2021.10.win32_1.0.0.202111181127/tools/bin/../lib/gcc/arm-none-eabi/10.3.1/../../../../arm-none-eabi/lib/thumb/v7e-m+fp/hard\libc_nano.a(lib_a-strlen.o)
                0x00000000080001d0                strlen
 .text          0x00000000080001e0       0xa0 c:/st/stm32cubeide_1.10.1/stm32cubeide/plugins/com.st.stm32cube.ide.mcu.externaltools.gnu-tools-for-stm32.10.3-2021.10.win32_1.0.0.202111181127/tools/bin/../lib/gcc/arm-none-eabi/10.3.1/../../../../arm-none-eabi/lib/thumb/v7e-m+fp/hard\libc_nano.a(lib_a-memchr.o)
                0x00000000080001e0                memchr
 .text          0x0000000008000280      0x378 c:/st/stm32cubeide_1.10.1/stm32cubeide/plugins/com.st.stm32cube.ide.mcu.externaltools.gnu-tools-for-stm32.10.3-2021.10.win32_1.0.0.202111181127/tools/bin/../lib/gcc/arm-none-eabi/10.3.1/thumb/v7e-m+fp/hard\libgcc.a(_arm_addsubdf3.o)
                0x0000000008000280                __aeabi_drsub
                0x0000000008000288                __aeabi_dsub
                0x0000000008000288                __subdf3
                0x000000000800028c                __aeabi_dadd
                0x000000000800028c                __adddf3
                0x0000000008000504                __floatunsidf
                0x0000000008000504                __aeabi_ui2d
                0x0000000008000524                __floatsidf
                0x0000000008000524                __aeabi_i2d
                0x0000000008000548                __aeabi_f2d
                0x0000000008000548                __extendsfdf2
                0x000000000800058c                __floatundidf
                0x000000000800058c                __aeabi_ul2d
                0x000000000800059c                __floatdidf
                0x000000000800059c                __aeabi_l2d
 .text          0x00000000080005f8      0x424 c:/st/stm32cubeide_1.10.1/stm32cubeide/plugins/com.st.stm32cube.ide.mcu.externaltools.gnu-tools-for-stm32.10.3-2021.10.win32_1.0.0.202111181127/tools/bin/../lib/gcc/arm-none-eabi/10.3.1/thumb/v7e-m+fp/hard\libgcc.a(_arm_muldivdf3.o)
                0x00000000080005f8                __aeabi_dmul
                0x00000000080005f8                __muldf3
                0x000000000800084c                __divdf3
                0x000000000800084c                __aeabi_ddiv
 .text          0x0000000008000a1c      0x110 c:/st/stm32cubeide_1.10.1/stm32cubeide/plugins/com.st.stm32cube.ide.mcu.externaltools.gnu-tools-for-stm32.10.3-2021.10.win32_1.0.0.202111181127/tools/bin/../lib/gcc/arm-none-eabi/10.3.1/thumb/v7e-m+fp/hard\libgcc.a(_arm_cmpdf2.o)
                0x0000000008000a1c                __gtdf2
                0x0000000008000a1c                __gedf2
                0x0000000008000a24                __ltdf2
                0x0000000008000a24                __ledf2
                0x0000000008000a2c                __nedf2
                0x0000000008000a2c                __eqdf2
                0x0000000008000a2c                __cmpdf2
                0x0000000008000aa8                __aeabi_cdrcmple
                0x0000000008000ab8                __aeabi_cdcmpeq
                0x0000000008000ab8                __aeabi_cdcmple
                0x0000000008000ac8                __aeabi_dcmpeq
                0x0000000008000adc                __aeabi_dcmplt
                0x0000000008000af0                __aeabi_dcmple
                0x0000000008000b04                __aeabi_dcmpge
                0x0000000008000b18                __aeabi_dcmpgt
 .text          0x0000000008000b2c       0x2c c:/st/stm32cubeide_1.10.1/stm32cubeide/plugins/com.st.stm32cube.ide.mcu.externaltools.gnu-tools-for-stm32.10.3-2021.10.win32_1.0.0.202111181127/tools/bin/../lib/gcc/arm-none-eabi/10.3.1/thumb/v7e-m+fp/hard\libgcc.a(_arm_unorddf2.o)
                0x0000000008000b2c                __unorddf2
                0x0000000008000b2c                __aeabi_dcmpun
 .text          0x0000000008000b58       0x50 c:/st/stm32cubeide_1.10.1/stm32cubeide/plugins/com.st.stm32cube.ide.mcu.externaltools.gnu-tools-for-stm32.10.3-2021.10.win32_1.0.0.202111181127/tools/bin/../lib/gcc/arm-none-eabi/10.3.1/thumb/v7e-m+fp/hard\libgcc.a(_arm_fixdfsi.o)
                0x0000000008000b58                __aeabi_d2iz
                0x0000000008000b58                __fixdfsi
 .text          0x0000000008000ba8       0x30 c:/st/stm32cubeide_1.10.1/stm32cubeide/plugins/com.st.stm32cube.ide.mcu.externaltools.gnu-tools-for-stm32.10.3-2021.10.win32_1.0.0.202111181127/tools/bin/../lib/gcc/arm-none-eabi/10.3.1/thumb/v7e-m+fp/hard\libgcc.a(_aeabi_uldivmod.o)
                0x0000000008000ba8                __aeabi_uldivmod
 .text          0x0000000008000bd8      0x2d0 c:/st/stm32cubeide_1.10.1/stm32cubeide/plugins/com.st.stm32cube.ide.mcu.externaltools.gnu-tools-for-stm32.10.3-2021.10.win32_1.0.0.202111181127/tools/bin/../lib/gcc/arm-none-eabi/10.3.1/thumb/v7e-m+fp/hard\libgcc.a(_udivmoddi4.o)
                0x0000000008000bd8                __udivmoddi4
 .text          0x0000000008000ea8        0x4 c:/st/stm32cubeide_1.10.1/stm32cubeide/plugins/com.st.stm32cube.ide.mcu.externaltools.gnu-tools-for-stm32.10.3-2021.10.win32_1.0.0.202111181127/tools/bin/../lib/gcc/arm-none-eabi/10.3.1/thumb/v7e-m+fp/hard\libgcc.a(_dvmd_tls.o)
                0x0000000008000ea8                __aeabi_idiv0
                0x0000000008000ea8                __aeabi_ldiv0
 *(.text*)
 .text.HAL_Init
                0x0000000008000eac       0x44 ./Drivers/STM32F4xx_HAL_Driver/Src/stm32f4xx_hal.o
                0x0000000008000eac                HAL_Init
 .text.HAL_InitTick
                0x0000000008000ef0       0x60 ./Drivers/STM32F4xx_HAL_Driver/Src/stm32f4xx_hal.o
                0x0000000008000ef0                HAL_InitTick
 .text.HAL_IncTick
                0x0000000008000f50       0x28 ./Drivers/STM32F4xx_HAL_Driver/Src/stm32f4xx_hal.o
                0x0000000008000f50                HAL_IncTick
 .text.HAL_GetTick
                0x0000000008000f78       0x18 ./Drivers/STM32F4xx_HAL_Driver/Src/stm32f4xx_hal.o
                0x0000000008000f78                HAL_GetTick
 .text.HAL_Delay
                0x0000000008000f90       0x48 ./Drivers/STM32F4xx_HAL_Driver/Src/stm32f4xx_hal.o
                0x0000000008000f90                HAL_Delay
 .text.HAL_ADC_Init
                0x0000000008000fd8       0x86 ./Drivers/STM32F4xx_HAL_Driver/Src/stm32f4xx_hal_adc.o
                0x0000000008000fd8                HAL_ADC_Init
 *fill*         0x000000000800105e        0x2 
 .text.HAL_ADC_Start_DMA
                0x0000000008001060      0x1e4 ./Drivers/STM32F4xx_HAL_Driver/Src/stm32f4xx_hal_adc.o
                0x0000000008001060                HAL_ADC_Start_DMA
 .text.HAL_ADC_ConvCpltCallback
                0x0000000008001244       0x14 ./Drivers/STM32F4xx_HAL_Driver/Src/stm32f4xx_hal_adc.o
                0x0000000008001244                HAL_ADC_ConvCpltCallback
 .text.HAL_ADC_ConvHalfCpltCallback
                0x0000000008001258       0x14 ./Drivers/STM32F4xx_HAL_Driver/Src/stm32f4xx_hal_adc.o
                0x0000000008001258                HAL_ADC_ConvHalfCpltCallback
 .text.HAL_ADC_ErrorCallback
                0x000000000800126c       0x14 ./Drivers/STM32F4xx_HAL_Driver/Src/stm32f4xx_hal_adc.o
                0x000000000800126c                HAL_ADC_ErrorCallback
 .text.HAL_ADC_ConfigChannel
                0x0000000008001280      0x244 ./Drivers/STM32F4xx_HAL_Driver/Src/stm32f4xx_hal_adc.o
                0x0000000008001280                HAL_ADC_ConfigChannel
 .text.ADC_Init
                0x00000000080014c4      0x1f8 ./Drivers/STM32F4xx_HAL_Driver/Src/stm32f4xx_hal_adc.o
 .text.ADC_DMAConvCplt
                0x00000000080016bc       0xba ./Drivers/STM32F4xx_HAL_Driver/Src/stm32f4xx_hal_adc.o
 .text.ADC_DMAHalfConvCplt
                0x0000000008001776       0x1c ./Drivers/STM32F4xx_HAL_Driver/Src/stm32f4xx_hal_adc.o
 .text.ADC_DMAError
                0x0000000008001792       0x2e ./Drivers/STM32F4xx_HAL_Driver/Src/stm32f4xx_hal_adc.o
 .text.__NVIC_SetPriorityGrouping
                0x00000000080017c0       0x48 ./Drivers/STM32F4xx_HAL_Driver/Src/stm32f4xx_hal_cortex.o
 .text.__NVIC_GetPriorityGrouping
                0x0000000008001808       0x1c ./Drivers/STM32F4xx_HAL_Driver/Src/stm32f4xx_hal_cortex.o
 .text.__NVIC_EnableIRQ
                0x0000000008001824       0x3c ./Drivers/STM32F4xx_HAL_Driver/Src/stm32f4xx_hal_cortex.o
 .text.__NVIC_SetPriority
                0x0000000008001860       0x54 ./Drivers/STM32F4xx_HAL_Driver/Src/stm32f4xx_hal_cortex.o
 .text.NVIC_EncodePriority
                0x00000000080018b4       0x66 ./Drivers/STM32F4xx_HAL_Driver/Src/stm32f4xx_hal_cortex.o
 *fill*         0x000000000800191a        0x2 
 .text.SysTick_Config
                0x000000000800191c       0x44 ./Drivers/STM32F4xx_HAL_Driver/Src/stm32f4xx_hal_cortex.o
 .text.HAL_NVIC_SetPriorityGrouping
                0x0000000008001960       0x16 ./Drivers/STM32F4xx_HAL_Driver/Src/stm32f4xx_hal_cortex.o
                0x0000000008001960                HAL_NVIC_SetPriorityGrouping
 .text.HAL_NVIC_SetPriority
                0x0000000008001976       0x38 ./Drivers/STM32F4xx_HAL_Driver/Src/stm32f4xx_hal_cortex.o
                0x0000000008001976                HAL_NVIC_SetPriority
 .text.HAL_NVIC_EnableIRQ
                0x00000000080019ae       0x1c ./Drivers/STM32F4xx_HAL_Driver/Src/stm32f4xx_hal_cortex.o
                0x00000000080019ae                HAL_NVIC_EnableIRQ
 .text.HAL_SYSTICK_Config
                0x00000000080019ca       0x18 ./Drivers/STM32F4xx_HAL_Driver/Src/stm32f4xx_hal_cortex.o
                0x00000000080019ca                HAL_SYSTICK_Config
 *fill*         0x00000000080019e2        0x2 
 .text.HAL_DMA_Init
                0x00000000080019e4      0x15c ./Drivers/STM32F4xx_HAL_Driver/Src/stm32f4xx_hal_dma.o
                0x00000000080019e4                HAL_DMA_Init
 .text.HAL_DMA_Start_IT
                0x0000000008001b40       0xb0 ./Drivers/STM32F4xx_HAL_Driver/Src/stm32f4xx_hal_dma.o
                0x0000000008001b40                HAL_DMA_Start_IT
 .text.HAL_DMA_Abort_IT
                0x0000000008001bf0       0x44 ./Drivers/STM32F4xx_HAL_Driver/Src/stm32f4xx_hal_dma.o
                0x0000000008001bf0                HAL_DMA_Abort_IT
 .text.HAL_DMA_IRQHandler
                0x0000000008001c34      0x314 ./Drivers/STM32F4xx_HAL_Driver/Src/stm32f4xx_hal_dma.o
                0x0000000008001c34                HAL_DMA_IRQHandler
 .text.DMA_SetConfig
                0x0000000008001f48       0x5c ./Drivers/STM32F4xx_HAL_Driver/Src/stm32f4xx_hal_dma.o
 .text.DMA_CalcBaseAndBitshift
                0x0000000008001fa4       0x6c ./Drivers/STM32F4xx_HAL_Driver/Src/stm32f4xx_hal_dma.o
 .text.DMA_CheckFifoParam
                0x0000000008002010       0xf8 ./Drivers/STM32F4xx_HAL_Driver/Src/stm32f4xx_hal_dma.o
 .text.HAL_GPIO_Init
                0x0000000008002108      0x338 ./Drivers/STM32F4xx_HAL_Driver/Src/stm32f4xx_hal_gpio.o
                0x0000000008002108                HAL_GPIO_Init
 .text.HAL_I2C_Init
                0x0000000008002440      0x288 ./Drivers/STM32F4xx_HAL_Driver/Src/stm32f4xx_hal_i2c.o
                0x0000000008002440                HAL_I2C_Init
 .text.HAL_I2C_Mem_Write
                0x00000000080026c8      0x1f4 ./Drivers/STM32F4xx_HAL_Driver/Src/stm32f4xx_hal_i2c.o
                0x00000000080026c8                HAL_I2C_Mem_Write
 .text.HAL_I2C_Mem_Read
                0x00000000080028bc      0x44c ./Drivers/STM32F4xx_HAL_Driver/Src/stm32f4xx_hal_i2c.o
                0x00000000080028bc                HAL_I2C_Mem_Read
 .text.I2C_RequestMemoryWrite
                0x0000000008002d08      0x128 ./Drivers/STM32F4xx_HAL_Driver/Src/stm32f4xx_hal_i2c.o
 .text.I2C_RequestMemoryRead
                0x0000000008002e30      0x1cc ./Drivers/STM32F4xx_HAL_Driver/Src/stm32f4xx_hal_i2c.o
 .text.I2C_WaitOnFlagUntilTimeout
                0x0000000008002ffc       0xae ./Drivers/STM32F4xx_HAL_Driver/Src/stm32f4xx_hal_i2c.o
 .text.I2C_WaitOnMasterAddressFlagUntilTimeout
                0x00000000080030aa       0xfe ./Drivers/STM32F4xx_HAL_Driver/Src/stm32f4xx_hal_i2c.o
 .text.I2C_WaitOnTXEFlagUntilTimeout
                0x00000000080031a8       0x82 ./Drivers/STM32F4xx_HAL_Driver/Src/stm32f4xx_hal_i2c.o
 .text.I2C_WaitOnBTFFlagUntilTimeout
                0x000000000800322a       0x82 ./Drivers/STM32F4xx_HAL_Driver/Src/stm32f4xx_hal_i2c.o
 .text.I2C_WaitOnRXNEFlagUntilTimeout
                0x00000000080032ac       0xac ./Drivers/STM32F4xx_HAL_Driver/Src/stm32f4xx_hal_i2c.o
 .text.I2C_IsAcknowledgeFailed
                0x0000000008003358       0x5e ./Drivers/STM32F4xx_HAL_Driver/Src/stm32f4xx_hal_i2c.o
 *fill*         0x00000000080033b6        0x2 
 .text.HAL_RCC_OscConfig
                0x00000000080033b8      0x4dc ./Drivers/STM32F4xx_HAL_Driver/Src/stm32f4xx_hal_rcc.o
                0x00000000080033b8                HAL_RCC_OscConfig
 .text.HAL_RCC_ClockConfig
                0x0000000008003894      0x1cc ./Drivers/STM32F4xx_HAL_Driver/Src/stm32f4xx_hal_rcc.o
                0x0000000008003894                HAL_RCC_ClockConfig
 .text.HAL_RCC_GetSysClockFreq
                0x0000000008003a60      0x20c ./Drivers/STM32F4xx_HAL_Driver/Src/stm32f4xx_hal_rcc.o
                0x0000000008003a60                HAL_RCC_GetSysClockFreq
 .text.HAL_RCC_GetHCLKFreq
                0x0000000008003c6c       0x18 ./Drivers/STM32F4xx_HAL_Driver/Src/stm32f4xx_hal_rcc.o
                0x0000000008003c6c                HAL_RCC_GetHCLKFreq
 .text.HAL_RCC_GetPCLK1Freq
                0x0000000008003c84       0x28 ./Drivers/STM32F4xx_HAL_Driver/Src/stm32f4xx_hal_rcc.o
                0x0000000008003c84                HAL_RCC_GetPCLK1Freq
 .text.HAL_RCC_GetPCLK2Freq
                0x0000000008003cac       0x28 ./Drivers/STM32F4xx_HAL_Driver/Src/stm32f4xx_hal_rcc.o
                0x0000000008003cac                HAL_RCC_GetPCLK2Freq
 .text.HAL_UART_Init
                0x0000000008003cd4       0x9a ./Drivers/STM32F4xx_HAL_Driver/Src/stm32f4xx_hal_uart.o
                0x0000000008003cd4                HAL_UART_Init
 .text.HAL_UART_Transmit
                0x0000000008003d6e      0x132 ./Drivers/STM32F4xx_HAL_Driver/Src/stm32f4xx_hal_uart.o
                0x0000000008003d6e                HAL_UART_Transmit
 .text.HAL_UART_Transmit_IT
                0x0000000008003ea0       0x8a ./Drivers/STM32F4xx_HAL_Driver/Src/stm32f4xx_hal_uart.o
                0x0000000008003ea0                HAL_UART_Transmit_IT
 .text.HAL_UART_Receive_IT
                0x0000000008003f2a       0xaa ./Drivers/STM32F4xx_HAL_Driver/Src/stm32f4xx_hal_uart.o
                0x0000000008003f2a                HAL_UART_Receive_IT
 .text.HAL_UART_IRQHandler
                0x0000000008003fd4      0x200 ./Drivers/STM32F4xx_HAL_Driver/Src/stm32f4xx_hal_uart.o
                0x0000000008003fd4                HAL_UART_IRQHandler
 .text.HAL_UART_TxCpltCallback
                0x00000000080041d4       0x14 ./Drivers/STM32F4xx_HAL_Driver/Src/stm32f4xx_hal_uart.o
                0x00000000080041d4                HAL_UART_TxCpltCallback
 .text.HAL_UART_ErrorCallback
                0x00000000080041e8       0x14 ./Drivers/STM32F4xx_HAL_Driver/Src/stm32f4xx_hal_uart.o
                0x00000000080041e8                HAL_UART_ErrorCallback
 .text.UART_WaitOnFlagUntilTimeout
                0x00000000080041fc       0x94 ./Drivers/STM32F4xx_HAL_Driver/Src/stm32f4xx_hal_uart.o
 .text.UART_EndRxTransfer
                0x0000000008004290       0x3c ./Drivers/STM32F4xx_HAL_Driver/Src/stm32f4xx_hal_uart.o
 .text.UART_DMAAbortOnError
                0x00000000080042cc       0x28 ./Drivers/STM32F4xx_HAL_Driver/Src/stm32f4xx_hal_uart.o
 .text.UART_Transmit_IT
                0x00000000080042f4       0xac ./Drivers/STM32F4xx_HAL_Driver/Src/stm32f4xx_hal_uart.o
 .text.UART_EndTransmit_IT
                0x00000000080043a0       0x30 ./Drivers/STM32F4xx_HAL_Driver/Src/stm32f4xx_hal_uart.o
 .text.UART_Receive_IT
                0x00000000080043d0      0x102 ./Drivers/STM32F4xx_HAL_Driver/Src/stm32f4xx_hal_uart.o
 *fill*         0x00000000080044d2        0x2 
 .text.UART_SetConfig
                0x00000000080044d4      0x99c ./Drivers/STM32F4xx_HAL_Driver/Src/stm32f4xx_hal_uart.o
 .text.LL_GPIO_SetPinMode
                0x0000000008004e70       0x5e ./Drivers/STM32F4xx_HAL_Driver/Src/stm32f4xx_ll_gpio.o
 .text.LL_GPIO_SetPinOutputType
                0x0000000008004ece       0x5a ./Drivers/STM32F4xx_HAL_Driver/Src/stm32f4xx_ll_gpio.o
 .text.LL_GPIO_SetPinSpeed
                0x0000000008004f28       0x5e ./Drivers/STM32F4xx_HAL_Driver/Src/stm32f4xx_ll_gpio.o
 .text.LL_GPIO_SetPinPull
                0x0000000008004f86       0x5e ./Drivers/STM32F4xx_HAL_Driver/Src/stm32f4xx_ll_gpio.o
 .text.LL_GPIO_SetAFPin_0_7
                0x0000000008004fe4       0x5e ./Drivers/STM32F4xx_HAL_Driver/Src/stm32f4xx_ll_gpio.o
 .text.LL_GPIO_SetAFPin_8_15
                0x0000000008005042       0x62 ./Drivers/STM32F4xx_HAL_Driver/Src/stm32f4xx_ll_gpio.o
 .text.LL_GPIO_Init
                0x00000000080050a4       0xe6 ./Drivers/STM32F4xx_HAL_Driver/Src/stm32f4xx_ll_gpio.o
                0x00000000080050a4                LL_GPIO_Init
 *fill*         0x000000000800518a        0x2 
 .text.LL_RCC_GetSysClkSource
                0x000000000800518c       0x1c ./Drivers/STM32F4xx_HAL_Driver/Src/stm32f4xx_ll_rcc.o
 .text.LL_RCC_GetAHBPrescaler
                0x00000000080051a8       0x1c ./Drivers/STM32F4xx_HAL_Driver/Src/stm32f4xx_ll_rcc.o
 .text.LL_RCC_GetAPB1Prescaler
                0x00000000080051c4       0x1c ./Drivers/STM32F4xx_HAL_Driver/Src/stm32f4xx_ll_rcc.o
 .text.LL_RCC_GetAPB2Prescaler
                0x00000000080051e0       0x1c ./Drivers/STM32F4xx_HAL_Driver/Src/stm32f4xx_ll_rcc.o
 .text.LL_RCC_PLL_GetMainSource
                0x00000000080051fc       0x1c ./Drivers/STM32F4xx_HAL_Driver/Src/stm32f4xx_ll_rcc.o
 .text.LL_RCC_PLL_GetN
                0x0000000008005218       0x1c ./Drivers/STM32F4xx_HAL_Driver/Src/stm32f4xx_ll_rcc.o
 .text.LL_RCC_PLL_GetP
                0x0000000008005234       0x1c ./Drivers/STM32F4xx_HAL_Driver/Src/stm32f4xx_ll_rcc.o
 .text.LL_RCC_PLL_GetDivider
                0x0000000008005250       0x1c ./Drivers/STM32F4xx_HAL_Driver/Src/stm32f4xx_ll_rcc.o
 .text.LL_RCC_GetSystemClocksFreq
                0x000000000800526c       0x4a ./Drivers/STM32F4xx_HAL_Driver/Src/stm32f4xx_ll_rcc.o
                0x000000000800526c                LL_RCC_GetSystemClocksFreq
 *fill*         0x00000000080052b6        0x2 
 .text.RCC_GetSystemClockFreq
                0x00000000080052b8       0x50 ./Drivers/STM32F4xx_HAL_Driver/Src/stm32f4xx_ll_rcc.o
                0x00000000080052b8                RCC_GetSystemClockFreq
 .text.RCC_GetHCLKClockFreq
                0x0000000008005308       0x2c ./Drivers/STM32F4xx_HAL_Driver/Src/stm32f4xx_ll_rcc.o
                0x0000000008005308                RCC_GetHCLKClockFreq
 .text.RCC_GetPCLK1ClockFreq
                0x0000000008005334       0x28 ./Drivers/STM32F4xx_HAL_Driver/Src/stm32f4xx_ll_rcc.o
                0x0000000008005334                RCC_GetPCLK1ClockFreq
 .text.RCC_GetPCLK2ClockFreq
                0x000000000800535c       0x28 ./Drivers/STM32F4xx_HAL_Driver/Src/stm32f4xx_ll_rcc.o
                0x000000000800535c                RCC_GetPCLK2ClockFreq
 .text.RCC_PLL_GetFreqDomain_SYS
                0x0000000008005384       0x7c ./Drivers/STM32F4xx_HAL_Driver/Src/stm32f4xx_ll_rcc.o
                0x0000000008005384                RCC_PLL_GetFreqDomain_SYS
 .text.LL_SPI_IsEnabled
                0x0000000008005400       0x26 ./Drivers/STM32F4xx_HAL_Driver/Src/stm32f4xx_ll_spi.o
 .text.LL_SPI_SetCRCPolynomial
                0x0000000008005426       0x20 ./Drivers/STM32F4xx_HAL_Driver/Src/stm32f4xx_ll_spi.o
 .text.LL_SPI_Init
                0x0000000008005446       0xa4 ./Drivers/STM32F4xx_HAL_Driver/Src/stm32f4xx_ll_spi.o
                0x0000000008005446                LL_SPI_Init
 .text.LL_TIM_SetPrescaler
                0x00000000080054ea       0x1c ./Drivers/STM32F4xx_HAL_Driver/Src/stm32f4xx_ll_tim.o
 .text.LL_TIM_SetAutoReload
                0x0000000008005506       0x1c ./Drivers/STM32F4xx_HAL_Driver/Src/stm32f4xx_ll_tim.o
 .text.LL_TIM_SetRepetitionCounter
                0x0000000008005522       0x1c ./Drivers/STM32F4xx_HAL_Driver/Src/stm32f4xx_ll_tim.o
 .text.LL_TIM_OC_SetCompareCH1
                0x000000000800553e       0x1c ./Drivers/STM32F4xx_HAL_Driver/Src/stm32f4xx_ll_tim.o
 .text.LL_TIM_OC_SetCompareCH2
                0x000000000800555a       0x1c ./Drivers/STM32F4xx_HAL_Driver/Src/stm32f4xx_ll_tim.o
 .text.LL_TIM_OC_SetCompareCH3
                0x0000000008005576       0x1c ./Drivers/STM32F4xx_HAL_Driver/Src/stm32f4xx_ll_tim.o
 .text.LL_TIM_OC_SetCompareCH4
                0x0000000008005592       0x1c ./Drivers/STM32F4xx_HAL_Driver/Src/stm32f4xx_ll_tim.o
 .text.LL_TIM_GenerateEvent_UPDATE
                0x00000000080055ae       0x20 ./Drivers/STM32F4xx_HAL_Driver/Src/stm32f4xx_ll_tim.o
 *fill*         0x00000000080055ce        0x2 
 .text.LL_TIM_Init
                0x00000000080055d0      0x134 ./Drivers/STM32F4xx_HAL_Driver/Src/stm32f4xx_ll_tim.o
                0x00000000080055d0                LL_TIM_Init
 .text.LL_TIM_OC_Init
                0x0000000008005704       0x82 ./Drivers/STM32F4xx_HAL_Driver/Src/stm32f4xx_ll_tim.o
                0x0000000008005704                LL_TIM_OC_Init
 *fill*         0x0000000008005786        0x2 
 .text.OC1Config
                0x0000000008005788       0xd8 ./Drivers/STM32F4xx_HAL_Driver/Src/stm32f4xx_ll_tim.o
 .text.OC2Config
                0x0000000008005860       0xe0 ./Drivers/STM32F4xx_HAL_Driver/Src/stm32f4xx_ll_tim.o
 .text.OC3Config
                0x0000000008005940       0xe0 ./Drivers/STM32F4xx_HAL_Driver/Src/stm32f4xx_ll_tim.o
 .text.OC4Config
                0x0000000008005a20       0xb0 ./Drivers/STM32F4xx_HAL_Driver/Src/stm32f4xx_ll_tim.o
 .text.LL_USART_IsEnabled
                0x0000000008005ad0       0x28 ./Drivers/STM32F4xx_HAL_Driver/Src/stm32f4xx_ll_usart.o
 .text.LL_USART_SetStopBitsLength
                0x0000000008005af8       0x26 ./Drivers/STM32F4xx_HAL_Driver/Src/stm32f4xx_ll_usart.o
 .text.LL_USART_SetHWFlowCtrl
                0x0000000008005b1e       0x26 ./Drivers/STM32F4xx_HAL_Driver/Src/stm32f4xx_ll_usart.o
 .text.LL_USART_SetBaudRate
                0x0000000008005b44      0x458 ./Drivers/STM32F4xx_HAL_Driver/Src/stm32f4xx_ll_usart.o
 .text.LL_USART_Init
                0x0000000008005f9c      0x100 ./Drivers/STM32F4xx_HAL_Driver/Src/stm32f4xx_ll_usart.o
                0x0000000008005f9c                LL_USART_Init
 .text.LL_GPIO_SetOutputPin
                0x000000000800609c       0x1c ./Src/AT24C08.o
 .text.LL_GPIO_ResetOutputPin
                0x00000000080060b8       0x1e ./Src/AT24C08.o
 *fill*         0x00000000080060d6        0x2 
 .text.AT24C08_Page_Write
                0x00000000080060d8       0x70 ./Src/AT24C08.o
                0x00000000080060d8                AT24C08_Page_Write
 .text.AT24C08_Page_Read
                0x0000000008006148       0x50 ./Src/AT24C08.o
                0x0000000008006148                AT24C08_Page_Read
 .text.EP_PIDGain_Write
                0x0000000008006198      0x12c ./Src/AT24C08.o
                0x0000000008006198                EP_PIDGain_Write
 .text.EP_PIDGain_Read
                0x00000000080062c4      0x138 ./Src/AT24C08.o
                0x00000000080062c4                EP_PIDGain_Read
 .text.LL_SPI_Enable
                0x00000000080063fc       0x20 ./Src/BNO080.o
 .text.LL_SPI_SetStandard
                0x000000000800641c       0x26 ./Src/BNO080.o
 .text.LL_SPI_IsActiveFlag_RXNE
                0x0000000008006442       0x26 ./Src/BNO080.o
 .text.LL_SPI_IsActiveFlag_TXE
                0x0000000008006468       0x26 ./Src/BNO080.o
 .text.LL_SPI_ReceiveData8
                0x000000000800648e       0x1a ./Src/BNO080.o
 .text.LL_SPI_TransmitData8
                0x00000000080064a8       0x24 ./Src/BNO080.o
 .text.LL_GPIO_IsInputPinSet
                0x00000000080064cc       0x2a ./Src/BNO080.o
 .text.LL_GPIO_SetOutputPin
                0x00000000080064f6       0x1c ./Src/BNO080.o
 .text.LL_GPIO_ResetOutputPin
                0x0000000008006512       0x1e ./Src/BNO080.o
 .text.LL_AHB1_GRP1_EnableClock
                0x0000000008006530       0x30 ./Src/BNO080.o
 .text.LL_APB1_GRP1_EnableClock
                0x0000000008006560       0x30 ./Src/BNO080.o
 .text.BNO080_GPIO_SPI_Initialization
                0x0000000008006590      0x174 ./Src/BNO080.o
                0x0000000008006590                BNO080_GPIO_SPI_Initialization
 .text.BNO080_Initialization
                0x0000000008006704       0xe8 ./Src/BNO080.o
                0x0000000008006704                BNO080_Initialization
 .text.SPI2_SendByte
                0x00000000080067ec       0x44 ./Src/BNO080.o
                0x00000000080067ec                SPI2_SendByte
 .text.BNO080_dataAvailable
                0x0000000008006830       0x5c ./Src/BNO080.o
                0x0000000008006830                BNO080_dataAvailable
 .text.BNO080_parseCommandReport
                0x000000000800688c       0x38 ./Src/BNO080.o
                0x000000000800688c                BNO080_parseCommandReport
 .text.BNO080_parseInputReport
                0x00000000080068c4      0x2e0 ./Src/BNO080.o
                0x00000000080068c4                BNO080_parseInputReport
 .text.BNO080_getQuatI
                0x0000000008006ba4       0x2c ./Src/BNO080.o
                0x0000000008006ba4                BNO080_getQuatI
 .text.BNO080_getQuatJ
                0x0000000008006bd0       0x2c ./Src/BNO080.o
                0x0000000008006bd0                BNO080_getQuatJ
 .text.BNO080_getQuatK
                0x0000000008006bfc       0x2c ./Src/BNO080.o
                0x0000000008006bfc                BNO080_getQuatK
 .text.BNO080_getQuatReal
                0x0000000008006c28       0x2c ./Src/BNO080.o
                0x0000000008006c28                BNO080_getQuatReal
 .text.BNO080_getQuatRadianAccuracy
                0x0000000008006c54       0x2c ./Src/BNO080.o
                0x0000000008006c54                BNO080_getQuatRadianAccuracy
 .text.BNO080_getQuatAccuracy
                0x0000000008006c80       0x18 ./Src/BNO080.o
                0x0000000008006c80                BNO080_getQuatAccuracy
 .text.BNO080_getMagX
                0x0000000008006c98       0x2c ./Src/BNO080.o
                0x0000000008006c98                BNO080_getMagX
 .text.BNO080_getMagY
                0x0000000008006cc4       0x2c ./Src/BNO080.o
                0x0000000008006cc4                BNO080_getMagY
 .text.BNO080_getMagZ
                0x0000000008006cf0       0x2c ./Src/BNO080.o
                0x0000000008006cf0                BNO080_getMagZ
 .text.BNO080_getMagAccuracy
                0x0000000008006d1c       0x18 ./Src/BNO080.o
                0x0000000008006d1c                BNO080_getMagAccuracy
 .text.BNO080_qToFloat
                0x0000000008006d34       0x4e ./Src/BNO080.o
                0x0000000008006d34                BNO080_qToFloat
 .text.BNO080_enableRotationVector
                0x0000000008006d82       0x1e ./Src/BNO080.o
                0x0000000008006d82                BNO080_enableRotationVector
 .text.BNO080_enableGameRotationVector
                0x0000000008006da0       0x1e ./Src/BNO080.o
                0x0000000008006da0                BNO080_enableGameRotationVector
 .text.BNO080_enableMagnetometer
                0x0000000008006dbe       0x1e ./Src/BNO080.o
                0x0000000008006dbe                BNO080_enableMagnetometer
 .text.BNO080_calibrateAll
                0x0000000008006ddc        0xe ./Src/BNO080.o
                0x0000000008006ddc                BNO080_calibrateAll
 *fill*         0x0000000008006dea        0x2 
 .text.BNO080_calibrationComplete
                0x0000000008006dec       0x20 ./Src/BNO080.o
                0x0000000008006dec                BNO080_calibrationComplete
 .text.BNO080_setFeatureCommand
                0x0000000008006e0c       0xa4 ./Src/BNO080.o
                0x0000000008006e0c                BNO080_setFeatureCommand
 .text.BNO080_sendCommand
                0x0000000008006eb0       0x40 ./Src/BNO080.o
                0x0000000008006eb0                BNO080_sendCommand
 .text.BNO080_sendCalibrateCommand
                0x0000000008006ef0       0x90 ./Src/BNO080.o
                0x0000000008006ef0                BNO080_sendCalibrateCommand
 .text.BNO080_requestCalibrationStatus
                0x0000000008006f80       0x38 ./Src/BNO080.o
                0x0000000008006f80                BNO080_requestCalibrationStatus
 .text.BNO080_saveCalibration
                0x0000000008006fb8       0x34 ./Src/BNO080.o
                0x0000000008006fb8                BNO080_saveCalibration
 .text.BNO080_waitForSPI
                0x0000000008006fec       0x48 ./Src/BNO080.o
                0x0000000008006fec                BNO080_waitForSPI
 .text.BNO080_receivePacket
                0x0000000008007034       0xe0 ./Src/BNO080.o
                0x0000000008007034                BNO080_receivePacket
 .text.BNO080_sendPacket
                0x0000000008007114       0xa0 ./Src/BNO080.o
                0x0000000008007114                BNO080_sendPacket
 .text.iBus_Check_CHKSUM
                0x00000000080071b4       0x6c ./Src/FS-iA6B.o
                0x00000000080071b4                iBus_Check_CHKSUM
 .text.iBus_Parsing
                0x0000000008007220       0xf0 ./Src/FS-iA6B.o
                0x0000000008007220                iBus_Parsing
 .text.iBus_isActiveFailsafe
                0x0000000008007310       0x22 ./Src/FS-iA6B.o
                0x0000000008007310                iBus_isActiveFailsafe
 .text.LL_SPI_Enable
                0x0000000008007332       0x20 ./Src/ICM20602.o
 .text.LL_SPI_SetStandard
                0x0000000008007352       0x26 ./Src/ICM20602.o
 .text.LL_SPI_IsActiveFlag_RXNE
                0x0000000008007378       0x26 ./Src/ICM20602.o
 .text.LL_SPI_IsActiveFlag_TXE
                0x000000000800739e       0x26 ./Src/ICM20602.o
 .text.LL_SPI_ReceiveData8
                0x00000000080073c4       0x1a ./Src/ICM20602.o
 .text.LL_SPI_TransmitData8
                0x00000000080073de       0x24 ./Src/ICM20602.o
 .text.LL_GPIO_IsInputPinSet
                0x0000000008007402       0x2a ./Src/ICM20602.o
 .text.LL_GPIO_SetOutputPin
                0x000000000800742c       0x1c ./Src/ICM20602.o
 .text.LL_GPIO_ResetOutputPin
                0x0000000008007448       0x1e ./Src/ICM20602.o
 *fill*         0x0000000008007466        0x2 
 .text.LL_AHB1_GRP1_EnableClock
                0x0000000008007468       0x30 ./Src/ICM20602.o
 .text.LL_APB2_GRP1_EnableClock
                0x0000000008007498       0x30 ./Src/ICM20602.o
 .text.ICM20602_GPIO_SPI_Initialization
                0x00000000080074c8       0xf8 ./Src/ICM20602.o
                0x00000000080074c8                ICM20602_GPIO_SPI_Initialization
 .text.SPI1_SendByte
                0x00000000080075c0       0x44 ./Src/ICM20602.o
                0x00000000080075c0                SPI1_SendByte
 .text.ICM20602_Readbyte
                0x0000000008007604       0x40 ./Src/ICM20602.o
                0x0000000008007604                ICM20602_Readbyte
 .text.ICM20602_Readbytes
                0x0000000008007644       0x5c ./Src/ICM20602.o
                0x0000000008007644                ICM20602_Readbytes
 .text.ICM20602_Writebyte
                0x00000000080076a0       0x44 ./Src/ICM20602.o
                0x00000000080076a0                ICM20602_Writebyte
 .text.ICM20602_Initialization
                0x00000000080076e4       0xfc ./Src/ICM20602.o
                0x00000000080076e4                ICM20602_Initialization
 .text.ICM20602_Get3AxisGyroRawData
                0x00000000080077e0       0x58 ./Src/ICM20602.o
                0x00000000080077e0                ICM20602_Get3AxisGyroRawData
 .text.ICM20602_DataReady
                0x0000000008007838       0x18 ./Src/ICM20602.o
                0x0000000008007838                ICM20602_DataReady
 .text.LL_SPI_Enable
                0x0000000008007850       0x20 ./Src/LPS22HH.o
 .text.LL_SPI_SetStandard
                0x0000000008007870       0x26 ./Src/LPS22HH.o
 .text.LL_SPI_IsActiveFlag_RXNE
                0x0000000008007896       0x26 ./Src/LPS22HH.o
 .text.LL_SPI_IsActiveFlag_TXE
                0x00000000080078bc       0x26 ./Src/LPS22HH.o
 .text.LL_SPI_ReceiveData8
                0x00000000080078e2       0x1a ./Src/LPS22HH.o
 .text.LL_SPI_TransmitData8
                0x00000000080078fc       0x24 ./Src/LPS22HH.o
 .text.LL_GPIO_IsInputPinSet
                0x0000000008007920       0x2a ./Src/LPS22HH.o
 .text.LL_GPIO_SetOutputPin
                0x000000000800794a       0x1c ./Src/LPS22HH.o
 .text.LL_GPIO_ResetOutputPin
                0x0000000008007966       0x1e ./Src/LPS22HH.o
 .text.LL_AHB1_GRP1_EnableClock
                0x0000000008007984       0x30 ./Src/LPS22HH.o
 .text.LL_APB1_GRP1_EnableClock
                0x00000000080079b4       0x30 ./Src/LPS22HH.o
 .text.LPS22HH_GPIO_SPI_Initialization
                0x00000000080079e4       0xf0 ./Src/LPS22HH.o
                0x00000000080079e4                LPS22HH_GPIO_SPI_Initialization
 .text.SPI3_SendByte
                0x0000000008007ad4       0x44 ./Src/LPS22HH.o
                0x0000000008007ad4                SPI3_SendByte
 .text.LPS22HH_Readbyte
                0x0000000008007b18       0x40 ./Src/LPS22HH.o
                0x0000000008007b18                LPS22HH_Readbyte
 .text.LPS22HH_Readbytes
                0x0000000008007b58       0x5c ./Src/LPS22HH.o
                0x0000000008007b58                LPS22HH_Readbytes
 .text.LPS22HH_Writebyte
                0x0000000008007bb4       0x44 ./Src/LPS22HH.o
                0x0000000008007bb4                LPS22HH_Writebyte
 .text.LPS22HH_Initialization
                0x0000000008007bf8      0x120 ./Src/LPS22HH.o
                0x0000000008007bf8                LPS22HH_Initialization
 .text.LPS22HH_DataReady
                0x0000000008007d18       0x18 ./Src/LPS22HH.o
                0x0000000008007d18                LPS22HH_DataReady
 .text.LPS22HH_GetPressure
                0x0000000008007d30       0x1a ./Src/LPS22HH.o
                0x0000000008007d30                LPS22HH_GetPressure
 .text.LPS22HH_GetTemperature
                0x0000000008007d4a       0x1a ./Src/LPS22HH.o
                0x0000000008007d4a                LPS22HH_GetTemperature
 .text.getAltitude2
                0x0000000008007d64       0x68 ./Src/LPS22HH.o
                0x0000000008007d64                getAltitude2
 .text.__NVIC_GetPriorityGrouping
                0x0000000008007dcc       0x1c ./Src/M8N.o
 .text.__NVIC_EnableIRQ
                0x0000000008007de8       0x3c ./Src/M8N.o
 .text.__NVIC_SetPriority
                0x0000000008007e24       0x54 ./Src/M8N.o
 .text.NVIC_EncodePriority
                0x0000000008007e78       0x66 ./Src/M8N.o
 .text.LL_USART_Enable
                0x0000000008007ede       0x20 ./Src/M8N.o
 .text.LL_USART_ConfigAsyncMode
                0x0000000008007efe       0x2c ./Src/M8N.o
 .text.LL_USART_IsActiveFlag_TXE
                0x0000000008007f2a       0x26 ./Src/M8N.o
 .text.LL_USART_TransmitData8
                0x0000000008007f50       0x1e ./Src/M8N.o
 *fill*         0x0000000008007f6e        0x2 
 .text.LL_AHB1_GRP1_EnableClock
                0x0000000008007f70       0x30 ./Src/M8N.o
 .text.LL_APB1_GRP1_EnableClock
                0x0000000008007fa0       0x30 ./Src/M8N.o
 .text.M8N_TransmitData
                0x0000000008007fd0       0x4c ./Src/M8N.o
                0x0000000008007fd0                M8N_TransmitData
 .text.M8N_UART4_Initialization
                0x000000000800801c       0xc4 ./Src/M8N.o
                0x000000000800801c                M8N_UART4_Initialization
 .text.M8N_Initialization
                0x00000000080080e0       0x50 ./Src/M8N.o
                0x00000000080080e0                M8N_Initialization
 .text.M8N_UBX_CHKSUM_Check
                0x0000000008008130       0x74 ./Src/M8N.o
                0x0000000008008130                M8N_UBX_CHKSUM_Check
 .text.M8N_UBX_NAV_POSLLH_Parsing
                0x00000000080081a4      0x16e ./Src/M8N.o
                0x00000000080081a4                M8N_UBX_NAV_POSLLH_Parsing
 *fill*         0x0000000008008312        0x2 
 .text.Double_Roll_Pitch_PID_Calculation
                0x0000000008008314      0x274 ./Src/PID control.o
                0x0000000008008314                Double_Roll_Pitch_PID_Calculation
 .text.Reset_PID_Integrator
                0x0000000008008588       0x1c ./Src/PID control.o
                0x0000000008008588                Reset_PID_Integrator
 .text.Reset_All_PID_Integrator
                0x00000000080085a4       0x44 ./Src/PID control.o
                0x00000000080085a4                Reset_All_PID_Integrator
 .text.Quaternion_Update
                0x00000000080085e8      0x284 ./Src/Quaternion.o
                0x00000000080085e8                Quaternion_Update
 .text.invSqrt  0x000000000800886c       0x78 ./Src/Quaternion.o
                0x000000000800886c                invSqrt
 .text.MX_ADC1_Init
                0x00000000080088e4       0xa4 ./Src/adc.o
                0x00000000080088e4                MX_ADC1_Init
 .text.HAL_ADC_MspInit
                0x0000000008008988       0xec ./Src/adc.o
                0x0000000008008988                HAL_ADC_MspInit
 .text.MX_DMA_Init
                0x0000000008008a74       0x40 ./Src/dma.o
                0x0000000008008a74                MX_DMA_Init
 .text.LL_GPIO_SetOutputPin
                0x0000000008008ab4       0x1c ./Src/gpio.o
 .text.LL_GPIO_ResetOutputPin
                0x0000000008008ad0       0x1e ./Src/gpio.o
 *fill*         0x0000000008008aee        0x2 
 .text.LL_AHB1_GRP1_EnableClock
                0x0000000008008af0       0x30 ./Src/gpio.o
 .text.MX_GPIO_Init
                0x0000000008008b20      0x100 ./Src/gpio.o
                0x0000000008008b20                MX_GPIO_Init
 .text.MX_I2C1_Init
                0x0000000008008c20       0x5c ./Src/i2c.o
                0x0000000008008c20                MX_I2C1_Init
 .text.HAL_I2C_MspInit
                0x0000000008008c7c       0x90 ./Src/i2c.o
                0x0000000008008c7c                HAL_I2C_MspInit
 .text.LL_TIM_EnableCounter
                0x0000000008008d0c       0x20 ./Src/main.o
 .text.LL_TIM_CC_EnableChannel
                0x0000000008008d2c       0x22 ./Src/main.o
 .text.LL_TIM_CC_DisableChannel
                0x0000000008008d4e       0x24 ./Src/main.o
 .text.LL_TIM_EnableIT_UPDATE
                0x0000000008008d72       0x20 ./Src/main.o
 .text.LL_USART_IsActiveFlag_TXE
                0x0000000008008d92       0x26 ./Src/main.o
 .text.LL_USART_EnableIT_RXNE
                0x0000000008008db8       0x20 ./Src/main.o
 .text.LL_USART_TransmitData8
                0x0000000008008dd8       0x1e ./Src/main.o
 .text.LL_GPIO_SetOutputPin
                0x0000000008008df6       0x1c ./Src/main.o
 .text.LL_GPIO_ResetOutputPin
                0x0000000008008e12       0x1e ./Src/main.o
 .text.LL_GPIO_TogglePin
                0x0000000008008e30       0x22 ./Src/main.o
 *fill*         0x0000000008008e52        0x2 
 .text._write   0x0000000008008e54       0x4c ./Src/main.o
                0x0000000008008e54                _write
 .text.main     0x0000000008008ea0     0x15f0 ./Src/main.o
                0x0000000008008ea0                main
 .text.SystemClock_Config
                0x000000000800a490       0xd4 ./Src/main.o
                0x000000000800a490                SystemClock_Config
 .text.Is_iBus_Throttle_Min
                0x000000000800a564       0x4c ./Src/main.o
                0x000000000800a564                Is_iBus_Throttle_Min
 .text.ESC_Calibration
                0x000000000800a5b0       0x5c ./Src/main.o
                0x000000000800a5b0                ESC_Calibration
 .text.Is_iBus_Received
                0x000000000800a60c       0x40 ./Src/main.o
                0x000000000800a60c                Is_iBus_Received
 .text.BNO080_Calibration
                0x000000000800a64c      0x2dc ./Src/main.o
                0x000000000800a64c                BNO080_Calibration
 .text.HAL_UART_RxCpltCallback
                0x000000000800a928       0xe0 ./Src/main.o
                0x000000000800a928                HAL_UART_RxCpltCallback
 .text.Encode_Msg_AHRS
                0x000000000800aa08      0x2f8 ./Src/main.o
                0x000000000800aa08                Encode_Msg_AHRS
 .text.Encode_Msg_GPS
                0x000000000800ad00      0x180 ./Src/main.o
                0x000000000800ad00                Encode_Msg_GPS
 .text.Encode_Msg_PID_Gain
                0x000000000800ae80       0xa6 ./Src/main.o
                0x000000000800ae80                Encode_Msg_PID_Gain
 .text.Error_Handler
                0x000000000800af26        0xe ./Src/main.o
                0x000000000800af26                Error_Handler
 .text.LL_SPI_SetStandard
                0x000000000800af34       0x26 ./Src/spi.o
 *fill*         0x000000000800af5a        0x2 
 .text.LL_AHB1_GRP1_EnableClock
                0x000000000800af5c       0x30 ./Src/spi.o
 .text.LL_APB1_GRP1_EnableClock
                0x000000000800af8c       0x30 ./Src/spi.o
 .text.LL_APB2_GRP1_EnableClock
                0x000000000800afbc       0x30 ./Src/spi.o
 .text.MX_SPI1_Init
                0x000000000800afec       0xa4 ./Src/spi.o
                0x000000000800afec                MX_SPI1_Init
 .text.MX_SPI2_Init
                0x000000000800b090       0xa8 ./Src/spi.o
                0x000000000800b090                MX_SPI2_Init
 .text.MX_SPI3_Init
                0x000000000800b138       0xa4 ./Src/spi.o
                0x000000000800b138                MX_SPI3_Init
 .text.HAL_MspInit
                0x000000000800b1dc       0x50 ./Src/stm32f4xx_hal_msp.o
                0x000000000800b1dc                HAL_MspInit
 .text.LL_TIM_ClearFlag_UPDATE
                0x000000000800b22c       0x1c ./Src/stm32f4xx_it.o
 .text.LL_TIM_IsActiveFlag_UPDATE
                0x000000000800b248       0x26 ./Src/stm32f4xx_it.o
 .text.LL_USART_IsActiveFlag_RXNE
                0x000000000800b26e       0x26 ./Src/stm32f4xx_it.o
 .text.LL_USART_ClearFlag_RXNE
                0x000000000800b294       0x1c ./Src/stm32f4xx_it.o
 .text.LL_USART_ReceiveData8
                0x000000000800b2b0       0x1a ./Src/stm32f4xx_it.o
 .text.NMI_Handler
                0x000000000800b2ca        0xe ./Src/stm32f4xx_it.o
                0x000000000800b2ca                NMI_Handler
 .text.HardFault_Handler
                0x000000000800b2d8        0x6 ./Src/stm32f4xx_it.o
                0x000000000800b2d8                HardFault_Handler
 .text.MemManage_Handler
                0x000000000800b2de        0x6 ./Src/stm32f4xx_it.o
                0x000000000800b2de                MemManage_Handler
 .text.BusFault_Handler
                0x000000000800b2e4        0x6 ./Src/stm32f4xx_it.o
                0x000000000800b2e4                BusFault_Handler
 .text.UsageFault_Handler
                0x000000000800b2ea        0x6 ./Src/stm32f4xx_it.o
                0x000000000800b2ea                UsageFault_Handler
 .text.SVC_Handler
                0x000000000800b2f0        0xe ./Src/stm32f4xx_it.o
                0x000000000800b2f0                SVC_Handler
 .text.DebugMon_Handler
                0x000000000800b2fe        0xe ./Src/stm32f4xx_it.o
                0x000000000800b2fe                DebugMon_Handler
 .text.PendSV_Handler
                0x000000000800b30c        0xe ./Src/stm32f4xx_it.o
                0x000000000800b30c                PendSV_Handler
 .text.SysTick_Handler
                0x000000000800b31a        0xc ./Src/stm32f4xx_it.o
                0x000000000800b31a                SysTick_Handler
 *fill*         0x000000000800b326        0x2 
 .text.USART1_IRQHandler
                0x000000000800b328       0x14 ./Src/stm32f4xx_it.o
                0x000000000800b328                USART1_IRQHandler
 .text.UART4_IRQHandler
                0x000000000800b33c       0xec ./Src/stm32f4xx_it.o
                0x000000000800b33c                UART4_IRQHandler
 .text.UART5_IRQHandler
                0x000000000800b428       0xec ./Src/stm32f4xx_it.o
                0x000000000800b428                UART5_IRQHandler
 .text.TIM7_IRQHandler
                0x000000000800b514       0xc0 ./Src/stm32f4xx_it.o
                0x000000000800b514                TIM7_IRQHandler
 .text.DMA2_Stream0_IRQHandler
                0x000000000800b5d4       0x14 ./Src/stm32f4xx_it.o
                0x000000000800b5d4                DMA2_Stream0_IRQHandler
 .text.USART6_IRQHandler
                0x000000000800b5e8       0x3c ./Src/stm32f4xx_it.o
                0x000000000800b5e8                USART6_IRQHandler
 .text._getpid  0x000000000800b624       0x10 ./Src/syscalls.o
                0x000000000800b624                _getpid
 .text._kill    0x000000000800b634       0x20 ./Src/syscalls.o
                0x000000000800b634                _kill
 .text._exit    0x000000000800b654       0x14 ./Src/syscalls.o
                0x000000000800b654                _exit
 .text._read    0x000000000800b668       0x3a ./Src/syscalls.o
                0x000000000800b668                _read
 .text._close   0x000000000800b6a2       0x18 ./Src/syscalls.o
                0x000000000800b6a2                _close
 .text._fstat   0x000000000800b6ba       0x20 ./Src/syscalls.o
                0x000000000800b6ba                _fstat
 .text._isatty  0x000000000800b6da       0x16 ./Src/syscalls.o
                0x000000000800b6da                _isatty
 .text._lseek   0x000000000800b6f0       0x1a ./Src/syscalls.o
                0x000000000800b6f0                _lseek
 *fill*         0x000000000800b70a        0x2 
 .text._sbrk    0x000000000800b70c       0x58 ./Src/sysmem.o
                0x000000000800b70c                _sbrk
 .text.SystemInit
                0x000000000800b764       0x6c ./Src/system_stm32f4xx.o
                0x000000000800b764                SystemInit
 .text.__NVIC_GetPriorityGrouping
                0x000000000800b7d0       0x1c ./Src/tim.o
 .text.__NVIC_EnableIRQ
                0x000000000800b7ec       0x3c ./Src/tim.o
 .text.__NVIC_SetPriority
                0x000000000800b828       0x54 ./Src/tim.o
 .text.NVIC_EncodePriority
                0x000000000800b87c       0x66 ./Src/tim.o
 .text.LL_TIM_EnableARRPreload
                0x000000000800b8e2       0x20 ./Src/tim.o
 *fill*         0x000000000800b902        0x2 
 .text.LL_TIM_OC_EnableFast
                0x000000000800b904       0x84 ./Src/tim.o
 .text.LL_TIM_OC_EnablePreload
                0x000000000800b988       0x84 ./Src/tim.o
 .text.LL_TIM_SetClockSource
                0x000000000800ba0c       0x2a ./Src/tim.o
 .text.LL_TIM_SetTriggerOutput
                0x000000000800ba36       0x26 ./Src/tim.o
 .text.LL_TIM_DisableMasterSlaveMode
                0x000000000800ba5c       0x20 ./Src/tim.o
 .text.LL_AHB1_GRP1_EnableClock
                0x000000000800ba7c       0x30 ./Src/tim.o
 .text.LL_APB1_GRP1_EnableClock
                0x000000000800baac       0x30 ./Src/tim.o
 .text.MX_TIM3_Init
                0x000000000800badc       0xe4 ./Src/tim.o
                0x000000000800badc                MX_TIM3_Init
 .text.MX_TIM5_Init
                0x000000000800bbc0      0x15c ./Src/tim.o
                0x000000000800bbc0                MX_TIM5_Init
 .text.MX_TIM7_Init
                0x000000000800bd1c       0x74 ./Src/tim.o
                0x000000000800bd1c                MX_TIM7_Init
 .text.__NVIC_GetPriorityGrouping
                0x000000000800bd90       0x1c ./Src/usart.o
 .text.__NVIC_EnableIRQ
                0x000000000800bdac       0x3c ./Src/usart.o
 .text.__NVIC_SetPriority
                0x000000000800bde8       0x54 ./Src/usart.o
 .text.NVIC_EncodePriority
                0x000000000800be3c       0x66 ./Src/usart.o
 .text.LL_USART_Enable
                0x000000000800bea2       0x20 ./Src/usart.o
 .text.LL_USART_ConfigAsyncMode
                0x000000000800bec2       0x2c ./Src/usart.o
 *fill*         0x000000000800beee        0x2 
 .text.LL_AHB1_GRP1_EnableClock
                0x000000000800bef0       0x30 ./Src/usart.o
 .text.LL_APB1_GRP1_EnableClock
                0x000000000800bf20       0x30 ./Src/usart.o
 .text.LL_APB2_GRP1_EnableClock
                0x000000000800bf50       0x30 ./Src/usart.o
 .text.MX_UART4_Init
                0x000000000800bf80       0xc4 ./Src/usart.o
                0x000000000800bf80                MX_UART4_Init
 .text.MX_UART5_Init
                0x000000000800c044       0xf0 ./Src/usart.o
                0x000000000800c044                MX_UART5_Init
 .text.MX_USART1_UART_Init
                0x000000000800c134       0x54 ./Src/usart.o
                0x000000000800c134                MX_USART1_UART_Init
 .text.MX_USART6_UART_Init
                0x000000000800c188       0xc0 ./Src/usart.o
                0x000000000800c188                MX_USART6_UART_Init
 .text.HAL_UART_MspInit
                0x000000000800c248       0xa0 ./Src/usart.o
                0x000000000800c248                HAL_UART_MspInit
 .text.Reset_Handler
                0x000000000800c2e8       0x50 ./Startup/startup_stm32f405rgtx.o
                0x000000000800c2e8                Reset_Handler
 .text.Default_Handler
                0x000000000800c338        0x2 ./Startup/startup_stm32f405rgtx.o
                0x000000000800c338                RTC_Alarm_IRQHandler
                0x000000000800c338                HASH_RNG_IRQHandler
                0x000000000800c338                EXTI2_IRQHandler
                0x000000000800c338                TIM8_CC_IRQHandler
                0x000000000800c338                TIM1_CC_IRQHandler
                0x000000000800c338                DMA2_Stream5_IRQHandler
                0x000000000800c338                DMA1_Stream5_IRQHandler
                0x000000000800c338                PVD_IRQHandler
                0x000000000800c338                SDIO_IRQHandler
                0x000000000800c338                TAMP_STAMP_IRQHandler
                0x000000000800c338                CAN2_RX1_IRQHandler
                0x000000000800c338                EXTI3_IRQHandler
                0x000000000800c338                TIM8_TRG_COM_TIM14_IRQHandler
                0x000000000800c338                TIM1_UP_TIM10_IRQHandler
                0x000000000800c338                TIM8_UP_TIM13_IRQHandler
                0x000000000800c338                I2C3_ER_IRQHandler
                0x000000000800c338                EXTI0_IRQHandler
                0x000000000800c338                I2C2_EV_IRQHandler
                0x000000000800c338                DMA1_Stream2_IRQHandler
                0x000000000800c338                CAN1_RX0_IRQHandler
                0x000000000800c338                FPU_IRQHandler
                0x000000000800c338                OTG_HS_WKUP_IRQHandler
                0x000000000800c338                CAN2_SCE_IRQHandler
                0x000000000800c338                DMA2_Stream2_IRQHandler
                0x000000000800c338                SPI1_IRQHandler
                0x000000000800c338                TIM6_DAC_IRQHandler
                0x000000000800c338                TIM1_BRK_TIM9_IRQHandler
                0x000000000800c338                CAN2_RX0_IRQHandler
                0x000000000800c338                DMA2_Stream3_IRQHandler
                0x000000000800c338                USART3_IRQHandler
                0x000000000800c338                CAN1_RX1_IRQHandler
                0x000000000800c338                TIM4_IRQHandler
                0x000000000800c338                I2C1_EV_IRQHandler
                0x000000000800c338                DMA1_Stream6_IRQHandler
                0x000000000800c338                DMA1_Stream1_IRQHandler
                0x000000000800c338                TIM3_IRQHandler
                0x000000000800c338                RCC_IRQHandler
                0x000000000800c338                TIM8_BRK_TIM12_IRQHandler
                0x000000000800c338                Default_Handler
                0x000000000800c338                EXTI15_10_IRQHandler
                0x000000000800c338                ADC_IRQHandler
                0x000000000800c338                DMA1_Stream7_IRQHandler
                0x000000000800c338                CAN2_TX_IRQHandler
                0x000000000800c338                TIM5_IRQHandler
                0x000000000800c338                DMA2_Stream7_IRQHandler
                0x000000000800c338                I2C3_EV_IRQHandler
                0x000000000800c338                EXTI9_5_IRQHandler
                0x000000000800c338                RTC_WKUP_IRQHandler
                0x000000000800c338                SPI2_IRQHandler
                0x000000000800c338                OTG_HS_EP1_IN_IRQHandler
                0x000000000800c338                DMA1_Stream0_IRQHandler
                0x000000000800c338                CAN1_TX_IRQHandler
                0x000000000800c338                EXTI4_IRQHandler
                0x000000000800c338                FSMC_IRQHandler
                0x000000000800c338                OTG_HS_EP1_OUT_IRQHandler
                0x000000000800c338                WWDG_IRQHandler
                0x000000000800c338                TIM2_IRQHandler
                0x000000000800c338                OTG_FS_WKUP_IRQHandler
                0x000000000800c338                TIM1_TRG_COM_TIM11_IRQHandler
                0x000000000800c338                OTG_HS_IRQHandler
                0x000000000800c338                EXTI1_IRQHandler
                0x000000000800c338                USART2_IRQHandler
                0x000000000800c338                I2C2_ER_IRQHandler
                0x000000000800c338                DMA2_Stream1_IRQHandler
                0x000000000800c338                CAN1_SCE_IRQHandler
                0x000000000800c338                FLASH_IRQHandler
                0x000000000800c338                DMA2_Stream4_IRQHandler
                0x000000000800c338                OTG_FS_IRQHandler
                0x000000000800c338                SPI3_IRQHandler
                0x000000000800c338                DMA1_Stream4_IRQHandler
                0x000000000800c338                I2C1_ER_IRQHandler
                0x000000000800c338                DMA2_Stream6_IRQHandler
                0x000000000800c338                DMA1_Stream3_IRQHandler
 *fill*         0x000000000800c33a        0x2 
 .text.__errno  0x000000000800c33c        0xc c:/st/stm32cubeide_1.10.1/stm32cubeide/plugins/com.st.stm32cube.ide.mcu.externaltools.gnu-tools-for-stm32.10.3-2021.10.win32_1.0.0.202111181127/tools/bin/../lib/gcc/arm-none-eabi/10.3.1/../../../../arm-none-eabi/lib/thumb/v7e-m+fp/hard\libc_nano.a(lib_a-errno.o)
                0x000000000800c33c                __errno
 .text.__libc_init_array
                0x000000000800c348       0x48 c:/st/stm32cubeide_1.10.1/stm32cubeide/plugins/com.st.stm32cube.ide.mcu.externaltools.gnu-tools-for-stm32.10.3-2021.10.win32_1.0.0.202111181127/tools/bin/../lib/gcc/arm-none-eabi/10.3.1/../../../../arm-none-eabi/lib/thumb/v7e-m+fp/hard\libc_nano.a(lib_a-init.o)
                0x000000000800c348                __libc_init_array
 .text.memset   0x000000000800c390       0x10 c:/st/stm32cubeide_1.10.1/stm32cubeide/plugins/com.st.stm32cube.ide.mcu.externaltools.gnu-tools-for-stm32.10.3-2021.10.win32_1.0.0.202111181127/tools/bin/../lib/gcc/arm-none-eabi/10.3.1/../../../../arm-none-eabi/lib/thumb/v7e-m+fp/hard\libc_nano.a(lib_a-memset.o)
                0x000000000800c390                memset
 .text.__cvt    0x000000000800c3a0       0xc4 c:/st/stm32cubeide_1.10.1/stm32cubeide/plugins/com.st.stm32cube.ide.mcu.externaltools.gnu-tools-for-stm32.10.3-2021.10.win32_1.0.0.202111181127/tools/bin/../lib/gcc/arm-none-eabi/10.3.1/../../../../arm-none-eabi/lib/thumb/v7e-m+fp/hard\libc_nano.a(lib_a-nano-vfprintf_float.o)
                0x000000000800c3a0                __cvt
 .text.__exponent
                0x000000000800c464       0x7c c:/st/stm32cubeide_1.10.1/stm32cubeide/plugins/com.st.stm32cube.ide.mcu.externaltools.gnu-tools-for-stm32.10.3-2021.10.win32_1.0.0.202111181127/tools/bin/../lib/gcc/arm-none-eabi/10.3.1/../../../../arm-none-eabi/lib/thumb/v7e-m+fp/hard\libc_nano.a(lib_a-nano-vfprintf_float.o)
                0x000000000800c464                __exponent
 .text._printf_float
                0x000000000800c4e0      0x46c c:/st/stm32cubeide_1.10.1/stm32cubeide/plugins/com.st.stm32cube.ide.mcu.externaltools.gnu-tools-for-stm32.10.3-2021.10.win32_1.0.0.202111181127/tools/bin/../lib/gcc/arm-none-eabi/10.3.1/../../../../arm-none-eabi/lib/thumb/v7e-m+fp/hard\libc_nano.a(lib_a-nano-vfprintf_float.o)
                0x000000000800c4e0                _printf_float
 .text._printf_common
                0x000000000800c94c       0xda c:/st/stm32cubeide_1.10.1/stm32cubeide/plugins/com.st.stm32cube.ide.mcu.externaltools.gnu-tools-for-stm32.10.3-2021.10.win32_1.0.0.202111181127/tools/bin/../lib/gcc/arm-none-eabi/10.3.1/../../../../arm-none-eabi/lib/thumb/v7e-m+fp/hard\libc_nano.a(lib_a-nano-vfprintf_i.o)
                0x000000000800c94c                _printf_common
 *fill*         0x000000000800ca26        0x2 
 .text._printf_i
                0x000000000800ca28      0x24c c:/st/stm32cubeide_1.10.1/stm32cubeide/plugins/com.st.stm32cube.ide.mcu.externaltools.gnu-tools-for-stm32.10.3-2021.10.win32_1.0.0.202111181127/tools/bin/../lib/gcc/arm-none-eabi/10.3.1/../../../../arm-none-eabi/lib/thumb/v7e-m+fp/hard\libc_nano.a(lib_a-nano-vfprintf_i.o)
                0x000000000800ca28                _printf_i
 .text.printf   0x000000000800cc74       0x30 c:/st/stm32cubeide_1.10.1/stm32cubeide/plugins/com.st.stm32cube.ide.mcu.externaltools.gnu-tools-for-stm32.10.3-2021.10.win32_1.0.0.202111181127/tools/bin/../lib/gcc/arm-none-eabi/10.3.1/../../../../arm-none-eabi/lib/thumb/v7e-m+fp/hard\libc_nano.a(lib_a-printf.o)
                0x000000000800cc74                iprintf
                0x000000000800cc74                printf
 .text._puts_r  0x000000000800cca4       0xdc c:/st/stm32cubeide_1.10.1/stm32cubeide/plugins/com.st.stm32cube.ide.mcu.externaltools.gnu-tools-for-stm32.10.3-2021.10.win32_1.0.0.202111181127/tools/bin/../lib/gcc/arm-none-eabi/10.3.1/../../../../arm-none-eabi/lib/thumb/v7e-m+fp/hard\libc_nano.a(lib_a-puts.o)
                0x000000000800cca4                _puts_r
 .text.puts     0x000000000800cd80       0x10 c:/st/stm32cubeide_1.10.1/stm32cubeide/plugins/com.st.stm32cube.ide.mcu.externaltools.gnu-tools-for-stm32.10.3-2021.10.win32_1.0.0.202111181127/tools/bin/../lib/gcc/arm-none-eabi/10.3.1/../../../../arm-none-eabi/lib/thumb/v7e-m+fp/hard\libc_nano.a(lib_a-puts.o)
                0x000000000800cd80                puts
 .text.__swbuf_r
                0x000000000800cd90       0xa4 c:/st/stm32cubeide_1.10.1/stm32cubeide/plugins/com.st.stm32cube.ide.mcu.externaltools.gnu-tools-for-stm32.10.3-2021.10.win32_1.0.0.202111181127/tools/bin/../lib/gcc/arm-none-eabi/10.3.1/../../../../arm-none-eabi/lib/thumb/v7e-m+fp/hard\libc_nano.a(lib_a-wbuf.o)
                0x000000000800cd90                __swbuf_r
 .text.__swsetup_r
                0x000000000800ce34       0xdc c:/st/stm32cubeide_1.10.1/stm32cubeide/plugins/com.st.stm32cube.ide.mcu.externaltools.gnu-tools-for-stm32.10.3-2021.10.win32_1.0.0.202111181127/tools/bin/../lib/gcc/arm-none-eabi/10.3.1/../../../../arm-none-eabi/lib/thumb/v7e-m+fp/hard\libc_nano.a(lib_a-wsetup.o)
                0x000000000800ce34                __swsetup_r
 .text.quorem   0x000000000800cf10      0x116 c:/st/stm32cubeide_1.10.1/stm32cubeide/plugins/com.st.stm32cube.ide.mcu.externaltools.gnu-tools-for-stm32.10.3-2021.10.win32_1.0.0.202111181127/tools/bin/../lib/gcc/arm-none-eabi/10.3.1/../../../../arm-none-eabi/lib/thumb/v7e-m+fp/hard\libc_nano.a(lib_a-dtoa.o)
 *fill*         0x000000000800d026        0x2 
 .text._dtoa_r  0x000000000800d028      0xbdc c:/st/stm32cubeide_1.10.1/stm32cubeide/plugins/com.st.stm32cube.ide.mcu.externaltools.gnu-tools-for-stm32.10.3-2021.10.win32_1.0.0.202111181127/tools/bin/../lib/gcc/arm-none-eabi/10.3.1/../../../../arm-none-eabi/lib/thumb/v7e-m+fp/hard\libc_nano.a(lib_a-dtoa.o)
                0x000000000800d028                _dtoa_r
 .text.__sflush_r
                0x000000000800dc04      0x10c c:/st/stm32cubeide_1.10.1/stm32cubeide/plugins/com.st.stm32cube.ide.mcu.externaltools.gnu-tools-for-stm32.10.3-2021.10.win32_1.0.0.202111181127/tools/bin/../lib/gcc/arm-none-eabi/10.3.1/../../../../arm-none-eabi/lib/thumb/v7e-m+fp/hard\libc_nano.a(lib_a-fflush.o)
                0x000000000800dc04                __sflush_r
 .text._fflush_r
                0x000000000800dd10       0x78 c:/st/stm32cubeide_1.10.1/stm32cubeide/plugins/com.st.stm32cube.ide.mcu.externaltools.gnu-tools-for-stm32.10.3-2021.10.win32_1.0.0.202111181127/tools/bin/../lib/gcc/arm-none-eabi/10.3.1/../../../../arm-none-eabi/lib/thumb/v7e-m+fp/hard\libc_nano.a(lib_a-fflush.o)
                0x000000000800dd10                _fflush_r
 .text.std      0x000000000800dd88       0x48 c:/st/stm32cubeide_1.10.1/stm32cubeide/plugins/com.st.stm32cube.ide.mcu.externaltools.gnu-tools-for-stm32.10.3-2021.10.win32_1.0.0.202111181127/tools/bin/../lib/gcc/arm-none-eabi/10.3.1/../../../../arm-none-eabi/lib/thumb/v7e-m+fp/hard\libc_nano.a(lib_a-findfp.o)
 .text._cleanup_r
                0x000000000800ddd0        0xc c:/st/stm32cubeide_1.10.1/stm32cubeide/plugins/com.st.stm32cube.ide.mcu.externaltools.gnu-tools-for-stm32.10.3-2021.10.win32_1.0.0.202111181127/tools/bin/../lib/gcc/arm-none-eabi/10.3.1/../../../../arm-none-eabi/lib/thumb/v7e-m+fp/hard\libc_nano.a(lib_a-findfp.o)
                0x000000000800ddd0                _cleanup_r
 .text.__sfmoreglue
                0x000000000800dddc       0x2c c:/st/stm32cubeide_1.10.1/stm32cubeide/plugins/com.st.stm32cube.ide.mcu.externaltools.gnu-tools-for-stm32.10.3-2021.10.win32_1.0.0.202111181127/tools/bin/../lib/gcc/arm-none-eabi/10.3.1/../../../../arm-none-eabi/lib/thumb/v7e-m+fp/hard\libc_nano.a(lib_a-findfp.o)
                0x000000000800dddc                __sfmoreglue
 .text.__sfp_lock_acquire
                0x000000000800de08        0xc c:/st/stm32cubeide_1.10.1/stm32cubeide/plugins/com.st.stm32cube.ide.mcu.externaltools.gnu-tools-for-stm32.10.3-2021.10.win32_1.0.0.202111181127/tools/bin/../lib/gcc/arm-none-eabi/10.3.1/../../../../arm-none-eabi/lib/thumb/v7e-m+fp/hard\libc_nano.a(lib_a-findfp.o)
                0x000000000800de08                __sfp_lock_acquire
 .text.__sfp_lock_release
                0x000000000800de14        0xc c:/st/stm32cubeide_1.10.1/stm32cubeide/plugins/com.st.stm32cube.ide.mcu.externaltools.gnu-tools-for-stm32.10.3-2021.10.win32_1.0.0.202111181127/tools/bin/../lib/gcc/arm-none-eabi/10.3.1/../../../../arm-none-eabi/lib/thumb/v7e-m+fp/hard\libc_nano.a(lib_a-findfp.o)
                0x000000000800de14                __sfp_lock_release
 .text.__sinit_lock_acquire
                0x000000000800de20        0xc c:/st/stm32cubeide_1.10.1/stm32cubeide/plugins/com.st.stm32cube.ide.mcu.externaltools.gnu-tools-for-stm32.10.3-2021.10.win32_1.0.0.202111181127/tools/bin/../lib/gcc/arm-none-eabi/10.3.1/../../../../arm-none-eabi/lib/thumb/v7e-m+fp/hard\libc_nano.a(lib_a-findfp.o)
                0x000000000800de20                __sinit_lock_acquire
 .text.__sinit_lock_release
                0x000000000800de2c        0xc c:/st/stm32cubeide_1.10.1/stm32cubeide/plugins/com.st.stm32cube.ide.mcu.externaltools.gnu-tools-for-stm32.10.3-2021.10.win32_1.0.0.202111181127/tools/bin/../lib/gcc/arm-none-eabi/10.3.1/../../../../arm-none-eabi/lib/thumb/v7e-m+fp/hard\libc_nano.a(lib_a-findfp.o)
                0x000000000800de2c                __sinit_lock_release
 .text.__sinit  0x000000000800de38       0x70 c:/st/stm32cubeide_1.10.1/stm32cubeide/plugins/com.st.stm32cube.ide.mcu.externaltools.gnu-tools-for-stm32.10.3-2021.10.win32_1.0.0.202111181127/tools/bin/../lib/gcc/arm-none-eabi/10.3.1/../../../../arm-none-eabi/lib/thumb/v7e-m+fp/hard\libc_nano.a(lib_a-findfp.o)
                0x000000000800de38                __sinit
 .text.__sfp    0x000000000800dea8       0x8c c:/st/stm32cubeide_1.10.1/stm32cubeide/plugins/com.st.stm32cube.ide.mcu.externaltools.gnu-tools-for-stm32.10.3-2021.10.win32_1.0.0.202111181127/tools/bin/../lib/gcc/arm-none-eabi/10.3.1/../../../../arm-none-eabi/lib/thumb/v7e-m+fp/hard\libc_nano.a(lib_a-findfp.o)
                0x000000000800dea8                __sfp
 .text._fwalk_reent
                0x000000000800df34       0x3e c:/st/stm32cubeide_1.10.1/stm32cubeide/plugins/com.st.stm32cube.ide.mcu.externaltools.gnu-tools-for-stm32.10.3-2021.10.win32_1.0.0.202111181127/tools/bin/../lib/gcc/arm-none-eabi/10.3.1/../../../../arm-none-eabi/lib/thumb/v7e-m+fp/hard\libc_nano.a(lib_a-fwalk.o)
                0x000000000800df34                _fwalk_reent
 *fill*         0x000000000800df72        0x2 
 .text._localeconv_r
                0x000000000800df74        0x8 c:/st/stm32cubeide_1.10.1/stm32cubeide/plugins/com.st.stm32cube.ide.mcu.externaltools.gnu-tools-for-stm32.10.3-2021.10.win32_1.0.0.202111181127/tools/bin/../lib/gcc/arm-none-eabi/10.3.1/../../../../arm-none-eabi/lib/thumb/v7e-m+fp/hard\libc_nano.a(lib_a-localeconv.o)
                0x000000000800df74                _localeconv_r
 .text.__retarget_lock_init_recursive
                0x000000000800df7c        0x2 c:/st/stm32cubeide_1.10.1/stm32cubeide/plugins/com.st.stm32cube.ide.mcu.externaltools.gnu-tools-for-stm32.10.3-2021.10.win32_1.0.0.202111181127/tools/bin/../lib/gcc/arm-none-eabi/10.3.1/../../../../arm-none-eabi/lib/thumb/v7e-m+fp/hard\libc_nano.a(lib_a-lock.o)
                0x000000000800df7c                __retarget_lock_init_recursive
 .text.__retarget_lock_acquire_recursive
                0x000000000800df7e        0x2 c:/st/stm32cubeide_1.10.1/stm32cubeide/plugins/com.st.stm32cube.ide.mcu.externaltools.gnu-tools-for-stm32.10.3-2021.10.win32_1.0.0.202111181127/tools/bin/../lib/gcc/arm-none-eabi/10.3.1/../../../../arm-none-eabi/lib/thumb/v7e-m+fp/hard\libc_nano.a(lib_a-lock.o)
                0x000000000800df7e                __retarget_lock_acquire_recursive
 .text.__retarget_lock_release_recursive
                0x000000000800df80        0x2 c:/st/stm32cubeide_1.10.1/stm32cubeide/plugins/com.st.stm32cube.ide.mcu.externaltools.gnu-tools-for-stm32.10.3-2021.10.win32_1.0.0.202111181127/tools/bin/../lib/gcc/arm-none-eabi/10.3.1/../../../../arm-none-eabi/lib/thumb/v7e-m+fp/hard\libc_nano.a(lib_a-lock.o)
                0x000000000800df80                __retarget_lock_release_recursive
 .text.__swhatbuf_r
                0x000000000800df82       0x4a c:/st/stm32cubeide_1.10.1/stm32cubeide/plugins/com.st.stm32cube.ide.mcu.externaltools.gnu-tools-for-stm32.10.3-2021.10.win32_1.0.0.202111181127/tools/bin/../lib/gcc/arm-none-eabi/10.3.1/../../../../arm-none-eabi/lib/thumb/v7e-m+fp/hard\libc_nano.a(lib_a-makebuf.o)
                0x000000000800df82                __swhatbuf_r
 .text.__smakebuf_r
                0x000000000800dfcc       0x80 c:/st/stm32cubeide_1.10.1/stm32cubeide/plugins/com.st.stm32cube.ide.mcu.externaltools.gnu-tools-for-stm32.10.3-2021.10.win32_1.0.0.202111181127/tools/bin/../lib/gcc/arm-none-eabi/10.3.1/../../../../arm-none-eabi/lib/thumb/v7e-m+fp/hard\libc_nano.a(lib_a-makebuf.o)
                0x000000000800dfcc                __smakebuf_r
 .text.malloc   0x000000000800e04c       0x10 c:/st/stm32cubeide_1.10.1/stm32cubeide/plugins/com.st.stm32cube.ide.mcu.externaltools.gnu-tools-for-stm32.10.3-2021.10.win32_1.0.0.202111181127/tools/bin/../lib/gcc/arm-none-eabi/10.3.1/../../../../arm-none-eabi/lib/thumb/v7e-m+fp/hard\libc_nano.a(lib_a-malloc.o)
                0x000000000800e04c                malloc
 .text.memcpy   0x000000000800e05c       0x1c c:/st/stm32cubeide_1.10.1/stm32cubeide/plugins/com.st.stm32cube.ide.mcu.externaltools.gnu-tools-for-stm32.10.3-2021.10.win32_1.0.0.202111181127/tools/bin/../lib/gcc/arm-none-eabi/10.3.1/../../../../arm-none-eabi/lib/thumb/v7e-m+fp/hard\libc_nano.a(lib_a-memcpy-stub.o)
                0x000000000800e05c                memcpy
 .text._Balloc  0x000000000800e078       0x80 c:/st/stm32cubeide_1.10.1/stm32cubeide/plugins/com.st.stm32cube.ide.mcu.externaltools.gnu-tools-for-stm32.10.3-2021.10.win32_1.0.0.202111181127/tools/bin/../lib/gcc/arm-none-eabi/10.3.1/../../../../arm-none-eabi/lib/thumb/v7e-m+fp/hard\libc_nano.a(lib_a-mprec.o)
                0x000000000800e078                _Balloc
 .text._Bfree   0x000000000800e0f8       0x44 c:/st/stm32cubeide_1.10.1/stm32cubeide/plugins/com.st.stm32cube.ide.mcu.externaltools.gnu-tools-for-stm32.10.3-2021.10.win32_1.0.0.202111181127/tools/bin/../lib/gcc/arm-none-eabi/10.3.1/../../../../arm-none-eabi/lib/thumb/v7e-m+fp/hard\libc_nano.a(lib_a-mprec.o)
                0x000000000800e0f8                _Bfree
 .text.__multadd
                0x000000000800e13c       0x8c c:/st/stm32cubeide_1.10.1/stm32cubeide/plugins/com.st.stm32cube.ide.mcu.externaltools.gnu-tools-for-stm32.10.3-2021.10.win32_1.0.0.202111181127/tools/bin/../lib/gcc/arm-none-eabi/10.3.1/../../../../arm-none-eabi/lib/thumb/v7e-m+fp/hard\libc_nano.a(lib_a-mprec.o)
                0x000000000800e13c                __multadd
 .text.__hi0bits
                0x000000000800e1c8       0x40 c:/st/stm32cubeide_1.10.1/stm32cubeide/plugins/com.st.stm32cube.ide.mcu.externaltools.gnu-tools-for-stm32.10.3-2021.10.win32_1.0.0.202111181127/tools/bin/../lib/gcc/arm-none-eabi/10.3.1/../../../../arm-none-eabi/lib/thumb/v7e-m+fp/hard\libc_nano.a(lib_a-mprec.o)
                0x000000000800e1c8                __hi0bits
 .text.__lo0bits
                0x000000000800e208       0x5e c:/st/stm32cubeide_1.10.1/stm32cubeide/plugins/com.st.stm32cube.ide.mcu.externaltools.gnu-tools-for-stm32.10.3-2021.10.win32_1.0.0.202111181127/tools/bin/../lib/gcc/arm-none-eabi/10.3.1/../../../../arm-none-eabi/lib/thumb/v7e-m+fp/hard\libc_nano.a(lib_a-mprec.o)
                0x000000000800e208                __lo0bits
 *fill*         0x000000000800e266        0x2 
 .text.__i2b    0x000000000800e268       0x2c c:/st/stm32cubeide_1.10.1/stm32cubeide/plugins/com.st.stm32cube.ide.mcu.externaltools.gnu-tools-for-stm32.10.3-2021.10.win32_1.0.0.202111181127/tools/bin/../lib/gcc/arm-none-eabi/10.3.1/../../../../arm-none-eabi/lib/thumb/v7e-m+fp/hard\libc_nano.a(lib_a-mprec.o)
                0x000000000800e268                __i2b
 .text.__multiply
                0x000000000800e294      0x154 c:/st/stm32cubeide_1.10.1/stm32cubeide/plugins/com.st.stm32cube.ide.mcu.externaltools.gnu-tools-for-stm32.10.3-2021.10.win32_1.0.0.202111181127/tools/bin/../lib/gcc/arm-none-eabi/10.3.1/../../../../arm-none-eabi/lib/thumb/v7e-m+fp/hard\libc_nano.a(lib_a-mprec.o)
                0x000000000800e294                __multiply
 .text.__pow5mult
                0x000000000800e3e8       0xb4 c:/st/stm32cubeide_1.10.1/stm32cubeide/plugins/com.st.stm32cube.ide.mcu.externaltools.gnu-tools-for-stm32.10.3-2021.10.win32_1.0.0.202111181127/tools/bin/../lib/gcc/arm-none-eabi/10.3.1/../../../../arm-none-eabi/lib/thumb/v7e-m+fp/hard\libc_nano.a(lib_a-mprec.o)
                0x000000000800e3e8                __pow5mult
 .text.__lshift
                0x000000000800e49c       0xe0 c:/st/stm32cubeide_1.10.1/stm32cubeide/plugins/com.st.stm32cube.ide.mcu.externaltools.gnu-tools-for-stm32.10.3-2021.10.win32_1.0.0.202111181127/tools/bin/../lib/gcc/arm-none-eabi/10.3.1/../../../../arm-none-eabi/lib/thumb/v7e-m+fp/hard\libc_nano.a(lib_a-mprec.o)
                0x000000000800e49c                __lshift
 .text.__mcmp   0x000000000800e57c       0x38 c:/st/stm32cubeide_1.10.1/stm32cubeide/plugins/com.st.stm32cube.ide.mcu.externaltools.gnu-tools-for-stm32.10.3-2021.10.win32_1.0.0.202111181127/tools/bin/../lib/gcc/arm-none-eabi/10.3.1/../../../../arm-none-eabi/lib/thumb/v7e-m+fp/hard\libc_nano.a(lib_a-mprec.o)
                0x000000000800e57c                __mcmp
 .text.__mdiff  0x000000000800e5b4      0x114 c:/st/stm32cubeide_1.10.1/stm32cubeide/plugins/com.st.stm32cube.ide.mcu.externaltools.gnu-tools-for-stm32.10.3-2021.10.win32_1.0.0.202111181127/tools/bin/../lib/gcc/arm-none-eabi/10.3.1/../../../../arm-none-eabi/lib/thumb/v7e-m+fp/hard\libc_nano.a(lib_a-mprec.o)
                0x000000000800e5b4                __mdiff
 .text.__d2b    0x000000000800e6c8       0xb8 c:/st/stm32cubeide_1.10.1/stm32cubeide/plugins/com.st.stm32cube.ide.mcu.externaltools.gnu-tools-for-stm32.10.3-2021.10.win32_1.0.0.202111181127/tools/bin/../lib/gcc/arm-none-eabi/10.3.1/../../../../arm-none-eabi/lib/thumb/v7e-m+fp/hard\libc_nano.a(lib_a-mprec.o)
                0x000000000800e6c8                __d2b
 .text._calloc_r
                0x000000000800e780       0x2c c:/st/stm32cubeide_1.10.1/stm32cubeide/plugins/com.st.stm32cube.ide.mcu.externaltools.gnu-tools-for-stm32.10.3-2021.10.win32_1.0.0.202111181127/tools/bin/../lib/gcc/arm-none-eabi/10.3.1/../../../../arm-none-eabi/lib/thumb/v7e-m+fp/hard\libc_nano.a(lib_a-nano-callocr.o)
                0x000000000800e780                _calloc_r
 .text._free_r  0x000000000800e7ac       0x98 c:/st/stm32cubeide_1.10.1/stm32cubeide/plugins/com.st.stm32cube.ide.mcu.externaltools.gnu-tools-for-stm32.10.3-2021.10.win32_1.0.0.202111181127/tools/bin/../lib/gcc/arm-none-eabi/10.3.1/../../../../arm-none-eabi/lib/thumb/v7e-m+fp/hard\libc_nano.a(lib_a-nano-freer.o)
                0x000000000800e7ac                _free_r
 .text.sbrk_aligned
                0x000000000800e844       0x40 c:/st/stm32cubeide_1.10.1/stm32cubeide/plugins/com.st.stm32cube.ide.mcu.externaltools.gnu-tools-for-stm32.10.3-2021.10.win32_1.0.0.202111181127/tools/bin/../lib/gcc/arm-none-eabi/10.3.1/../../../../arm-none-eabi/lib/thumb/v7e-m+fp/hard\libc_nano.a(lib_a-nano-mallocr.o)
 .text._malloc_r
                0x000000000800e884       0xe8 c:/st/stm32cubeide_1.10.1/stm32cubeide/plugins/com.st.stm32cube.ide.mcu.externaltools.gnu-tools-for-stm32.10.3-2021.10.win32_1.0.0.202111181127/tools/bin/../lib/gcc/arm-none-eabi/10.3.1/../../../../arm-none-eabi/lib/thumb/v7e-m+fp/hard\libc_nano.a(lib_a-nano-mallocr.o)
                0x000000000800e884                _malloc_r
 .text.__sfputc_r
                0x000000000800e96c       0x2e c:/st/stm32cubeide_1.10.1/stm32cubeide/plugins/com.st.stm32cube.ide.mcu.externaltools.gnu-tools-for-stm32.10.3-2021.10.win32_1.0.0.202111181127/tools/bin/../lib/gcc/arm-none-eabi/10.3.1/../../../../arm-none-eabi/lib/thumb/v7e-m+fp/hard\libc_nano.a(lib_a-nano-vfprintf.o)
 .text.__sfputs_r
                0x000000000800e99a       0x24 c:/st/stm32cubeide_1.10.1/stm32cubeide/plugins/com.st.stm32cube.ide.mcu.externaltools.gnu-tools-for-stm32.10.3-2021.10.win32_1.0.0.202111181127/tools/bin/../lib/gcc/arm-none-eabi/10.3.1/../../../../arm-none-eabi/lib/thumb/v7e-m+fp/hard\libc_nano.a(lib_a-nano-vfprintf.o)
                0x000000000800e99a                __sfputs_r
 *fill*         0x000000000800e9be        0x2 
 .text._vfprintf_r
                0x000000000800e9c0      0x260 c:/st/stm32cubeide_1.10.1/stm32cubeide/plugins/com.st.stm32cube.ide.mcu.externaltools.gnu-tools-for-stm32.10.3-2021.10.win32_1.0.0.202111181127/tools/bin/../lib/gcc/arm-none-eabi/10.3.1/../../../../arm-none-eabi/lib/thumb/v7e-m+fp/hard\libc_nano.a(lib_a-nano-vfprintf.o)
                0x000000000800e9c0                _vfprintf_r
                0x000000000800e9c0                _vfiprintf_r
 .text._sbrk_r  0x000000000800ec20       0x20 c:/st/stm32cubeide_1.10.1/stm32cubeide/plugins/com.st.stm32cube.ide.mcu.externaltools.gnu-tools-for-stm32.10.3-2021.10.win32_1.0.0.202111181127/tools/bin/../lib/gcc/arm-none-eabi/10.3.1/../../../../arm-none-eabi/lib/thumb/v7e-m+fp/hard\libc_nano.a(lib_a-sbrkr.o)
                0x000000000800ec20                _sbrk_r
 .text.__sread  0x000000000800ec40       0x22 c:/st/stm32cubeide_1.10.1/stm32cubeide/plugins/com.st.stm32cube.ide.mcu.externaltools.gnu-tools-for-stm32.10.3-2021.10.win32_1.0.0.202111181127/tools/bin/../lib/gcc/arm-none-eabi/10.3.1/../../../../arm-none-eabi/lib/thumb/v7e-m+fp/hard\libc_nano.a(lib_a-stdio.o)
                0x000000000800ec40                __sread
 .text.__swrite
                0x000000000800ec62       0x38 c:/st/stm32cubeide_1.10.1/stm32cubeide/plugins/com.st.stm32cube.ide.mcu.externaltools.gnu-tools-for-stm32.10.3-2021.10.win32_1.0.0.202111181127/tools/bin/../lib/gcc/arm-none-eabi/10.3.1/../../../../arm-none-eabi/lib/thumb/v7e-m+fp/hard\libc_nano.a(lib_a-stdio.o)
                0x000000000800ec62                __swrite
 .text.__sseek  0x000000000800ec9a       0x24 c:/st/stm32cubeide_1.10.1/stm32cubeide/plugins/com.st.stm32cube.ide.mcu.externaltools.gnu-tools-for-stm32.10.3-2021.10.win32_1.0.0.202111181127/tools/bin/../lib/gcc/arm-none-eabi/10.3.1/../../../../arm-none-eabi/lib/thumb/v7e-m+fp/hard\libc_nano.a(lib_a-stdio.o)
                0x000000000800ec9a                __sseek
 .text.__sclose
                0x000000000800ecbe        0x8 c:/st/stm32cubeide_1.10.1/stm32cubeide/plugins/com.st.stm32cube.ide.mcu.externaltools.gnu-tools-for-stm32.10.3-2021.10.win32_1.0.0.202111181127/tools/bin/../lib/gcc/arm-none-eabi/10.3.1/../../../../arm-none-eabi/lib/thumb/v7e-m+fp/hard\libc_nano.a(lib_a-stdio.o)
                0x000000000800ecbe                __sclose
 *fill*         0x000000000800ecc6        0x2 
 .text._write_r
                0x000000000800ecc8       0x24 c:/st/stm32cubeide_1.10.1/stm32cubeide/plugins/com.st.stm32cube.ide.mcu.externaltools.gnu-tools-for-stm32.10.3-2021.10.win32_1.0.0.202111181127/tools/bin/../lib/gcc/arm-none-eabi/10.3.1/../../../../arm-none-eabi/lib/thumb/v7e-m+fp/hard\libc_nano.a(lib_a-writer.o)
                0x000000000800ecc8                _write_r
 .text.__assert_func
                0x000000000800ecec       0x3c c:/st/stm32cubeide_1.10.1/stm32cubeide/plugins/com.st.stm32cube.ide.mcu.externaltools.gnu-tools-for-stm32.10.3-2021.10.win32_1.0.0.202111181127/tools/bin/../lib/gcc/arm-none-eabi/10.3.1/../../../../arm-none-eabi/lib/thumb/v7e-m+fp/hard\libc_nano.a(lib_a-assert.o)
                0x000000000800ecec                __assert_func
 .text._close_r
                0x000000000800ed28       0x20 c:/st/stm32cubeide_1.10.1/stm32cubeide/plugins/com.st.stm32cube.ide.mcu.externaltools.gnu-tools-for-stm32.10.3-2021.10.win32_1.0.0.202111181127/tools/bin/../lib/gcc/arm-none-eabi/10.3.1/../../../../arm-none-eabi/lib/thumb/v7e-m+fp/hard\libc_nano.a(lib_a-closer.o)
                0x000000000800ed28                _close_r
 .text.fprintf  0x000000000800ed48       0x24 c:/st/stm32cubeide_1.10.1/stm32cubeide/plugins/com.st.stm32cube.ide.mcu.externaltools.gnu-tools-for-stm32.10.3-2021.10.win32_1.0.0.202111181127/tools/bin/../lib/gcc/arm-none-eabi/10.3.1/../../../../arm-none-eabi/lib/thumb/v7e-m+fp/hard\libc_nano.a(lib_a-fprintf.o)
                0x000000000800ed48                fiprintf
                0x000000000800ed48                fprintf
 .text._fstat_r
                0x000000000800ed6c       0x24 c:/st/stm32cubeide_1.10.1/stm32cubeide/plugins/com.st.stm32cube.ide.mcu.externaltools.gnu-tools-for-stm32.10.3-2021.10.win32_1.0.0.202111181127/tools/bin/../lib/gcc/arm-none-eabi/10.3.1/../../../../arm-none-eabi/lib/thumb/v7e-m+fp/hard\libc_nano.a(lib_a-fstatr.o)
                0x000000000800ed6c                _fstat_r
 .text._isatty_r
                0x000000000800ed90       0x20 c:/st/stm32cubeide_1.10.1/stm32cubeide/plugins/com.st.stm32cube.ide.mcu.externaltools.gnu-tools-for-stm32.10.3-2021.10.win32_1.0.0.202111181127/tools/bin/../lib/gcc/arm-none-eabi/10.3.1/../../../../arm-none-eabi/lib/thumb/v7e-m+fp/hard\libc_nano.a(lib_a-isattyr.o)
                0x000000000800ed90                _isatty_r
 .text._lseek_r
                0x000000000800edb0       0x24 c:/st/stm32cubeide_1.10.1/stm32cubeide/plugins/com.st.stm32cube.ide.mcu.externaltools.gnu-tools-for-stm32.10.3-2021.10.win32_1.0.0.202111181127/tools/bin/../lib/gcc/arm-none-eabi/10.3.1/../../../../arm-none-eabi/lib/thumb/v7e-m+fp/hard\libc_nano.a(lib_a-lseekr.o)
                0x000000000800edb0                _lseek_r
 .text.__ascii_mbtowc
                0x000000000800edd4       0x24 c:/st/stm32cubeide_1.10.1/stm32cubeide/plugins/com.st.stm32cube.ide.mcu.externaltools.gnu-tools-for-stm32.10.3-2021.10.win32_1.0.0.202111181127/tools/bin/../lib/gcc/arm-none-eabi/10.3.1/../../../../arm-none-eabi/lib/thumb/v7e-m+fp/hard\libc_nano.a(lib_a-mbtowc_r.o)
                0x000000000800edd4                __ascii_mbtowc
 .text.__malloc_lock
                0x000000000800edf8        0xc c:/st/stm32cubeide_1.10.1/stm32cubeide/plugins/com.st.stm32cube.ide.mcu.externaltools.gnu-tools-for-stm32.10.3-2021.10.win32_1.0.0.202111181127/tools/bin/../lib/gcc/arm-none-eabi/10.3.1/../../../../arm-none-eabi/lib/thumb/v7e-m+fp/hard\libc_nano.a(lib_a-mlock.o)
                0x000000000800edf8                __malloc_lock
 .text.__malloc_unlock
                0x000000000800ee04        0xc c:/st/stm32cubeide_1.10.1/stm32cubeide/plugins/com.st.stm32cube.ide.mcu.externaltools.gnu-tools-for-stm32.10.3-2021.10.win32_1.0.0.202111181127/tools/bin/../lib/gcc/arm-none-eabi/10.3.1/../../../../arm-none-eabi/lib/thumb/v7e-m+fp/hard\libc_nano.a(lib_a-mlock.o)
                0x000000000800ee04                __malloc_unlock
 .text._read_r  0x000000000800ee10       0x24 c:/st/stm32cubeide_1.10.1/stm32cubeide/plugins/com.st.stm32cube.ide.mcu.externaltools.gnu-tools-for-stm32.10.3-2021.10.win32_1.0.0.202111181127/tools/bin/../lib/gcc/arm-none-eabi/10.3.1/../../../../arm-none-eabi/lib/thumb/v7e-m+fp/hard\libc_nano.a(lib_a-readr.o)
                0x000000000800ee10                _read_r
 .text.__ascii_wctomb
                0x000000000800ee34       0x1a c:/st/stm32cubeide_1.10.1/stm32cubeide/plugins/com.st.stm32cube.ide.mcu.externaltools.gnu-tools-for-stm32.10.3-2021.10.win32_1.0.0.202111181127/tools/bin/../lib/gcc/arm-none-eabi/10.3.1/../../../../arm-none-eabi/lib/thumb/v7e-m+fp/hard\libc_nano.a(lib_a-wctomb_r.o)
                0x000000000800ee34                __ascii_wctomb
 .text.abort    0x000000000800ee4e        0xe c:/st/stm32cubeide_1.10.1/stm32cubeide/plugins/com.st.stm32cube.ide.mcu.externaltools.gnu-tools-for-stm32.10.3-2021.10.win32_1.0.0.202111181127/tools/bin/../lib/gcc/arm-none-eabi/10.3.1/../../../../arm-none-eabi/lib/thumb/v7e-m+fp/hard\libc_nano.a(lib_a-abort.o)
                0x000000000800ee4e                abort
 .text._raise_r
                0x000000000800ee5c       0x50 c:/st/stm32cubeide_1.10.1/stm32cubeide/plugins/com.st.stm32cube.ide.mcu.externaltools.gnu-tools-for-stm32.10.3-2021.10.win32_1.0.0.202111181127/tools/bin/../lib/gcc/arm-none-eabi/10.3.1/../../../../arm-none-eabi/lib/thumb/v7e-m+fp/hard\libc_nano.a(lib_a-signal.o)
                0x000000000800ee5c                _raise_r
 .text.raise    0x000000000800eeac       0x10 c:/st/stm32cubeide_1.10.1/stm32cubeide/plugins/com.st.stm32cube.ide.mcu.externaltools.gnu-tools-for-stm32.10.3-2021.10.win32_1.0.0.202111181127/tools/bin/../lib/gcc/arm-none-eabi/10.3.1/../../../../arm-none-eabi/lib/thumb/v7e-m+fp/hard\libc_nano.a(lib_a-signal.o)
                0x000000000800eeac                raise
 .text._kill_r  0x000000000800eebc       0x24 c:/st/stm32cubeide_1.10.1/stm32cubeide/plugins/com.st.stm32cube.ide.mcu.externaltools.gnu-tools-for-stm32.10.3-2021.10.win32_1.0.0.202111181127/tools/bin/../lib/gcc/arm-none-eabi/10.3.1/../../../../arm-none-eabi/lib/thumb/v7e-m+fp/hard\libc_nano.a(lib_a-signalr.o)
                0x000000000800eebc                _kill_r
 .text._getpid_r
                0x000000000800eee0        0x4 c:/st/stm32cubeide_1.10.1/stm32cubeide/plugins/com.st.stm32cube.ide.mcu.externaltools.gnu-tools-for-stm32.10.3-2021.10.win32_1.0.0.202111181127/tools/bin/../lib/gcc/arm-none-eabi/10.3.1/../../../../arm-none-eabi/lib/thumb/v7e-m+fp/hard\libc_nano.a(lib_a-signalr.o)
                0x000000000800eee0                _getpid_r
 .text.asinf    0x000000000800eee4       0x58 c:/st/stm32cubeide_1.10.1/stm32cubeide/plugins/com.st.stm32cube.ide.mcu.externaltools.gnu-tools-for-stm32.10.3-2021.10.win32_1.0.0.202111181127/tools/bin/../lib/gcc/arm-none-eabi/10.3.1/../../../../arm-none-eabi/lib/thumb/v7e-m+fp/hard\libm.a(lib_a-wf_asin.o)
                0x000000000800eee4                asinf
 .text.atan2f   0x000000000800ef3c        0x4 c:/st/stm32cubeide_1.10.1/stm32cubeide/plugins/com.st.stm32cube.ide.mcu.externaltools.gnu-tools-for-stm32.10.3-2021.10.win32_1.0.0.202111181127/tools/bin/../lib/gcc/arm-none-eabi/10.3.1/../../../../arm-none-eabi/lib/thumb/v7e-m+fp/hard\libm.a(lib_a-wf_atan2.o)
                0x000000000800ef3c                atan2f
 .text.powf     0x000000000800ef40       0xae c:/st/stm32cubeide_1.10.1/stm32cubeide/plugins/com.st.stm32cube.ide.mcu.externaltools.gnu-tools-for-stm32.10.3-2021.10.win32_1.0.0.202111181127/tools/bin/../lib/gcc/arm-none-eabi/10.3.1/../../../../arm-none-eabi/lib/thumb/v7e-m+fp/hard\libm.a(lib_a-wf_pow.o)
                0x000000000800ef40                powf
 *fill*         0x000000000800efee        0x2 
 .text.__ieee754_asinf
                0x000000000800eff0      0x1cc c:/st/stm32cubeide_1.10.1/stm32cubeide/plugins/com.st.stm32cube.ide.mcu.externaltools.gnu-tools-for-stm32.10.3-2021.10.win32_1.0.0.202111181127/tools/bin/../lib/gcc/arm-none-eabi/10.3.1/../../../../arm-none-eabi/lib/thumb/v7e-m+fp/hard\libm.a(lib_a-ef_asin.o)
                0x000000000800eff0                __ieee754_asinf
 .text.__ieee754_atan2f
                0x000000000800f1bc      0x140 c:/st/stm32cubeide_1.10.1/stm32cubeide/plugins/com.st.stm32cube.ide.mcu.externaltools.gnu-tools-for-stm32.10.3-2021.10.win32_1.0.0.202111181127/tools/bin/../lib/gcc/arm-none-eabi/10.3.1/../../../../arm-none-eabi/lib/thumb/v7e-m+fp/hard\libm.a(lib_a-ef_atan2.o)
                0x000000000800f1bc                __ieee754_atan2f
 .text.__ieee754_powf
                0x000000000800f2fc      0x59c c:/st/stm32cubeide_1.10.1/stm32cubeide/plugins/com.st.stm32cube.ide.mcu.externaltools.gnu-tools-for-stm32.10.3-2021.10.win32_1.0.0.202111181127/tools/bin/../lib/gcc/arm-none-eabi/10.3.1/../../../../arm-none-eabi/lib/thumb/v7e-m+fp/hard\libm.a(lib_a-ef_pow.o)
                0x000000000800f2fc                __ieee754_powf
 .text.__ieee754_sqrtf
                0x000000000800f898        0x6 c:/st/stm32cubeide_1.10.1/stm32cubeide/plugins/com.st.stm32cube.ide.mcu.externaltools.gnu-tools-for-stm32.10.3-2021.10.win32_1.0.0.202111181127/tools/bin/../lib/gcc/arm-none-eabi/10.3.1/../../../../arm-none-eabi/lib/thumb/v7e-m+fp/hard\libm.a(lib_a-ef_sqrt.o)
                0x000000000800f898                __ieee754_sqrtf
 .text.with_errnof
                0x000000000800f89e       0x16 c:/st/stm32cubeide_1.10.1/stm32cubeide/plugins/com.st.stm32cube.ide.mcu.externaltools.gnu-tools-for-stm32.10.3-2021.10.win32_1.0.0.202111181127/tools/bin/../lib/gcc/arm-none-eabi/10.3.1/../../../../arm-none-eabi/lib/thumb/v7e-m+fp/hard\libm.a(lib_a-math_errf.o)