../Drivers/STM32F4xx_HAL_Driver/Inc/stm32f4xx_ll_tim.h:3063:22:LL_TIM_ClearFlag_UPDATE	16	static
../Drivers/STM32F4xx_HAL_Driver/Inc/stm32f4xx_ll_tim.h:3074:26:LL_TIM_IsActiveFlag_UPDATE	16	static
../Drivers/STM32F4xx_HAL_Driver/Inc/stm32f4xx_ll_usart.h:1791:26:LL_USART_IsActiveFlag_RXNE	16	static
../Drivers/STM32F4xx_HAL_Driver/Inc/stm32f4xx_ll_usart.h:1978:22:LL_USART_ClearFlag_RXNE	16	static
../Drivers/STM32F4xx_HAL_Driver/Inc/stm32f4xx_ll_usart.h:2402:25:LL_USART_ReceiveData8	16	static
../Src/stm32f4xx_it.c:91:6:NMI_Handler	4	static
../Src/stm32f4xx_it.c:104:6:HardFault_Handler	4	static
../Src/stm32f4xx_it.c:119:6:MemManage_Handler	4	static
../Src/stm32f4xx_it.c:134:6:BusFault_Handler	4	static
../Src/stm32f4xx_it.c:149:6:UsageFault_Handler	4	static
../Src/stm32f4xx_it.c:164:6:SVC_Handler	4	static
../Src/stm32f4xx_it.c:177:6:DebugMon_Handler	4	static
../Src/stm32f4xx_it.c:190:6:PendSV_Handler	4	static
../Src/stm32f4xx_it.c:203:6:SysTick_Handler	8	static
../Src/stm32f4xx_it.c:224:6:USART1_IRQHandler	8	static
../Src/stm32f4xx_it.c:238:6:UART4_IRQHandler	8	static
../Src/stm32f4xx_it.c:289:6:UART5_IRQHandler	8	static
../Src/stm32f4xx_it.c:340:6:TIM7_IRQHandler	8	static
../Src/stm32f4xx_it.c:388:6:DMA2_Stream0_IRQHandler	8	static
../Src/stm32f4xx_it.c:402:6:USART6_IRQHandler	8	static
