16:29:25 **** Incremental Build of configuration Debug for project 1-1. LED toggle with button ****
make -j8 all 
arm-none-eabi-gcc "../Core/Src/main.c" -mcpu=cortex-m4 -std=gnu11 -g3 -DDEBUG -DUSE_HAL_DRIVER -DSTM32F407xx -c -I../Core/Inc -I../Drivers/STM32F4xx_HAL_Driver/Inc -I../Drivers/STM32F4xx_HAL_Driver/Inc/Legacy -I../Drivers/CMSIS/Device/ST/STM32F4xx/Include -I../Drivers/CMSIS/Include -O0 -ffunction-sections -fdata-sections -Wall -fstack-usage -MMD -MP -MF"Core/Src/main.d" -MT"Core/Src/main.o" --specs=nano.specs -mfpu=fpv4-sp-d16 -mfloat-abi=hard -mthumb -o "Core/Src/main.o"
arm-none-eabi-gcc -o "1-1. LED toggle with button.elf" @"objects.list"   -mcpu=cortex-m4 -T"C:\Users\yeosu\STM32CubeIDE\workspace_1.10.1\M-HIVE_digital_clock_project\1-1. LED toggle with button\STM32F407VETX_FLASH.ld" --specs=nosys.specs -Wl,-Map="1-1. LED toggle with button.map" -Wl,--gc-sections -static --specs=nano.specs -mfpu=fpv4-sp-d16 -mfloat-abi=hard -mthumb -Wl,--start-group -lc -lm -Wl,--end-group
Finished building target: 1-1. LED toggle with button.elf
 
arm-none-eabi-size   1-1.\ LED\ toggle\ with\ button.elf 
arm-none-eabi-objdump -h -S  1-1.\ LED\ toggle\ with\ button.elf  > "1-1. LED toggle with button.list"
   text	   data	    bss	    dec	    hex	filename
   6648	     20	   1580	   8248	   2038	1-1. LED toggle with button.elf
Finished building: default.size.stdout
 
Finished building: 1-1. LED toggle with button.list
 

16:29:26 Build Finished. 0 errors, 0 warnings. (took 585ms)

