21:05:20 **** Incremental Build of configuration Debug for project 2. Stopwatch - 7-Seg display and button input ****
make -j8 all 
arm-none-eabi-gcc "../Core/Src/main.c" -mcpu=cortex-m4 -std=gnu11 -g3 -DDEBUG -DUSE_HAL_DRIVER -DSTM32F407xx -c -I../Core/Inc -I../Drivers/STM32F4xx_HAL_Driver/Inc -I../Drivers/STM32F4xx_HAL_Driver/Inc/Legacy -I../Drivers/CMSIS/Device/ST/STM32F4xx/Include -I../Drivers/CMSIS/Include -O0 -ffunction-sections -fdata-sections -Wall -fstack-usage -MMD -MP -MF"Core/Src/main.d" -MT"Core/Src/main.o" --specs=nano.specs -mfpu=fpv4-sp-d16 -mfloat-abi=hard -mthumb -o "Core/Src/main.o"
../Core/Src/main.c: In function 'main':
../Core/Src/main.c:127:4: warning: enumeration value 'Other' not handled in switch [-Wswitch]
  127 |    switch(mode) // ?””ì§??„¸ ?•Œ?žŒ?‹œê³„ì˜ ëª¨ë“œë¥? Swtich-Caseë¡? êµ¬ë¶„?•˜???‹¤.
      |    ^~~~~~
../Core/Src/main.c: In function 'HAL_TIM_PeriodElapsedCallback':
../Core/Src/main.c:212:4: warning: implicit declaration of function 'convert_stopwatch_time_format' [-Wimplicit-function-declaration]
  212 |    convert_stopwatch_time_format(); // Stopwatch?˜ 1msë¥? 1s, 1m, 1hë¡? ë³??™˜?•˜?Š” ?•¨?ˆ˜
      |    ^~~~~~~~~~~~~~~~~~~~~~~~~~~~~
../Core/Src/main.c: At top level:
../Core/Src/main.c:227:6: warning: conflicting types for 'convert_stopwatch_time_format'
  227 | void convert_stopwatch_time_format()
      |      ^~~~~~~~~~~~~~~~~~~~~~~~~~~~~
../Core/Src/main.c:212:4: note: previous implicit declaration of 'convert_stopwatch_time_format' was here
  212 |    convert_stopwatch_time_format(); // Stopwatch?˜ 1msë¥? 1s, 1m, 1hë¡? ë³??™˜?•˜?Š” ?•¨?ˆ˜
      |    ^~~~~~~~~~~~~~~~~~~~~~~~~~~~~
../Core/Src/main.c: In function 'HAL_GPIO_EXTI_Callback':
../Core/Src/main.c:259:3: warning: enumeration value 'Other' not handled in switch [-Wswitch]
  259 |   switch(mode)
      |   ^~~~~~
../Core/Src/main.c:272:3: warning: enumeration value 'Other' not handled in switch [-Wswitch]
  272 |   switch(mode)
      |   ^~~~~~
arm-none-eabi-gcc -o "2. Stopwatch - 7-Seg display and button input.elf" @"objects.list"   -mcpu=cortex-m4 -T"C:\Users\yeosu\STM32CubeIDE\workspace_1.10.1\M-HIVE_digital_clock_project\2. Stopwatch - 7-Seg display and button input\STM32F407VETX_FLASH.ld" --specs=nosys.specs -Wl,-Map="2. Stopwatch - 7-Seg display and button input.map" -Wl,--gc-sections -static --specs=nano.specs -mfpu=fpv4-sp-d16 -mfloat-abi=hard -mthumb -Wl,--start-group -lc -lm -Wl,--end-group
Finished building target: 2. Stopwatch - 7-Seg display and button input.elf
 
arm-none-eabi-size   2.\ Stopwatch\ -\ 7-Seg\ display\ and\ button\ input.elf 
arm-none-eabi-objdump -h -S  2.\ Stopwatch\ -\ 7-Seg\ display\ and\ button\ input.elf  > "2. Stopwatch - 7-Seg display and button input.list"
   text	   data	    bss	    dec	    hex	filename
  11436	     20	   1676	  13132	   334c	2. Stopwatch - 7-Seg display and button input.elf
Finished building: default.size.stdout
 
Finished building: 2. Stopwatch - 7-Seg display and button input.list
 

21:05:21 Build Finished. 0 errors, 5 warnings. (took 657ms)

