00:27:16 **** Incremental Build of configuration Debug for project 3. Stopwatch - CLCD display and lap timer ****
make -j8 all 
arm-none-eabi-gcc "../Core/Src/main.c" -mcpu=cortex-m4 -std=gnu11 -g3 -DDEBUG -DUSE_HAL_DRIVER -DSTM32F407xx -c -I../Core/Inc -I../Drivers/STM32F4xx_HAL_Driver/Inc -I../Drivers/STM32F4xx_HAL_Driver/Inc/Legacy -I../Drivers/CMSIS/Device/ST/STM32F4xx/Include -I../Drivers/CMSIS/Include -O0 -ffunction-sections -fdata-sections -Wall -fstack-usage -MMD -MP -MF"Core/Src/main.d" -MT"Core/Src/main.o" --specs=nano.specs -mfpu=fpv4-sp-d16 -mfloat-abi=hard -mthumb -o "Core/Src/main.o"
../Core/Src/main.c: In function 'main':
../Core/Src/main.c:135:4: warning: implicit declaration of function 'sprintf' [-Wimplicit-function-declaration]
  135 |    sprintf(clcd.str1, "STW %02d:%02d:%02d%c%03d",
      |    ^~~~~~~
../Core/Src/main.c:135:4: warning: incompatible implicit declaration of built-in function 'sprintf'
../Core/Src/main.c:30:1: note: include '<stdio.h>' or provide a declaration of 'sprintf'
   29 | #include "lap.h"
  +++ |+#include <stdio.h>
   30 | /* USER CODE END Includes */
../Core/Src/main.c:135:16: warning: pointer targets in passing argument 1 of 'sprintf' differ in signedness [-Wpointer-sign]
  135 |    sprintf(clcd.str1, "STW %02d:%02d:%02d%c%03d",
      |            ~~~~^~~~~
      |                |
      |                uint8_t * {aka unsigned char *}
../Core/Src/main.c:135:16: note: expected 'char *' but argument is of type 'uint8_t *' {aka 'unsigned char *'}
../Core/Src/main.c:135:31: warning: format '%d' expects argument of type 'int', but argument 3 has type 'uint32_t' {aka 'long unsigned int'} [-Wformat=]
  135 |    sprintf(clcd.str1, "STW %02d:%02d:%02d%c%03d",
      |                            ~~~^
      |                               |
      |                               int
      |                            %02ld
  136 |      stopwatch.time.hour,
      |      ~~~~~~~~~~~~~~~~~~~       
      |                    |
      |                    uint32_t {aka long unsigned int}
../Core/Src/main.c:135:36: warning: format '%d' expects argument of type 'int', but argument 4 has type 'uint32_t' {aka 'long unsigned int'} [-Wformat=]
  135 |    sprintf(clcd.str1, "STW %02d:%02d:%02d%c%03d",
      |                                 ~~~^
      |                                    |
      |                                    int
      |                                 %02ld
  136 |      stopwatch.time.hour,
  137 |      stopwatch.time.minute,
      |      ~~~~~~~~~~~~~~~~~~~~~          
      |                    |
      |                    uint32_t {aka long unsigned int}
../Core/Src/main.c:135:41: warning: format '%d' expects argument of type 'int', but argument 5 has type 'uint32_t' {aka 'long unsigned int'} [-Wformat=]
  135 |    sprintf(clcd.str1, "STW %02d:%02d:%02d%c%03d",
      |                                      ~~~^
      |                                         |
      |                                         int
      |                                      %02ld
......
  138 |      stopwatch.time.second,
      |      ~~~~~~~~~~~~~~~~~~~~~               
      |                    |
      |                    uint32_t {aka long unsigned int}
../Core/Src/main.c:135:47: warning: format '%d' expects argument of type 'int', but argument 7 has type 'uint32_t' {aka 'long unsigned int'} [-Wformat=]
  135 |    sprintf(clcd.str1, "STW %02d:%02d:%02d%c%03d",
      |                                            ~~~^
      |                                               |
      |                                               int
      |                                            %03ld
......
  140 |      stopwatch.time.milisecond);
      |      ~~~~~~~~~~~~~~~~~~~~~~~~~                 
      |                    |
      |                    uint32_t {aka long unsigned int}
../Core/Src/main.c:144:4: warning: enumeration value 'READY' not handled in switch [-Wswitch]
  144 |    switch(lap.state)
      |    ^~~~~~
arm-none-eabi-gcc -o "3. Stopwatch - CLCD display and lap timer.elf" @"objects.list"   -mcpu=cortex-m4 -T"C:\Users\yeosu\STM32CubeIDE\workspace_1.10.1\M-HIVE_digital_clock_project\3. Stopwatch - CLCD display and lap timer\STM32F407VETX_FLASH.ld" --specs=nosys.specs -Wl,-Map="3. Stopwatch - CLCD display and lap timer.map" -Wl,--gc-sections -static --specs=nano.specs -mfpu=fpv4-sp-d16 -mfloat-abi=hard -mthumb -Wl,--start-group -lc -lm -Wl,--end-group
Finished building target: 3. Stopwatch - CLCD display and lap timer.elf
 
arm-none-eabi-size   3.\ Stopwatch\ -\ CLCD\ display\ and\ lap\ timer.elf 
arm-none-eabi-objdump -h -S  3.\ Stopwatch\ -\ CLCD\ display\ and\ lap\ timer.elf  > "3. Stopwatch - CLCD display and lap timer.list"
   text	   data	    bss	    dec	    hex	filename
  16080	    144	   1856	  18080	   46a0	3. Stopwatch - CLCD display and lap timer.elf
Finished building: default.size.stdout
 
Finished building: 3. Stopwatch - CLCD display and lap timer.list
 

00:27:17 Build Finished. 0 errors, 8 warnings. (took 801ms)

