00:41:13 **** Build of configuration Debug for project 1-1. LED toggle with button ****
make -j8 all 
arm-none-eabi-gcc "../Drivers/STM32F4xx_HAL_Driver/Src/stm32f4xx_hal.c" -mcpu=cortex-m4 -std=gnu11 -g3 -DDEBUG -DUSE_HAL_DRIVER -DSTM32F407xx -c -I../Core/Inc -I../Drivers/STM32F4xx_HAL_Driver/Inc -I../Drivers/STM32F4xx_HAL_Driver/Inc/Legacy -I../Drivers/CMSIS/Device/ST/STM32F4xx/Include -I../Drivers/CMSIS/Include -O0 -ffunction-sections -fdata-sections -Wall -fstack-usage -MMD -MP -MF"Drivers/STM32F4xx_HAL_Driver/Src/stm32f4xx_hal.d" -MT"Drivers/STM32F4xx_HAL_Driver/Src/stm32f4xx_hal.o" --specs=nano.specs -mfpu=fpv4-sp-d16 -mfloat-abi=hard -mthumb -o "Drivers/STM32F4xx_HAL_Driver/Src/stm32f4xx_hal.o"
arm-none-eabi-gcc "../Drivers/STM32F4xx_HAL_Driver/Src/stm32f4xx_hal_cortex.c" -mcpu=cortex-m4 -std=gnu11 -g3 -DDEBUG -DUSE_HAL_DRIVER -DSTM32F407xx -c -I../Core/Inc -I../Drivers/STM32F4xx_HAL_Driver/Inc -I../Drivers/STM32F4xx_HAL_Driver/Inc/Legacy -I../Drivers/CMSIS/Device/ST/STM32F4xx/Include -I../Drivers/CMSIS/Include -O0 -ffunction-sections -fdata-sections -Wall -fstack-usage -MMD -MP -MF"Drivers/STM32F4xx_HAL_Driver/Src/stm32f4xx_hal_cortex.d" -MT"Drivers/STM32F4xx_HAL_Driver/Src/stm32f4xx_hal_cortex.o" --specs=nano.specs -mfpu=fpv4-sp-d16 -mfloat-abi=hard -mthumb -o "Drivers/STM32F4xx_HAL_Driver/Src/stm32f4xx_hal_cortex.o"
arm-none-eabi-gcc "../Drivers/STM32F4xx_HAL_Driver/Src/stm32f4xx_hal_dma.c" -mcpu=cortex-m4 -std=gnu11 -g3 -DDEBUG -DUSE_HAL_DRIVER -DSTM32F407xx -c -I../Core/Inc -I../Drivers/STM32F4xx_HAL_Driver/Inc -I../Drivers/STM32F4xx_HAL_Driver/Inc/Legacy -I../Drivers/CMSIS/Device/ST/STM32F4xx/Include -I../Drivers/CMSIS/Include -O0 -ffunction-sections -fdata-sections -Wall -fstack-usage -MMD -MP -MF"Drivers/STM32F4xx_HAL_Driver/Src/stm32f4xx_hal_dma.d" -MT"Drivers/STM32F4xx_HAL_Driver/Src/stm32f4xx_hal_dma.o" --specs=nano.specs -mfpu=fpv4-sp-d16 -mfloat-abi=hard -mthumb -o "Drivers/STM32F4xx_HAL_Driver/Src/stm32f4xx_hal_dma.o"
arm-none-eabi-gcc "../Drivers/STM32F4xx_HAL_Driver/Src/stm32f4xx_hal_dma_ex.c" -mcpu=cortex-m4 -std=gnu11 -g3 -DDEBUG -DUSE_HAL_DRIVER -DSTM32F407xx -c -I../Core/Inc -I../Drivers/STM32F4xx_HAL_Driver/Inc -I../Drivers/STM32F4xx_HAL_Driver/Inc/Legacy -I../Drivers/CMSIS/Device/ST/STM32F4xx/Include -I../Drivers/CMSIS/Include -O0 -ffunction-sections -fdata-sections -Wall -fstack-usage -MMD -MP -MF"Drivers/STM32F4xx_HAL_Driver/Src/stm32f4xx_hal_dma_ex.d" -MT"Drivers/STM32F4xx_HAL_Driver/Src/stm32f4xx_hal_dma_ex.o" --specs=nano.specs -mfpu=fpv4-sp-d16 -mfloat-abi=hard -mthumb -o "Drivers/STM32F4xx_HAL_Driver/Src/stm32f4xx_hal_dma_ex.o"
arm-none-eabi-gcc "../Drivers/STM32F4xx_HAL_Driver/Src/stm32f4xx_hal_exti.c" -mcpu=cortex-m4 -std=gnu11 -g3 -DDEBUG -DUSE_HAL_DRIVER -DSTM32F407xx -c -I../Core/Inc -I../Drivers/STM32F4xx_HAL_Driver/Inc -I../Drivers/STM32F4xx_HAL_Driver/Inc/Legacy -I../Drivers/CMSIS/Device/ST/STM32F4xx/Include -I../Drivers/CMSIS/Include -O0 -ffunction-sections -fdata-sections -Wall -fstack-usage -MMD -MP -MF"Drivers/STM32F4xx_HAL_Driver/Src/stm32f4xx_hal_exti.d" -MT"Drivers/STM32F4xx_HAL_Driver/Src/stm32f4xx_hal_exti.o" --specs=nano.specs -mfpu=fpv4-sp-d16 -mfloat-abi=hard -mthumb -o "Drivers/STM32F4xx_HAL_Driver/Src/stm32f4xx_hal_exti.o"
arm-none-eabi-gcc "../Drivers/STM32F4xx_HAL_Driver/Src/stm32f4xx_hal_flash.c" -mcpu=cortex-m4 -std=gnu11 -g3 -DDEBUG -DUSE_HAL_DRIVER -DSTM32F407xx -c -I../Core/Inc -I../Drivers/STM32F4xx_HAL_Driver/Inc -I../Drivers/STM32F4xx_HAL_Driver/Inc/Legacy -I../Drivers/CMSIS/Device/ST/STM32F4xx/Include -I../Drivers/CMSIS/Include -O0 -ffunction-sections -fdata-sections -Wall -fstack-usage -MMD -MP -MF"Drivers/STM32F4xx_HAL_Driver/Src/stm32f4xx_hal_flash.d" -MT"Drivers/STM32F4xx_HAL_Driver/Src/stm32f4xx_hal_flash.o" --specs=nano.specs -mfpu=fpv4-sp-d16 -mfloat-abi=hard -mthumb -o "Drivers/STM32F4xx_HAL_Driver/Src/stm32f4xx_hal_flash.o"
arm-none-eabi-gcc "../Drivers/STM32F4xx_HAL_Driver/Src/stm32f4xx_hal_flash_ex.c" -mcpu=cortex-m4 -std=gnu11 -g3 -DDEBUG -DUSE_HAL_DRIVER -DSTM32F407xx -c -I../Core/Inc -I../Drivers/STM32F4xx_HAL_Driver/Inc -I../Drivers/STM32F4xx_HAL_Driver/Inc/Legacy -I../Drivers/CMSIS/Device/ST/STM32F4xx/Include -I../Drivers/CMSIS/Include -O0 -ffunction-sections -fdata-sections -Wall -fstack-usage -MMD -MP -MF"Drivers/STM32F4xx_HAL_Driver/Src/stm32f4xx_hal_flash_ex.d" -MT"Drivers/STM32F4xx_HAL_Driver/Src/stm32f4xx_hal_flash_ex.o" --specs=nano.specs -mfpu=fpv4-sp-d16 -mfloat-abi=hard -mthumb -o "Drivers/STM32F4xx_HAL_Driver/Src/stm32f4xx_hal_flash_ex.o"
arm-none-eabi-gcc "../Drivers/STM32F4xx_HAL_Driver/Src/stm32f4xx_hal_flash_ramfunc.c" -mcpu=cortex-m4 -std=gnu11 -g3 -DDEBUG -DUSE_HAL_DRIVER -DSTM32F407xx -c -I../Core/Inc -I../Drivers/STM32F4xx_HAL_Driver/Inc -I../Drivers/STM32F4xx_HAL_Driver/Inc/Legacy -I../Drivers/CMSIS/Device/ST/STM32F4xx/Include -I../Drivers/CMSIS/Include -O0 -ffunction-sections -fdata-sections -Wall -fstack-usage -MMD -MP -MF"Drivers/STM32F4xx_HAL_Driver/Src/stm32f4xx_hal_flash_ramfunc.d" -MT"Drivers/STM32F4xx_HAL_Driver/Src/stm32f4xx_hal_flash_ramfunc.o" --specs=nano.specs -mfpu=fpv4-sp-d16 -mfloat-abi=hard -mthumb -o "Drivers/STM32F4xx_HAL_Driver/Src/stm32f4xx_hal_flash_ramfunc.o"
arm-none-eabi-gcc "../Drivers/STM32F4xx_HAL_Driver/Src/stm32f4xx_hal_gpio.c" -mcpu=cortex-m4 -std=gnu11 -g3 -DDEBUG -DUSE_HAL_DRIVER -DSTM32F407xx -c -I../Core/Inc -I../Drivers/STM32F4xx_HAL_Driver/Inc -I../Drivers/STM32F4xx_HAL_Driver/Inc/Legacy -I../Drivers/CMSIS/Device/ST/STM32F4xx/Include -I../Drivers/CMSIS/Include -O0 -ffunction-sections -fdata-sections -Wall -fstack-usage -MMD -MP -MF"Drivers/STM32F4xx_HAL_Driver/Src/stm32f4xx_hal_gpio.d" -MT"Drivers/STM32F4xx_HAL_Driver/Src/stm32f4xx_hal_gpio.o" --specs=nano.specs -mfpu=fpv4-sp-d16 -mfloat-abi=hard -mthumb -o "Drivers/STM32F4xx_HAL_Driver/Src/stm32f4xx_hal_gpio.o"
arm-none-eabi-gcc "../Drivers/STM32F4xx_HAL_Driver/Src/stm32f4xx_hal_pwr.c" -mcpu=cortex-m4 -std=gnu11 -g3 -DDEBUG -DUSE_HAL_DRIVER -DSTM32F407xx -c -I../Core/Inc -I../Drivers/STM32F4xx_HAL_Driver/Inc -I../Drivers/STM32F4xx_HAL_Driver/Inc/Legacy -I../Drivers/CMSIS/Device/ST/STM32F4xx/Include -I../Drivers/CMSIS/Include -O0 -ffunction-sections -fdata-sections -Wall -fstack-usage -MMD -MP -MF"Drivers/STM32F4xx_HAL_Driver/Src/stm32f4xx_hal_pwr.d" -MT"Drivers/STM32F4xx_HAL_Driver/Src/stm32f4xx_hal_pwr.o" --specs=nano.specs -mfpu=fpv4-sp-d16 -mfloat-abi=hard -mthumb -o "Drivers/STM32F4xx_HAL_Driver/Src/stm32f4xx_hal_pwr.o"
arm-none-eabi-gcc "../Drivers/STM32F4xx_HAL_Driver/Src/stm32f4xx_hal_pwr_ex.c" -mcpu=cortex-m4 -std=gnu11 -g3 -DDEBUG -DUSE_HAL_DRIVER -DSTM32F407xx -c -I../Core/Inc -I../Drivers/STM32F4xx_HAL_Driver/Inc -I../Drivers/STM32F4xx_HAL_Driver/Inc/Legacy -I../Drivers/CMSIS/Device/ST/STM32F4xx/Include -I../Drivers/CMSIS/Include -O0 -ffunction-sections -fdata-sections -Wall -fstack-usage -MMD -MP -MF"Drivers/STM32F4xx_HAL_Driver/Src/stm32f4xx_hal_pwr_ex.d" -MT"Drivers/STM32F4xx_HAL_Driver/Src/stm32f4xx_hal_pwr_ex.o" --specs=nano.specs -mfpu=fpv4-sp-d16 -mfloat-abi=hard -mthumb -o "Drivers/STM32F4xx_HAL_Driver/Src/stm32f4xx_hal_pwr_ex.o"
arm-none-eabi-gcc "../Drivers/STM32F4xx_HAL_Driver/Src/stm32f4xx_hal_rcc.c" -mcpu=cortex-m4 -std=gnu11 -g3 -DDEBUG -DUSE_HAL_DRIVER -DSTM32F407xx -c -I../Core/Inc -I../Drivers/STM32F4xx_HAL_Driver/Inc -I../Drivers/STM32F4xx_HAL_Driver/Inc/Legacy -I../Drivers/CMSIS/Device/ST/STM32F4xx/Include -I../Drivers/CMSIS/Include -O0 -ffunction-sections -fdata-sections -Wall -fstack-usage -MMD -MP -MF"Drivers/STM32F4xx_HAL_Driver/Src/stm32f4xx_hal_rcc.d" -MT"Drivers/STM32F4xx_HAL_Driver/Src/stm32f4xx_hal_rcc.o" --specs=nano.specs -mfpu=fpv4-sp-d16 -mfloat-abi=hard -mthumb -o "Drivers/STM32F4xx_HAL_Driver/Src/stm32f4xx_hal_rcc.o"
arm-none-eabi-gcc "../Drivers/STM32F4xx_HAL_Driver/Src/stm32f4xx_hal_rcc_ex.c" -mcpu=cortex-m4 -std=gnu11 -g3 -DDEBUG -DUSE_HAL_DRIVER -DSTM32F407xx -c -I../Core/Inc -I../Drivers/STM32F4xx_HAL_Driver/Inc -I../Drivers/STM32F4xx_HAL_Driver/Inc/Legacy -I../Drivers/CMSIS/Device/ST/STM32F4xx/Include -I../Drivers/CMSIS/Include -O0 -ffunction-sections -fdata-sections -Wall -fstack-usage -MMD -MP -MF"Drivers/STM32F4xx_HAL_Driver/Src/stm32f4xx_hal_rcc_ex.d" -MT"Drivers/STM32F4xx_HAL_Driver/Src/stm32f4xx_hal_rcc_ex.o" --specs=nano.specs -mfpu=fpv4-sp-d16 -mfloat-abi=hard -mthumb -o "Drivers/STM32F4xx_HAL_Driver/Src/stm32f4xx_hal_rcc_ex.o"
arm-none-eabi-gcc -mcpu=cortex-m4 -g3 -DDEBUG -c -x assembler-with-cpp -MMD -MP -MF"Core/Startup/startup_stm32f407vetx.d" -MT"Core/Startup/startup_stm32f407vetx.o" --specs=nano.specs -mfpu=fpv4-sp-d16 -mfloat-abi=hard -mthumb -o "Core/Startup/startup_stm32f407vetx.o" "../Core/Startup/startup_stm32f407vetx.s"
arm-none-eabi-gcc "../Core/Src/gpio.c" -mcpu=cortex-m4 -std=gnu11 -g3 -DDEBUG -DUSE_HAL_DRIVER -DSTM32F407xx -c -I../Core/Inc -I../Drivers/STM32F4xx_HAL_Driver/Inc -I../Drivers/STM32F4xx_HAL_Driver/Inc/Legacy -I../Drivers/CMSIS/Device/ST/STM32F4xx/Include -I../Drivers/CMSIS/Include -O0 -ffunction-sections -fdata-sections -Wall -fstack-usage -MMD -MP -MF"Core/Src/gpio.d" -MT"Core/Src/gpio.o" --specs=nano.specs -mfpu=fpv4-sp-d16 -mfloat-abi=hard -mthumb -o "Core/Src/gpio.o"
arm-none-eabi-gcc "../Core/Src/main.c" -mcpu=cortex-m4 -std=gnu11 -g3 -DDEBUG -DUSE_HAL_DRIVER -DSTM32F407xx -c -I../Core/Inc -I../Drivers/STM32F4xx_HAL_Driver/Inc -I../Drivers/STM32F4xx_HAL_Driver/Inc/Legacy -I../Drivers/CMSIS/Device/ST/STM32F4xx/Include -I../Drivers/CMSIS/Include -O0 -ffunction-sections -fdata-sections -Wall -fstack-usage -MMD -MP -MF"Core/Src/main.d" -MT"Core/Src/main.o" --specs=nano.specs -mfpu=fpv4-sp-d16 -mfloat-abi=hard -mthumb -o "Core/Src/main.o"
arm-none-eabi-gcc "../Core/Src/stm32f4xx_hal_msp.c" -mcpu=cortex-m4 -std=gnu11 -g3 -DDEBUG -DUSE_HAL_DRIVER -DSTM32F407xx -c -I../Core/Inc -I../Drivers/STM32F4xx_HAL_Driver/Inc -I../Drivers/STM32F4xx_HAL_Driver/Inc/Legacy -I../Drivers/CMSIS/Device/ST/STM32F4xx/Include -I../Drivers/CMSIS/Include -O0 -ffunction-sections -fdata-sections -Wall -fstack-usage -MMD -MP -MF"Core/Src/stm32f4xx_hal_msp.d" -MT"Core/Src/stm32f4xx_hal_msp.o" --specs=nano.specs -mfpu=fpv4-sp-d16 -mfloat-abi=hard -mthumb -o "Core/Src/stm32f4xx_hal_msp.o"
arm-none-eabi-gcc "../Core/Src/stm32f4xx_it.c" -mcpu=cortex-m4 -std=gnu11 -g3 -DDEBUG -DUSE_HAL_DRIVER -DSTM32F407xx -c -I../Core/Inc -I../Drivers/STM32F4xx_HAL_Driver/Inc -I../Drivers/STM32F4xx_HAL_Driver/Inc/Legacy -I../Drivers/CMSIS/Device/ST/STM32F4xx/Include -I../Drivers/CMSIS/Include -O0 -ffunction-sections -fdata-sections -Wall -fstack-usage -MMD -MP -MF"Core/Src/stm32f4xx_it.d" -MT"Core/Src/stm32f4xx_it.o" --specs=nano.specs -mfpu=fpv4-sp-d16 -mfloat-abi=hard -mthumb -o "Core/Src/stm32f4xx_it.o"
arm-none-eabi-gcc "../Core/Src/syscalls.c" -mcpu=cortex-m4 -std=gnu11 -g3 -DDEBUG -DUSE_HAL_DRIVER -DSTM32F407xx -c -I../Core/Inc -I../Drivers/STM32F4xx_HAL_Driver/Inc -I../Drivers/STM32F4xx_HAL_Driver/Inc/Legacy -I../Drivers/CMSIS/Device/ST/STM32F4xx/Include -I../Drivers/CMSIS/Include -O0 -ffunction-sections -fdata-sections -Wall -fstack-usage -MMD -MP -MF"Core/Src/syscalls.d" -MT"Core/Src/syscalls.o" --specs=nano.specs -mfpu=fpv4-sp-d16 -mfloat-abi=hard -mthumb -o "Core/Src/syscalls.o"
arm-none-eabi-gcc "../Core/Src/sysmem.c" -mcpu=cortex-m4 -std=gnu11 -g3 -DDEBUG -DUSE_HAL_DRIVER -DSTM32F407xx -c -I../Core/Inc -I../Drivers/STM32F4xx_HAL_Driver/Inc -I../Drivers/STM32F4xx_HAL_Driver/Inc/Legacy -I../Drivers/CMSIS/Device/ST/STM32F4xx/Include -I../Drivers/CMSIS/Include -O0 -ffunction-sections -fdata-sections -Wall -fstack-usage -MMD -MP -MF"Core/Src/sysmem.d" -MT"Core/Src/sysmem.o" --specs=nano.specs -mfpu=fpv4-sp-d16 -mfloat-abi=hard -mthumb -o "Core/Src/sysmem.o"
arm-none-eabi-gcc "../Core/Src/system_stm32f4xx.c" -mcpu=cortex-m4 -std=gnu11 -g3 -DDEBUG -DUSE_HAL_DRIVER -DSTM32F407xx -c -I../Core/Inc -I../Drivers/STM32F4xx_HAL_Driver/Inc -I../Drivers/STM32F4xx_HAL_Driver/Inc/Legacy -I../Drivers/CMSIS/Device/ST/STM32F4xx/Include -I../Drivers/CMSIS/Include -O0 -ffunction-sections -fdata-sections -Wall -fstack-usage -MMD -MP -MF"Core/Src/system_stm32f4xx.d" -MT"Core/Src/system_stm32f4xx.o" --specs=nano.specs -mfpu=fpv4-sp-d16 -mfloat-abi=hard -mthumb -o "Core/Src/system_stm32f4xx.o"
arm-none-eabi-gcc -o "1-1. LED toggle with button.elf" @"objects.list"   -mcpu=cortex-m4 -T"C:\Users\yeosu\STM32CubeIDE\workspace_1.10.1\M-HIVE_digital_clock_project\1-1. LED toggle with button\STM32F407VETX_FLASH.ld" --specs=nosys.specs -Wl,-Map="1-1. LED toggle with button.map" -Wl,--gc-sections -static --specs=nano.specs -mfpu=fpv4-sp-d16 -mfloat-abi=hard -mthumb -Wl,--start-group -lc -lm -Wl,--end-group
Finished building target: 1-1. LED toggle with button.elf
 
arm-none-eabi-size   1-1.\ LED\ toggle\ with\ button.elf 
arm-none-eabi-objdump -h -S  1-1.\ LED\ toggle\ with\ button.elf  > "1-1. LED toggle with button.list"
   text	   data	    bss	    dec	    hex	filename
   6212	     20	   1572	   7804	   1e7c	1-1. LED toggle with button.elf
Finished building: default.size.stdout
 
Finished building: 1-1. LED toggle with button.list
 
00:41:23 **** Incremental Build of configuration Debug for project 1-1. LED toggle with button ****
make -j8 all 
arm-none-eabi-size   1-1.\ LED\ toggle\ with\ button.elf 
   text	   data	    bss	    dec	    hex	filename
   6212	     20	   1572	   7804	   1e7c	1-1. LED toggle with button.elf
Finished building: default.size.stdout
 
00:51:46 **** Incremental Build of configuration Debug for project 1-1. LED toggle with button ****
make -j8 all 
arm-none-eabi-size   1-1.\ LED\ toggle\ with\ button.elf 
   text	   data	    bss	    dec	    hex	filename
   6212	     20	   1572	   7804	   1e7c	1-1. LED toggle with button.elf
Finished building: default.size.stdout
 
00:52:26 **** Incremental Build of configuration Debug for project 1-1. LED toggle with button ****
make -j8 all 
arm-none-eabi-gcc "../Core/Src/main.c" -mcpu=cortex-m4 -std=gnu11 -g3 -DDEBUG -DUSE_HAL_DRIVER -DSTM32F407xx -c -I../Core/Inc -I../Drivers/STM32F4xx_HAL_Driver/Inc -I../Drivers/STM32F4xx_HAL_Driver/Inc/Legacy -I../Drivers/CMSIS/Device/ST/STM32F4xx/Include -I../Drivers/CMSIS/Include -O0 -ffunction-sections -fdata-sections -Wall -fstack-usage -MMD -MP -MF"Core/Src/main.d" -MT"Core/Src/main.o" --specs=nano.specs -mfpu=fpv4-sp-d16 -mfloat-abi=hard -mthumb -o "Core/Src/main.o"
arm-none-eabi-gcc -o "1-1. LED toggle with button.elf" @"objects.list"   -mcpu=cortex-m4 -T"C:\Users\yeosu\STM32CubeIDE\workspace_1.10.1\M-HIVE_digital_clock_project\1-1. LED toggle with button\STM32F407VETX_FLASH.ld" --specs=nosys.specs -Wl,-Map="1-1. LED toggle with button.map" -Wl,--gc-sections -static --specs=nano.specs -mfpu=fpv4-sp-d16 -mfloat-abi=hard -mthumb -Wl,--start-group -lc -lm -Wl,--end-group
Finished building target: 1-1. LED toggle with button.elf
 
arm-none-eabi-size   1-1.\ LED\ toggle\ with\ button.elf 
arm-none-eabi-objdump -h -S  1-1.\ LED\ toggle\ with\ button.elf  > "1-1. LED toggle with button.list"
   text	   data	    bss	    dec	    hex	filename
   6180	     20	   1572	   7772	   1e5c	1-1. LED toggle with button.elf
Finished building: default.size.stdout
 
Finished building: 1-1. LED toggle with button.list
 
01:10:10 **** Incremental Build of configuration Debug for project 1-1. LED toggle with button ****
make -j8 all 
arm-none-eabi-gcc "../Core/Src/main.c" -mcpu=cortex-m4 -std=gnu11 -g3 -DDEBUG -DUSE_HAL_DRIVER -DSTM32F407xx -c -I../Core/Inc -I../Drivers/STM32F4xx_HAL_Driver/Inc -I../Drivers/STM32F4xx_HAL_Driver/Inc/Legacy -I../Drivers/CMSIS/Device/ST/STM32F4xx/Include -I../Drivers/CMSIS/Include -O0 -ffunction-sections -fdata-sections -Wall -fstack-usage -MMD -MP -MF"Core/Src/main.d" -MT"Core/Src/main.o" --specs=nano.specs -mfpu=fpv4-sp-d16 -mfloat-abi=hard -mthumb -o "Core/Src/main.o"
../Core/Src/main.c: In function 'main':
../Core/Src/main.c:102:7: warning: unused variable 'blue' [-Wunused-variable]
  102 |   int blue = 0;
      |       ^~~~
../Core/Src/main.c:101:7: warning: unused variable 'green' [-Wunused-variable]
  101 |   int green = 0;
      |       ^~~~~
arm-none-eabi-gcc -o "1-1. LED toggle with button.elf" @"objects.list"   -mcpu=cortex-m4 -T"C:\Users\yeosu\STM32CubeIDE\workspace_1.10.1\M-HIVE_digital_clock_project\1-1. LED toggle with button\STM32F407VETX_FLASH.ld" --specs=nosys.specs -Wl,-Map="1-1. LED toggle with button.map" -Wl,--gc-sections -static --specs=nano.specs -mfpu=fpv4-sp-d16 -mfloat-abi=hard -mthumb -Wl,--start-group -lc -lm -Wl,--end-group
Finished building target: 1-1. LED toggle with button.elf
 
arm-none-eabi-size   1-1.\ LED\ toggle\ with\ button.elf 
arm-none-eabi-objdump -h -S  1-1.\ LED\ toggle\ with\ button.elf  > "1-1. LED toggle with button.list"
   text	   data	    bss	    dec	    hex	filename
   6332	     20	   1572	   7924	   1ef4	1-1. LED toggle with button.elf
Finished building: default.size.stdout
 
Finished building: 1-1. LED toggle with button.list
 
00:10:41 **** Incremental Build of configuration Debug for project 1-1. LED toggle with button ****
make -j8 all 
arm-none-eabi-gcc "../Core/Src/main.c" -mcpu=cortex-m4 -std=gnu11 -g3 -DDEBUG -DUSE_HAL_DRIVER -DSTM32F407xx -c -I../Core/Inc -I../Drivers/STM32F4xx_HAL_Driver/Inc -I../Drivers/STM32F4xx_HAL_Driver/Inc/Legacy -I../Drivers/CMSIS/Device/ST/STM32F4xx/Include -I../Drivers/CMSIS/Include -O0 -ffunction-sections -fdata-sections -Wall -fstack-usage -MMD -MP -MF"Core/Src/main.d" -MT"Core/Src/main.o" --specs=nano.specs -mfpu=fpv4-sp-d16 -mfloat-abi=hard -mthumb -o "Core/Src/main.o"
arm-none-eabi-gcc -o "1-1. LED toggle with button.elf" @"objects.list"   -mcpu=cortex-m4 -T"C:\Users\yeosu\STM32CubeIDE\workspace_1.10.1\M-HIVE_digital_clock_project\1-1. LED toggle with button\STM32F407VETX_FLASH.ld" --specs=nosys.specs -Wl,-Map="1-1. LED toggle with button.map" -Wl,--gc-sections -static --specs=nano.specs -mfpu=fpv4-sp-d16 -mfloat-abi=hard -mthumb -Wl,--start-group -lc -lm -Wl,--end-group
Finished building target: 1-1. LED toggle with button.elf
 
arm-none-eabi-size   1-1.\ LED\ toggle\ with\ button.elf 
arm-none-eabi-objdump -h -S  1-1.\ LED\ toggle\ with\ button.elf  > "1-1. LED toggle with button.list"
   text	   data	    bss	    dec	    hex	filename
   6324	     20	   1572	   7916	   1eec	1-1. LED toggle with button.elf
Finished building: default.size.stdout
 
Finished building: 1-1. LED toggle with button.list
 
00:11:51 **** Incremental Build of configuration Debug for project 1-1. LED toggle with button ****
make -j8 all 
arm-none-eabi-gcc "../Core/Src/main.c" -mcpu=cortex-m4 -std=gnu11 -g3 -DDEBUG -DUSE_HAL_DRIVER -DSTM32F407xx -c -I../Core/Inc -I../Drivers/STM32F4xx_HAL_Driver/Inc -I../Drivers/STM32F4xx_HAL_Driver/Inc/Legacy -I../Drivers/CMSIS/Device/ST/STM32F4xx/Include -I../Drivers/CMSIS/Include -O0 -ffunction-sections -fdata-sections -Wall -fstack-usage -MMD -MP -MF"Core/Src/main.d" -MT"Core/Src/main.o" --specs=nano.specs -mfpu=fpv4-sp-d16 -mfloat-abi=hard -mthumb -o "Core/Src/main.o"
arm-none-eabi-gcc -o "1-1. LED toggle with button.elf" @"objects.list"   -mcpu=cortex-m4 -T"C:\Users\yeosu\STM32CubeIDE\workspace_1.10.1\M-HIVE_digital_clock_project\1-1. LED toggle with button\STM32F407VETX_FLASH.ld" --specs=nosys.specs -Wl,-Map="1-1. LED toggle with button.map" -Wl,--gc-sections -static --specs=nano.specs -mfpu=fpv4-sp-d16 -mfloat-abi=hard -mthumb -Wl,--start-group -lc -lm -Wl,--end-group
Finished building target: 1-1. LED toggle with button.elf
 
arm-none-eabi-size   1-1.\ LED\ toggle\ with\ button.elf 
arm-none-eabi-objdump -h -S  1-1.\ LED\ toggle\ with\ button.elf  > "1-1. LED toggle with button.list"
   text	   data	    bss	    dec	    hex	filename
   6324	     20	   1572	   7916	   1eec	1-1. LED toggle with button.elf
Finished building: default.size.stdout
 
Finished building: 1-1. LED toggle with button.list
 
00:13:48 **** Incremental Build of configuration Debug for project 1-1. LED toggle with button ****
make -j8 all 
arm-none-eabi-gcc "../Core/Src/main.c" -mcpu=cortex-m4 -std=gnu11 -g3 -DDEBUG -DUSE_HAL_DRIVER -DSTM32F407xx -c -I../Core/Inc -I../Drivers/STM32F4xx_HAL_Driver/Inc -I../Drivers/STM32F4xx_HAL_Driver/Inc/Legacy -I../Drivers/CMSIS/Device/ST/STM32F4xx/Include -I../Drivers/CMSIS/Include -O0 -ffunction-sections -fdata-sections -Wall -fstack-usage -MMD -MP -MF"Core/Src/main.d" -MT"Core/Src/main.o" --specs=nano.specs -mfpu=fpv4-sp-d16 -mfloat-abi=hard -mthumb -o "Core/Src/main.o"
arm-none-eabi-gcc -o "1-1. LED toggle with button.elf" @"objects.list"   -mcpu=cortex-m4 -T"C:\Users\yeosu\STM32CubeIDE\workspace_1.10.1\M-HIVE_digital_clock_project\1-1. LED toggle with button\STM32F407VETX_FLASH.ld" --specs=nosys.specs -Wl,-Map="1-1. LED toggle with button.map" -Wl,--gc-sections -static --specs=nano.specs -mfpu=fpv4-sp-d16 -mfloat-abi=hard -mthumb -Wl,--start-group -lc -lm -Wl,--end-group
Finished building target: 1-1. LED toggle with button.elf
 
arm-none-eabi-size   1-1.\ LED\ toggle\ with\ button.elf 
arm-none-eabi-objdump -h -S  1-1.\ LED\ toggle\ with\ button.elf  > "1-1. LED toggle with button.list"
   text	   data	    bss	    dec	    hex	filename
   6328	     20	   1572	   7920	   1ef0	1-1. LED toggle with button.elf
Finished building: default.size.stdout
 
Finished building: 1-1. LED toggle with button.list
 
00:15:53 **** Incremental Build of configuration Debug for project 1-1. LED toggle with button ****
make -j8 all 
arm-none-eabi-gcc "../Core/Src/main.c" -mcpu=cortex-m4 -std=gnu11 -g3 -DDEBUG -DUSE_HAL_DRIVER -DSTM32F407xx -c -I../Core/Inc -I../Drivers/STM32F4xx_HAL_Driver/Inc -I../Drivers/STM32F4xx_HAL_Driver/Inc/Legacy -I../Drivers/CMSIS/Device/ST/STM32F4xx/Include -I../Drivers/CMSIS/Include -O0 -ffunction-sections -fdata-sections -Wall -fstack-usage -MMD -MP -MF"Core/Src/main.d" -MT"Core/Src/main.o" --specs=nano.specs -mfpu=fpv4-sp-d16 -mfloat-abi=hard -mthumb -o "Core/Src/main.o"
arm-none-eabi-gcc -o "1-1. LED toggle with button.elf" @"objects.list"   -mcpu=cortex-m4 -T"C:\Users\yeosu\STM32CubeIDE\workspace_1.10.1\M-HIVE_digital_clock_project\1-1. LED toggle with button\STM32F407VETX_FLASH.ld" --specs=nosys.specs -Wl,-Map="1-1. LED toggle with button.map" -Wl,--gc-sections -static --specs=nano.specs -mfpu=fpv4-sp-d16 -mfloat-abi=hard -mthumb -Wl,--start-group -lc -lm -Wl,--end-group
Finished building target: 1-1. LED toggle with button.elf
 
arm-none-eabi-size   1-1.\ LED\ toggle\ with\ button.elf 
arm-none-eabi-objdump -h -S  1-1.\ LED\ toggle\ with\ button.elf  > "1-1. LED toggle with button.list"
   text	   data	    bss	    dec	    hex	filename
   6328	     20	   1572	   7920	   1ef0	1-1. LED toggle with button.elf
Finished building: default.size.stdout
 
Finished building: 1-1. LED toggle with button.list
 
00:23:01 **** Incremental Build of configuration Debug for project 1-1. LED toggle with button ****
make -j8 all 
arm-none-eabi-gcc "../Core/Src/main.c" -mcpu=cortex-m4 -std=gnu11 -g3 -DDEBUG -DUSE_HAL_DRIVER -DSTM32F407xx -c -I../Core/Inc -I../Drivers/STM32F4xx_HAL_Driver/Inc -I../Drivers/STM32F4xx_HAL_Driver/Inc/Legacy -I../Drivers/CMSIS/Device/ST/STM32F4xx/Include -I../Drivers/CMSIS/Include -O0 -ffunction-sections -fdata-sections -Wall -fstack-usage -MMD -MP -MF"Core/Src/main.d" -MT"Core/Src/main.o" --specs=nano.specs -mfpu=fpv4-sp-d16 -mfloat-abi=hard -mthumb -o "Core/Src/main.o"
arm-none-eabi-gcc -o "1-1. LED toggle with button.elf" @"objects.list"   -mcpu=cortex-m4 -T"C:\Users\yeosu\STM32CubeIDE\workspace_1.10.1\M-HIVE_digital_clock_project\1-1. LED toggle with button\STM32F407VETX_FLASH.ld" --specs=nosys.specs -Wl,-Map="1-1. LED toggle with button.map" -Wl,--gc-sections -static --specs=nano.specs -mfpu=fpv4-sp-d16 -mfloat-abi=hard -mthumb -Wl,--start-group -lc -lm -Wl,--end-group
Finished building target: 1-1. LED toggle with button.elf
 
arm-none-eabi-size   1-1.\ LED\ toggle\ with\ button.elf 
arm-none-eabi-objdump -h -S  1-1.\ LED\ toggle\ with\ button.elf  > "1-1. LED toggle with button.list"
   text	   data	    bss	    dec	    hex	filename
   6332	     20	   1572	   7924	   1ef4	1-1. LED toggle with button.elf
Finished building: default.size.stdout
 
Finished building: 1-1. LED toggle with button.list
 
00:37:07 **** Incremental Build of configuration Debug for project 1-1. LED toggle with button ****
make -j8 all 
arm-none-eabi-gcc "../Core/Src/main.c" -mcpu=cortex-m4 -std=gnu11 -g3 -DDEBUG -DUSE_HAL_DRIVER -DSTM32F407xx -c -I../Core/Inc -I../Drivers/STM32F4xx_HAL_Driver/Inc -I../Drivers/STM32F4xx_HAL_Driver/Inc/Legacy -I../Drivers/CMSIS/Device/ST/STM32F4xx/Include -I../Drivers/CMSIS/Include -O0 -ffunction-sections -fdata-sections -Wall -fstack-usage -MMD -MP -MF"Core/Src/main.d" -MT"Core/Src/main.o" --specs=nano.specs -mfpu=fpv4-sp-d16 -mfloat-abi=hard -mthumb -o "Core/Src/main.o"
arm-none-eabi-gcc -o "1-1. LED toggle with button.elf" @"objects.list"   -mcpu=cortex-m4 -T"C:\Users\yeosu\STM32CubeIDE\workspace_1.10.1\M-HIVE_digital_clock_project\1-1. LED toggle with button\STM32F407VETX_FLASH.ld" --specs=nosys.specs -Wl,-Map="1-1. LED toggle with button.map" -Wl,--gc-sections -static --specs=nano.specs -mfpu=fpv4-sp-d16 -mfloat-abi=hard -mthumb -Wl,--start-group -lc -lm -Wl,--end-group
Finished building target: 1-1. LED toggle with button.elf
 
arm-none-eabi-size   1-1.\ LED\ toggle\ with\ button.elf 
arm-none-eabi-objdump -h -S  1-1.\ LED\ toggle\ with\ button.elf  > "1-1. LED toggle with button.list"
   text	   data	    bss	    dec	    hex	filename
   6364	     20	   1572	   7956	   1f14	1-1. LED toggle with button.elf
Finished building: default.size.stdout
 
Finished building: 1-1. LED toggle with button.list
 
00:37:32 **** Incremental Build of configuration Debug for project 1-1. LED toggle with button ****
make -j8 all 
arm-none-eabi-gcc "../Core/Src/main.c" -mcpu=cortex-m4 -std=gnu11 -g3 -DDEBUG -DUSE_HAL_DRIVER -DSTM32F407xx -c -I../Core/Inc -I../Drivers/STM32F4xx_HAL_Driver/Inc -I../Drivers/STM32F4xx_HAL_Driver/Inc/Legacy -I../Drivers/CMSIS/Device/ST/STM32F4xx/Include -I../Drivers/CMSIS/Include -O0 -ffunction-sections -fdata-sections -Wall -fstack-usage -MMD -MP -MF"Core/Src/main.d" -MT"Core/Src/main.o" --specs=nano.specs -mfpu=fpv4-sp-d16 -mfloat-abi=hard -mthumb -o "Core/Src/main.o"
arm-none-eabi-gcc -o "1-1. LED toggle with button.elf" @"objects.list"   -mcpu=cortex-m4 -T"C:\Users\yeosu\STM32CubeIDE\workspace_1.10.1\M-HIVE_digital_clock_project\1-1. LED toggle with button\STM32F407VETX_FLASH.ld" --specs=nosys.specs -Wl,-Map="1-1. LED toggle with button.map" -Wl,--gc-sections -static --specs=nano.specs -mfpu=fpv4-sp-d16 -mfloat-abi=hard -mthumb -Wl,--start-group -lc -lm -Wl,--end-group
Finished building target: 1-1. LED toggle with button.elf
 
arm-none-eabi-size   1-1.\ LED\ toggle\ with\ button.elf 
arm-none-eabi-objdump -h -S  1-1.\ LED\ toggle\ with\ button.elf  > "1-1. LED toggle with button.list"
   text	   data	    bss	    dec	    hex	filename
   6364	     20	   1572	   7956	   1f14	1-1. LED toggle with button.elf
Finished building: default.size.stdout
 
Finished building: 1-1. LED toggle with button.list
 
00:39:09 **** Incremental Build of configuration Debug for project 1-1. LED toggle with button ****
make -j8 all 
arm-none-eabi-gcc "../Core/Src/main.c" -mcpu=cortex-m4 -std=gnu11 -g3 -DDEBUG -DUSE_HAL_DRIVER -DSTM32F407xx -c -I../Core/Inc -I../Drivers/STM32F4xx_HAL_Driver/Inc -I../Drivers/STM32F4xx_HAL_Driver/Inc/Legacy -I../Drivers/CMSIS/Device/ST/STM32F4xx/Include -I../Drivers/CMSIS/Include -O0 -ffunction-sections -fdata-sections -Wall -fstack-usage -MMD -MP -MF"Core/Src/main.d" -MT"Core/Src/main.o" --specs=nano.specs -mfpu=fpv4-sp-d16 -mfloat-abi=hard -mthumb -o "Core/Src/main.o"
../Core/Src/main.c: In function 'main':
../Core/Src/main.c:103:7: warning: unused variable 'SW1_released' [-Wunused-variable]
  103 |   int SW1_released = TRUE;
      |       ^~~~~~~~~~~~
arm-none-eabi-gcc -o "1-1. LED toggle with button.elf" @"objects.list"   -mcpu=cortex-m4 -T"C:\Users\yeosu\STM32CubeIDE\workspace_1.10.1\M-HIVE_digital_clock_project\1-1. LED toggle with button\STM32F407VETX_FLASH.ld" --specs=nosys.specs -Wl,-Map="1-1. LED toggle with button.map" -Wl,--gc-sections -static --specs=nano.specs -mfpu=fpv4-sp-d16 -mfloat-abi=hard -mthumb -Wl,--start-group -lc -lm -Wl,--end-group
Finished building target: 1-1. LED toggle with button.elf
 
arm-none-eabi-size   1-1.\ LED\ toggle\ with\ button.elf 
arm-none-eabi-objdump -h -S  1-1.\ LED\ toggle\ with\ button.elf  > "1-1. LED toggle with button.list"
   text	   data	    bss	    dec	    hex	filename
   6356	     20	   1572	   7948	   1f0c	1-1. LED toggle with button.elf
Finished building: default.size.stdout
 
Finished building: 1-1. LED toggle with button.list
 
00:54:37 **** Incremental Build of configuration Debug for project 1-1. LED toggle with button ****
make -j8 all 
arm-none-eabi-gcc "../Core/Src/main.c" -mcpu=cortex-m4 -std=gnu11 -g3 -DDEBUG -DUSE_HAL_DRIVER -DSTM32F407xx -c -I../Core/Inc -I../Drivers/STM32F4xx_HAL_Driver/Inc -I../Drivers/STM32F4xx_HAL_Driver/Inc/Legacy -I../Drivers/CMSIS/Device/ST/STM32F4xx/Include -I../Drivers/CMSIS/Include -O0 -ffunction-sections -fdata-sections -Wall -fstack-usage -MMD -MP -MF"Core/Src/main.d" -MT"Core/Src/main.o" --specs=nano.specs -mfpu=fpv4-sp-d16 -mfloat-abi=hard -mthumb -o "Core/Src/main.o"
arm-none-eabi-gcc -o "1-1. LED toggle with button.elf" @"objects.list"   -mcpu=cortex-m4 -T"C:\Users\yeosu\STM32CubeIDE\workspace_1.10.1\M-HIVE_digital_clock_project\1-1. LED toggle with button\STM32F407VETX_FLASH.ld" --specs=nosys.specs -Wl,-Map="1-1. LED toggle with button.map" -Wl,--gc-sections -static --specs=nano.specs -mfpu=fpv4-sp-d16 -mfloat-abi=hard -mthumb -Wl,--start-group -lc -lm -Wl,--end-group
Finished building target: 1-1. LED toggle with button.elf
 
arm-none-eabi-size   1-1.\ LED\ toggle\ with\ button.elf 
arm-none-eabi-objdump -h -S  1-1.\ LED\ toggle\ with\ button.elf  > "1-1. LED toggle with button.list"
   text	   data	    bss	    dec	    hex	filename
   6352	     20	   1572	   7944	   1f08	1-1. LED toggle with button.elf
Finished building: default.size.stdout
 
Finished building: 1-1. LED toggle with button.list
 
01:02:49 **** Incremental Build of configuration Debug for project 1-1. LED toggle with button ****
make -j8 all 
arm-none-eabi-gcc "../Core/Src/main.c" -mcpu=cortex-m4 -std=gnu11 -g3 -DDEBUG -DUSE_HAL_DRIVER -DSTM32F407xx -c -I../Core/Inc -I../Drivers/STM32F4xx_HAL_Driver/Inc -I../Drivers/STM32F4xx_HAL_Driver/Inc/Legacy -I../Drivers/CMSIS/Device/ST/STM32F4xx/Include -I../Drivers/CMSIS/Include -O0 -ffunction-sections -fdata-sections -Wall -fstack-usage -MMD -MP -MF"Core/Src/main.d" -MT"Core/Src/main.o" --specs=nano.specs -mfpu=fpv4-sp-d16 -mfloat-abi=hard -mthumb -o "Core/Src/main.o"
../Core/Src/main.c: In function 'main':
../Core/Src/main.c:103:57: warning: suggest parentheses around comparison in operand of '==' [-Wparentheses]
  103 | #define SW1_PRESSED HAL_GPIO_ReadPin(GPIOE, GPIO_PIN_3) == GPIO_PIN_SET
      |                     ~~~~~~~~~~~~~~~~~~~~~~~~~~~~~~~~~~~~^~~~~~~~~~~~~~~
../Core/Src/main.c:124:5: note: in expansion of macro 'SW1_PRESSED'
  124 |  if(SW1_PRESSED == TRUE)
      |     ^~~~~~~~~~~
../Core/Src/main.c:103:57: warning: suggest parentheses around comparison in operand of '==' [-Wparentheses]
  103 | #define SW1_PRESSED HAL_GPIO_ReadPin(GPIOE, GPIO_PIN_3) == GPIO_PIN_SET
      |                     ~~~~~~~~~~~~~~~~~~~~~~~~~~~~~~~~~~~~^~~~~~~~~~~~~~~
../Core/Src/main.c:136:10: note: in expansion of macro 'SW1_PRESSED'
  136 |  else if(SW1_PRESSED == FALSE)
      |          ^~~~~~~~~~~
arm-none-eabi-gcc -o "1-1. LED toggle with button.elf" @"objects.list"   -mcpu=cortex-m4 -T"C:\Users\yeosu\STM32CubeIDE\workspace_1.10.1\M-HIVE_digital_clock_project\1-1. LED toggle with button\STM32F407VETX_FLASH.ld" --specs=nosys.specs -Wl,-Map="1-1. LED toggle with button.map" -Wl,--gc-sections -static --specs=nano.specs -mfpu=fpv4-sp-d16 -mfloat-abi=hard -mthumb -Wl,--start-group -lc -lm -Wl,--end-group
Finished building target: 1-1. LED toggle with button.elf
 
arm-none-eabi-size   1-1.\ LED\ toggle\ with\ button.elf 
arm-none-eabi-objdump -h -S  1-1.\ LED\ toggle\ with\ button.elf  > "1-1. LED toggle with button.list"
   text	   data	    bss	    dec	    hex	filename
   6352	     20	   1572	   7944	   1f08	1-1. LED toggle with button.elf
Finished building: default.size.stdout
 
Finished building: 1-1. LED toggle with button.list
 
01:26:44 **** Incremental Build of configuration Debug for project 1-1. LED toggle with button ****
make -j8 all 
arm-none-eabi-gcc "../Core/Src/main.c" -mcpu=cortex-m4 -std=gnu11 -g3 -DDEBUG -DUSE_HAL_DRIVER -DSTM32F407xx -c -I../Core/Inc -I../Drivers/STM32F4xx_HAL_Driver/Inc -I../Drivers/STM32F4xx_HAL_Driver/Inc/Legacy -I../Drivers/CMSIS/Device/ST/STM32F4xx/Include -I../Drivers/CMSIS/Include -O0 -ffunction-sections -fdata-sections -Wall -fstack-usage -MMD -MP -MF"Core/Src/main.d" -MT"Core/Src/main.o" --specs=nano.specs -mfpu=fpv4-sp-d16 -mfloat-abi=hard -mthumb -o "Core/Src/main.o"
../Core/Src/main.c: In function 'main':
../Core/Src/main.c:106:63: warning: suggest parentheses around comparison in operand of '==' [-Wparentheses]
  106 | #define IS_SW1_PRESSING() HAL_GPIO_ReadPin(GPIOE, GPIO_PIN_3) == GPIO_PIN_SET
      |                           ~~~~~~~~~~~~~~~~~~~~~~~~~~~~~~~~~~~~^~~~~~~~~~~~~~~
../Core/Src/main.c:143:5: note: in expansion of macro 'IS_SW1_PRESSING'
  143 |  if(IS_SW1_PRESSING() == TRUE && SW1_pressed == FALSE)
      |     ^~~~~~~~~~~~~~~
../Core/Src/main.c:106:63: warning: suggest parentheses around comparison in operand of '==' [-Wparentheses]
  106 | #define IS_SW1_PRESSING() HAL_GPIO_ReadPin(GPIOE, GPIO_PIN_3) == GPIO_PIN_SET
      |                           ~~~~~~~~~~~~~~~~~~~~~~~~~~~~~~~~~~~~^~~~~~~~~~~~~~~
../Core/Src/main.c:152:5: note: in expansion of macro 'IS_SW1_PRESSING'
  152 |  if(IS_SW1_PRESSING() == FALSE && SW1_pressed == TRUE)
      |     ^~~~~~~~~~~~~~~
../Core/Src/main.c:159:4: warning: implicit declaration of function 'RIHGT_LED_RED_RESET'; did you mean 'RIGHT_LED_RED_RESET'? [-Wimplicit-function-declaration]
  159 |    RIHGT_LED_RED_RESET();
      |    ^~~~~~~~~~~~~~~~~~~
      |    RIGHT_LED_RED_RESET
../Core/Src/main.c:107:64: warning: suggest parentheses around comparison in operand of '==' [-Wparentheses]
  107 | #define IS_SW2_PRESSING() HAL_GPIO_ReadPin(GPIOC, GPIO_PIN_15) == GPIO_PIN_SET
      |                           ~~~~~~~~~~~~~~~~~~~~~~~~~~~~~~~~~~~~~^~~~~~~~~~~~~~~
../Core/Src/main.c:163:5: note: in expansion of macro 'IS_SW2_PRESSING'
  163 |  if(IS_SW2_PRESSING() == TRUE && SW2_pressed == FALSE)
      |     ^~~~~~~~~~~~~~~
../Core/Src/main.c:107:64: warning: suggest parentheses around comparison in operand of '==' [-Wparentheses]
  107 | #define IS_SW2_PRESSING() HAL_GPIO_ReadPin(GPIOC, GPIO_PIN_15) == GPIO_PIN_SET
      |                           ~~~~~~~~~~~~~~~~~~~~~~~~~~~~~~~~~~~~~^~~~~~~~~~~~~~~
../Core/Src/main.c:172:5: note: in expansion of macro 'IS_SW2_PRESSING'
  172 |  if(IS_SW2_PRESSING() == FALSE && SW2_pressed == TRUE)
      |     ^~~~~~~~~~~~~~~
../Core/Src/main.c:179:4: warning: implicit declaration of function 'RIHGT_LED_GREEN_RESET'; did you mean 'RIGHT_LED_GREEN_RESET'? [-Wimplicit-function-declaration]
  179 |    RIHGT_LED_GREEN_RESET();
      |    ^~~~~~~~~~~~~~~~~~~~~
      |    RIGHT_LED_GREEN_RESET
../Core/Src/main.c:108:63: warning: suggest parentheses around comparison in operand of '==' [-Wparentheses]
  108 | #define IS_SW3_PRESSING() HAL_GPIO_ReadPin(GPIOD, GPIO_PIN_4) == GPIO_PIN_SET
      |                           ~~~~~~~~~~~~~~~~~~~~~~~~~~~~~~~~~~~~^~~~~~~~~~~~~~~
../Core/Src/main.c:183:5: note: in expansion of macro 'IS_SW3_PRESSING'
  183 |  if(IS_SW3_PRESSING() == TRUE && SW3_pressed == FALSE)
      |     ^~~~~~~~~~~~~~~
../Core/Src/main.c:108:63: warning: suggest parentheses around comparison in operand of '==' [-Wparentheses]
  108 | #define IS_SW3_PRESSING() HAL_GPIO_ReadPin(GPIOD, GPIO_PIN_4) == GPIO_PIN_SET
      |                           ~~~~~~~~~~~~~~~~~~~~~~~~~~~~~~~~~~~~^~~~~~~~~~~~~~~
../Core/Src/main.c:192:5: note: in expansion of macro 'IS_SW3_PRESSING'
  192 |  if(IS_SW3_PRESSING() == FALSE && SW3_pressed == TRUE)
      |     ^~~~~~~~~~~~~~~
../Core/Src/main.c:197:4: warning: implicit declaration of function 'RIGHT_LED_BLUE_SET'; did you mean 'RIHGT_LED_BLUE_SET'? [-Wimplicit-function-declaration]
  197 |    RIGHT_LED_BLUE_SET();
      |    ^~~~~~~~~~~~~~~~~~
      |    RIHGT_LED_BLUE_SET
arm-none-eabi-gcc -o "1-1. LED toggle with button.elf" @"objects.list"   -mcpu=cortex-m4 -T"C:\Users\yeosu\STM32CubeIDE\workspace_1.10.1\M-HIVE_digital_clock_project\1-1. LED toggle with button\STM32F407VETX_FLASH.ld" --specs=nosys.specs -Wl,-Map="1-1. LED toggle with button.map" -Wl,--gc-sections -static --specs=nano.specs -mfpu=fpv4-sp-d16 -mfloat-abi=hard -mthumb -Wl,--start-group -lc -lm -Wl,--end-group
c:\st\stm32cubeide_1.10.1\stm32cubeide\plugins\com.st.stm32cube.ide.mcu.externaltools.gnu-tools-for-stm32.10.3-2021.10.win32_1.0.0.202111181127\tools\arm-none-eabi\bin\ld.exe: ./Core/Src/main.o: in function `main':
C:/Users/yeosu/STM32CubeIDE/workspace_1.10.1/M-HIVE_digital_clock_project/1-1. LED toggle with button/Debug/../Core/Src/main.c:159: undefined reference to `RIHGT_LED_RED_RESET'
c:\st\stm32cubeide_1.10.1\stm32cubeide\plugins\com.st.stm32cube.ide.mcu.externaltools.gnu-tools-for-stm32.10.3-2021.10.win32_1.0.0.202111181127\tools\arm-none-eabi\bin\ld.exe: C:/Users/yeosu/STM32CubeIDE/workspace_1.10.1/M-HIVE_digital_clock_project/1-1. LED toggle with button/Debug/../Core/Src/main.c:179: undefined reference to `RIHGT_LED_GREEN_RESET'
c:\st\stm32cubeide_1.10.1\stm32cubeide\plugins\com.st.stm32cube.ide.mcu.externaltools.gnu-tools-for-stm32.10.3-2021.10.win32_1.0.0.202111181127\tools\arm-none-eabi\bin\ld.exe: C:/Users/yeosu/STM32CubeIDE/workspace_1.10.1/M-HIVE_digital_clock_project/1-1. LED toggle with button/Debug/../Core/Src/main.c:197: undefined reference to `RIGHT_LED_BLUE_SET'
collect2.exe: error: ld returned 1 exit status
make: *** [makefile:64: 1-1. LED toggle with button.elf] Error 1
"make -j8 all" terminated with exit code 2. Build might be incomplete.
01:27:15 **** Incremental Build of configuration Debug for project 1-1. LED toggle with button ****
make -j8 all 
arm-none-eabi-gcc "../Core/Src/main.c" -mcpu=cortex-m4 -std=gnu11 -g3 -DDEBUG -DUSE_HAL_DRIVER -DSTM32F407xx -c -I../Core/Inc -I../Drivers/STM32F4xx_HAL_Driver/Inc -I../Drivers/STM32F4xx_HAL_Driver/Inc/Legacy -I../Drivers/CMSIS/Device/ST/STM32F4xx/Include -I../Drivers/CMSIS/Include -O0 -ffunction-sections -fdata-sections -Wall -fstack-usage -MMD -MP -MF"Core/Src/main.d" -MT"Core/Src/main.o" --specs=nano.specs -mfpu=fpv4-sp-d16 -mfloat-abi=hard -mthumb -o "Core/Src/main.o"
../Core/Src/main.c: In function 'main':
../Core/Src/main.c:128:3: warning: implicit declaration of function 'RIHGT_LED_BLUE_SET'; did you mean 'RIGHT_LED_BLUE_SET'? [-Wimplicit-function-declaration]
  128 |   RIHGT_LED_BLUE_SET();
      |   ^~~~~~~~~~~~~~~~~~
      |   RIGHT_LED_BLUE_SET
../Core/Src/main.c:106:63: warning: suggest parentheses around comparison in operand of '==' [-Wparentheses]
  106 | #define IS_SW1_PRESSING() HAL_GPIO_ReadPin(GPIOE, GPIO_PIN_3) == GPIO_PIN_SET
      |                           ~~~~~~~~~~~~~~~~~~~~~~~~~~~~~~~~~~~~^~~~~~~~~~~~~~~
../Core/Src/main.c:143:5: note: in expansion of macro 'IS_SW1_PRESSING'
  143 |  if(IS_SW1_PRESSING() == TRUE && SW1_pressed == FALSE)
      |     ^~~~~~~~~~~~~~~
../Core/Src/main.c:106:63: warning: suggest parentheses around comparison in operand of '==' [-Wparentheses]
  106 | #define IS_SW1_PRESSING() HAL_GPIO_ReadPin(GPIOE, GPIO_PIN_3) == GPIO_PIN_SET
      |                           ~~~~~~~~~~~~~~~~~~~~~~~~~~~~~~~~~~~~^~~~~~~~~~~~~~~
../Core/Src/main.c:152:5: note: in expansion of macro 'IS_SW1_PRESSING'
  152 |  if(IS_SW1_PRESSING() == FALSE && SW1_pressed == TRUE)
      |     ^~~~~~~~~~~~~~~
../Core/Src/main.c:159:4: warning: implicit declaration of function 'RIHGT_LED_RED_RESET'; did you mean 'RIGHT_LED_RED_RESET'? [-Wimplicit-function-declaration]
  159 |    RIHGT_LED_RED_RESET();
      |    ^~~~~~~~~~~~~~~~~~~
      |    RIGHT_LED_RED_RESET
../Core/Src/main.c:107:64: warning: suggest parentheses around comparison in operand of '==' [-Wparentheses]
  107 | #define IS_SW2_PRESSING() HAL_GPIO_ReadPin(GPIOC, GPIO_PIN_15) == GPIO_PIN_SET
      |                           ~~~~~~~~~~~~~~~~~~~~~~~~~~~~~~~~~~~~~^~~~~~~~~~~~~~~
../Core/Src/main.c:163:5: note: in expansion of macro 'IS_SW2_PRESSING'
  163 |  if(IS_SW2_PRESSING() == TRUE && SW2_pressed == FALSE)
      |     ^~~~~~~~~~~~~~~
../Core/Src/main.c:107:64: warning: suggest parentheses around comparison in operand of '==' [-Wparentheses]
  107 | #define IS_SW2_PRESSING() HAL_GPIO_ReadPin(GPIOC, GPIO_PIN_15) == GPIO_PIN_SET
      |                           ~~~~~~~~~~~~~~~~~~~~~~~~~~~~~~~~~~~~~^~~~~~~~~~~~~~~
../Core/Src/main.c:172:5: note: in expansion of macro 'IS_SW2_PRESSING'
  172 |  if(IS_SW2_PRESSING() == FALSE && SW2_pressed == TRUE)
      |     ^~~~~~~~~~~~~~~
../Core/Src/main.c:179:4: warning: implicit declaration of function 'RIHGT_LED_GREEN_RESET'; did you mean 'RIGHT_LED_GREEN_RESET'? [-Wimplicit-function-declaration]
  179 |    RIHGT_LED_GREEN_RESET();
      |    ^~~~~~~~~~~~~~~~~~~~~
      |    RIGHT_LED_GREEN_RESET
../Core/Src/main.c:108:63: warning: suggest parentheses around comparison in operand of '==' [-Wparentheses]
  108 | #define IS_SW3_PRESSING() HAL_GPIO_ReadPin(GPIOD, GPIO_PIN_4) == GPIO_PIN_SET
      |                           ~~~~~~~~~~~~~~~~~~~~~~~~~~~~~~~~~~~~^~~~~~~~~~~~~~~
../Core/Src/main.c:183:5: note: in expansion of macro 'IS_SW3_PRESSING'
  183 |  if(IS_SW3_PRESSING() == TRUE && SW3_pressed == FALSE)
      |     ^~~~~~~~~~~~~~~
../Core/Src/main.c:108:63: warning: suggest parentheses around comparison in operand of '==' [-Wparentheses]
  108 | #define IS_SW3_PRESSING() HAL_GPIO_ReadPin(GPIOD, GPIO_PIN_4) == GPIO_PIN_SET
      |                           ~~~~~~~~~~~~~~~~~~~~~~~~~~~~~~~~~~~~^~~~~~~~~~~~~~~
../Core/Src/main.c:192:5: note: in expansion of macro 'IS_SW3_PRESSING'
  192 |  if(IS_SW3_PRESSING() == FALSE && SW3_pressed == TRUE)
      |     ^~~~~~~~~~~~~~~
../Core/Src/main.c:199:4: warning: implicit declaration of function 'RIHGT_LED_BLUE_RESET'; did you mean 'RIGHT_LED_BLUE_RESET'? [-Wimplicit-function-declaration]
  199 |    RIHGT_LED_BLUE_RESET();
      |    ^~~~~~~~~~~~~~~~~~~~
      |    RIGHT_LED_BLUE_RESET
arm-none-eabi-gcc -o "1-1. LED toggle with button.elf" @"objects.list"   -mcpu=cortex-m4 -T"C:\Users\yeosu\STM32CubeIDE\workspace_1.10.1\M-HIVE_digital_clock_project\1-1. LED toggle with button\STM32F407VETX_FLASH.ld" --specs=nosys.specs -Wl,-Map="1-1. LED toggle with button.map" -Wl,--gc-sections -static --specs=nano.specs -mfpu=fpv4-sp-d16 -mfloat-abi=hard -mthumb -Wl,--start-group -lc -lm -Wl,--end-group
c:\st\stm32cubeide_1.10.1\stm32cubeide\plugins\com.st.stm32cube.ide.mcu.externaltools.gnu-tools-for-stm32.10.3-2021.10.win32_1.0.0.202111181127\tools\arm-none-eabi\bin\ld.exe: ./Core/Src/main.o: in function `main':
C:/Users/yeosu/STM32CubeIDE/workspace_1.10.1/M-HIVE_digital_clock_project/1-1. LED toggle with button/Debug/../Core/Src/main.c:128: undefined reference to `RIHGT_LED_BLUE_SET'
c:\st\stm32cubeide_1.10.1\stm32cubeide\plugins\com.st.stm32cube.ide.mcu.externaltools.gnu-tools-for-stm32.10.3-2021.10.win32_1.0.0.202111181127\tools\arm-none-eabi\bin\ld.exe: C:/Users/yeosu/STM32CubeIDE/workspace_1.10.1/M-HIVE_digital_clock_project/1-1. LED toggle with button/Debug/../Core/Src/main.c:159: undefined reference to `RIHGT_LED_RED_RESET'
c:\st\stm32cubeide_1.10.1\stm32cubeide\plugins\com.st.stm32cube.ide.mcu.externaltools.gnu-tools-for-stm32.10.3-2021.10.win32_1.0.0.202111181127\tools\arm-none-eabi\bin\ld.exe: C:/Users/yeosu/STM32CubeIDE/workspace_1.10.1/M-HIVE_digital_clock_project/1-1. LED toggle with button/Debug/../Core/Src/main.c:179: undefined reference to `RIHGT_LED_GREEN_RESET'
c:\st\stm32cubeide_1.10.1\stm32cubeide\plugins\com.st.stm32cube.ide.mcu.externaltools.gnu-tools-for-stm32.10.3-2021.10.win32_1.0.0.202111181127\tools\arm-none-eabi\bin\ld.exe: C:/Users/yeosu/STM32CubeIDE/workspace_1.10.1/M-HIVE_digital_clock_project/1-1. LED toggle with button/Debug/../Core/Src/main.c:199: undefined reference to `RIHGT_LED_BLUE_RESET'
collect2.exe: error: ld returned 1 exit status
make: *** [makefile:64: 1-1. LED toggle with button.elf] Error 1
"make -j8 all" terminated with exit code 2. Build might be incomplete.
01:28:05 **** Incremental Build of configuration Debug for project 1-1. LED toggle with button ****
make -j8 all 
arm-none-eabi-gcc "../Core/Src/main.c" -mcpu=cortex-m4 -std=gnu11 -g3 -DDEBUG -DUSE_HAL_DRIVER -DSTM32F407xx -c -I../Core/Inc -I../Drivers/STM32F4xx_HAL_Driver/Inc -I../Drivers/STM32F4xx_HAL_Driver/Inc/Legacy -I../Drivers/CMSIS/Device/ST/STM32F4xx/Include -I../Drivers/CMSIS/Include -O0 -ffunction-sections -fdata-sections -Wall -fstack-usage -MMD -MP -MF"Core/Src/main.d" -MT"Core/Src/main.o" --specs=nano.specs -mfpu=fpv4-sp-d16 -mfloat-abi=hard -mthumb -o "Core/Src/main.o"
../Core/Src/main.c: In function 'main':
../Core/Src/main.c:128:3: warning: implicit declaration of function 'RIHGT_LED_BLUE_SET'; did you mean 'RIGHT_LED_BLUE_SET'? [-Wimplicit-function-declaration]
  128 |   RIHGT_LED_BLUE_SET();
      |   ^~~~~~~~~~~~~~~~~~
      |   RIGHT_LED_BLUE_SET
../Core/Src/main.c:106:63: warning: suggest parentheses around comparison in operand of '==' [-Wparentheses]
  106 | #define IS_SW1_PRESSING() HAL_GPIO_ReadPin(GPIOE, GPIO_PIN_3) == GPIO_PIN_SET
      |                           ~~~~~~~~~~~~~~~~~~~~~~~~~~~~~~~~~~~~^~~~~~~~~~~~~~~
../Core/Src/main.c:143:5: note: in expansion of macro 'IS_SW1_PRESSING'
  143 |  if(IS_SW1_PRESSING() == TRUE && SW1_pressed == FALSE)
      |     ^~~~~~~~~~~~~~~
../Core/Src/main.c:106:63: warning: suggest parentheses around comparison in operand of '==' [-Wparentheses]
  106 | #define IS_SW1_PRESSING() HAL_GPIO_ReadPin(GPIOE, GPIO_PIN_3) == GPIO_PIN_SET
      |                           ~~~~~~~~~~~~~~~~~~~~~~~~~~~~~~~~~~~~^~~~~~~~~~~~~~~
../Core/Src/main.c:152:5: note: in expansion of macro 'IS_SW1_PRESSING'
  152 |  if(IS_SW1_PRESSING() == FALSE && SW1_pressed == TRUE)
      |     ^~~~~~~~~~~~~~~
../Core/Src/main.c:107:64: warning: suggest parentheses around comparison in operand of '==' [-Wparentheses]
  107 | #define IS_SW2_PRESSING() HAL_GPIO_ReadPin(GPIOC, GPIO_PIN_15) == GPIO_PIN_SET
      |                           ~~~~~~~~~~~~~~~~~~~~~~~~~~~~~~~~~~~~~^~~~~~~~~~~~~~~
../Core/Src/main.c:163:5: note: in expansion of macro 'IS_SW2_PRESSING'
  163 |  if(IS_SW2_PRESSING() == TRUE && SW2_pressed == FALSE)
      |     ^~~~~~~~~~~~~~~
../Core/Src/main.c:107:64: warning: suggest parentheses around comparison in operand of '==' [-Wparentheses]
  107 | #define IS_SW2_PRESSING() HAL_GPIO_ReadPin(GPIOC, GPIO_PIN_15) == GPIO_PIN_SET
      |                           ~~~~~~~~~~~~~~~~~~~~~~~~~~~~~~~~~~~~~^~~~~~~~~~~~~~~
../Core/Src/main.c:172:5: note: in expansion of macro 'IS_SW2_PRESSING'
  172 |  if(IS_SW2_PRESSING() == FALSE && SW2_pressed == TRUE)
      |     ^~~~~~~~~~~~~~~
../Core/Src/main.c:108:63: warning: suggest parentheses around comparison in operand of '==' [-Wparentheses]
  108 | #define IS_SW3_PRESSING() HAL_GPIO_ReadPin(GPIOD, GPIO_PIN_4) == GPIO_PIN_SET
      |                           ~~~~~~~~~~~~~~~~~~~~~~~~~~~~~~~~~~~~^~~~~~~~~~~~~~~
../Core/Src/main.c:183:5: note: in expansion of macro 'IS_SW3_PRESSING'
  183 |  if(IS_SW3_PRESSING() == TRUE && SW3_pressed == FALSE)
      |     ^~~~~~~~~~~~~~~
../Core/Src/main.c:108:63: warning: suggest parentheses around comparison in operand of '==' [-Wparentheses]
  108 | #define IS_SW3_PRESSING() HAL_GPIO_ReadPin(GPIOD, GPIO_PIN_4) == GPIO_PIN_SET
      |                           ~~~~~~~~~~~~~~~~~~~~~~~~~~~~~~~~~~~~^~~~~~~~~~~~~~~
../Core/Src/main.c:192:5: note: in expansion of macro 'IS_SW3_PRESSING'
  192 |  if(IS_SW3_PRESSING() == FALSE && SW3_pressed == TRUE)
      |     ^~~~~~~~~~~~~~~
arm-none-eabi-gcc -o "1-1. LED toggle with button.elf" @"objects.list"   -mcpu=cortex-m4 -T"C:\Users\yeosu\STM32CubeIDE\workspace_1.10.1\M-HIVE_digital_clock_project\1-1. LED toggle with button\STM32F407VETX_FLASH.ld" --specs=nosys.specs -Wl,-Map="1-1. LED toggle with button.map" -Wl,--gc-sections -static --specs=nano.specs -mfpu=fpv4-sp-d16 -mfloat-abi=hard -mthumb -Wl,--start-group -lc -lm -Wl,--end-group
c:\st\stm32cubeide_1.10.1\stm32cubeide\plugins\com.st.stm32cube.ide.mcu.externaltools.gnu-tools-for-stm32.10.3-2021.10.win32_1.0.0.202111181127\tools\arm-none-eabi\bin\ld.exe: ./Core/Src/main.o: in function `main':
C:/Users/yeosu/STM32CubeIDE/workspace_1.10.1/M-HIVE_digital_clock_project/1-1. LED toggle with button/Debug/../Core/Src/main.c:128: undefined reference to `RIHGT_LED_BLUE_SET'
collect2.exe: error: ld returned 1 exit status
make: *** [makefile:64: 1-1. LED toggle with button.elf] Error 1
"make -j8 all" terminated with exit code 2. Build might be incomplete.
01:28:40 **** Incremental Build of configuration Debug for project 1-1. LED toggle with button ****
make -j8 all 
arm-none-eabi-gcc "../Core/Src/main.c" -mcpu=cortex-m4 -std=gnu11 -g3 -DDEBUG -DUSE_HAL_DRIVER -DSTM32F407xx -c -I../Core/Inc -I../Drivers/STM32F4xx_HAL_Driver/Inc -I../Drivers/STM32F4xx_HAL_Driver/Inc/Legacy -I../Drivers/CMSIS/Device/ST/STM32F4xx/Include -I../Drivers/CMSIS/Include -O0 -ffunction-sections -fdata-sections -Wall -fstack-usage -MMD -MP -MF"Core/Src/main.d" -MT"Core/Src/main.o" --specs=nano.specs -mfpu=fpv4-sp-d16 -mfloat-abi=hard -mthumb -o "Core/Src/main.o"
../Core/Src/main.c: In function 'main':
../Core/Src/main.c:106:63: warning: suggest parentheses around comparison in operand of '==' [-Wparentheses]
  106 | #define IS_SW1_PRESSING() HAL_GPIO_ReadPin(GPIOE, GPIO_PIN_3) == GPIO_PIN_SET
      |                           ~~~~~~~~~~~~~~~~~~~~~~~~~~~~~~~~~~~~^~~~~~~~~~~~~~~
../Core/Src/main.c:143:5: note: in expansion of macro 'IS_SW1_PRESSING'
  143 |  if(IS_SW1_PRESSING() == TRUE && SW1_pressed == FALSE)
      |     ^~~~~~~~~~~~~~~
../Core/Src/main.c:106:63: warning: suggest parentheses around comparison in operand of '==' [-Wparentheses]
  106 | #define IS_SW1_PRESSING() HAL_GPIO_ReadPin(GPIOE, GPIO_PIN_3) == GPIO_PIN_SET
      |                           ~~~~~~~~~~~~~~~~~~~~~~~~~~~~~~~~~~~~^~~~~~~~~~~~~~~
../Core/Src/main.c:152:5: note: in expansion of macro 'IS_SW1_PRESSING'
  152 |  if(IS_SW1_PRESSING() == FALSE && SW1_pressed == TRUE)
      |     ^~~~~~~~~~~~~~~
../Core/Src/main.c:107:64: warning: suggest parentheses around comparison in operand of '==' [-Wparentheses]
  107 | #define IS_SW2_PRESSING() HAL_GPIO_ReadPin(GPIOC, GPIO_PIN_15) == GPIO_PIN_SET
      |                           ~~~~~~~~~~~~~~~~~~~~~~~~~~~~~~~~~~~~~^~~~~~~~~~~~~~~
../Core/Src/main.c:163:5: note: in expansion of macro 'IS_SW2_PRESSING'
  163 |  if(IS_SW2_PRESSING() == TRUE && SW2_pressed == FALSE)
      |     ^~~~~~~~~~~~~~~
../Core/Src/main.c:107:64: warning: suggest parentheses around comparison in operand of '==' [-Wparentheses]
  107 | #define IS_SW2_PRESSING() HAL_GPIO_ReadPin(GPIOC, GPIO_PIN_15) == GPIO_PIN_SET
      |                           ~~~~~~~~~~~~~~~~~~~~~~~~~~~~~~~~~~~~~^~~~~~~~~~~~~~~
../Core/Src/main.c:172:5: note: in expansion of macro 'IS_SW2_PRESSING'
  172 |  if(IS_SW2_PRESSING() == FALSE && SW2_pressed == TRUE)
      |     ^~~~~~~~~~~~~~~
../Core/Src/main.c:108:63: warning: suggest parentheses around comparison in operand of '==' [-Wparentheses]
  108 | #define IS_SW3_PRESSING() HAL_GPIO_ReadPin(GPIOD, GPIO_PIN_4) == GPIO_PIN_SET
      |                           ~~~~~~~~~~~~~~~~~~~~~~~~~~~~~~~~~~~~^~~~~~~~~~~~~~~
../Core/Src/main.c:183:5: note: in expansion of macro 'IS_SW3_PRESSING'
  183 |  if(IS_SW3_PRESSING() == TRUE && SW3_pressed == FALSE)
      |     ^~~~~~~~~~~~~~~
../Core/Src/main.c:108:63: warning: suggest parentheses around comparison in operand of '==' [-Wparentheses]
  108 | #define IS_SW3_PRESSING() HAL_GPIO_ReadPin(GPIOD, GPIO_PIN_4) == GPIO_PIN_SET
      |                           ~~~~~~~~~~~~~~~~~~~~~~~~~~~~~~~~~~~~^~~~~~~~~~~~~~~
../Core/Src/main.c:192:5: note: in expansion of macro 'IS_SW3_PRESSING'
  192 |  if(IS_SW3_PRESSING() == FALSE && SW3_pressed == TRUE)
      |     ^~~~~~~~~~~~~~~
arm-none-eabi-gcc -o "1-1. LED toggle with button.elf" @"objects.list"   -mcpu=cortex-m4 -T"C:\Users\yeosu\STM32CubeIDE\workspace_1.10.1\M-HIVE_digital_clock_project\1-1. LED toggle with button\STM32F407VETX_FLASH.ld" --specs=nosys.specs -Wl,-Map="1-1. LED toggle with button.map" -Wl,--gc-sections -static --specs=nano.specs -mfpu=fpv4-sp-d16 -mfloat-abi=hard -mthumb -Wl,--start-group -lc -lm -Wl,--end-group
Finished building target: 1-1. LED toggle with button.elf
 
arm-none-eabi-size   1-1.\ LED\ toggle\ with\ button.elf 
arm-none-eabi-objdump -h -S  1-1.\ LED\ toggle\ with\ button.elf  > "1-1. LED toggle with button.list"
   text	   data	    bss	    dec	    hex	filename
   6708	     20	   1572	   8300	   206c	1-1. LED toggle with button.elf
Finished building: default.size.stdout
 
Finished building: 1-1. LED toggle with button.list
 
01:30:59 **** Incremental Build of configuration Debug for project 1-1. LED toggle with button ****
make -j8 all 
arm-none-eabi-gcc "../Core/Src/main.c" -mcpu=cortex-m4 -std=gnu11 -g3 -DDEBUG -DUSE_HAL_DRIVER -DSTM32F407xx -c -I../Core/Inc -I../Drivers/STM32F4xx_HAL_Driver/Inc -I../Drivers/STM32F4xx_HAL_Driver/Inc/Legacy -I../Drivers/CMSIS/Device/ST/STM32F4xx/Include -I../Drivers/CMSIS/Include -O0 -ffunction-sections -fdata-sections -Wall -fstack-usage -MMD -MP -MF"Core/Src/main.d" -MT"Core/Src/main.o" --specs=nano.specs -mfpu=fpv4-sp-d16 -mfloat-abi=hard -mthumb -o "Core/Src/main.o"
../Core/Src/main.c: In function 'main':
../Core/Src/main.c:106:63: warning: suggest parentheses around comparison in operand of '==' [-Wparentheses]
  106 | #define IS_SW1_PRESSING() HAL_GPIO_ReadPin(GPIOE, GPIO_PIN_3) == GPIO_PIN_SET
      |                           ~~~~~~~~~~~~~~~~~~~~~~~~~~~~~~~~~~~~^~~~~~~~~~~~~~~
../Core/Src/main.c:143:5: note: in expansion of macro 'IS_SW1_PRESSING'
  143 |  if(IS_SW1_PRESSING() == TRUE && SW1_pressed == FALSE)
      |     ^~~~~~~~~~~~~~~
../Core/Src/main.c:106:63: warning: suggest parentheses around comparison in operand of '==' [-Wparentheses]
  106 | #define IS_SW1_PRESSING() HAL_GPIO_ReadPin(GPIOE, GPIO_PIN_3) == GPIO_PIN_SET
      |                           ~~~~~~~~~~~~~~~~~~~~~~~~~~~~~~~~~~~~^~~~~~~~~~~~~~~
../Core/Src/main.c:152:5: note: in expansion of macro 'IS_SW1_PRESSING'
  152 |  if(IS_SW1_PRESSING() == FALSE && SW1_pressed == TRUE)
      |     ^~~~~~~~~~~~~~~
../Core/Src/main.c:107:64: warning: suggest parentheses around comparison in operand of '==' [-Wparentheses]
  107 | #define IS_SW2_PRESSING() HAL_GPIO_ReadPin(GPIOC, GPIO_PIN_15) == GPIO_PIN_SET
      |                           ~~~~~~~~~~~~~~~~~~~~~~~~~~~~~~~~~~~~~^~~~~~~~~~~~~~~
../Core/Src/main.c:163:5: note: in expansion of macro 'IS_SW2_PRESSING'
  163 |  if(IS_SW2_PRESSING() == TRUE && SW2_pressed == FALSE)
      |     ^~~~~~~~~~~~~~~
../Core/Src/main.c:107:64: warning: suggest parentheses around comparison in operand of '==' [-Wparentheses]
  107 | #define IS_SW2_PRESSING() HAL_GPIO_ReadPin(GPIOC, GPIO_PIN_15) == GPIO_PIN_SET
      |                           ~~~~~~~~~~~~~~~~~~~~~~~~~~~~~~~~~~~~~^~~~~~~~~~~~~~~
../Core/Src/main.c:172:5: note: in expansion of macro 'IS_SW2_PRESSING'
  172 |  if(IS_SW2_PRESSING() == FALSE && SW2_pressed == TRUE)
      |     ^~~~~~~~~~~~~~~
../Core/Src/main.c:108:63: warning: suggest parentheses around comparison in operand of '==' [-Wparentheses]
  108 | #define IS_SW3_PRESSING() HAL_GPIO_ReadPin(GPIOD, GPIO_PIN_4) == GPIO_PIN_SET
      |                           ~~~~~~~~~~~~~~~~~~~~~~~~~~~~~~~~~~~~^~~~~~~~~~~~~~~
../Core/Src/main.c:183:5: note: in expansion of macro 'IS_SW3_PRESSING'
  183 |  if(IS_SW3_PRESSING() == TRUE && SW3_pressed == FALSE)
      |     ^~~~~~~~~~~~~~~
../Core/Src/main.c:108:63: warning: suggest parentheses around comparison in operand of '==' [-Wparentheses]
  108 | #define IS_SW3_PRESSING() HAL_GPIO_ReadPin(GPIOD, GPIO_PIN_4) == GPIO_PIN_SET
      |                           ~~~~~~~~~~~~~~~~~~~~~~~~~~~~~~~~~~~~^~~~~~~~~~~~~~~
../Core/Src/main.c:192:5: note: in expansion of macro 'IS_SW3_PRESSING'
  192 |  if(IS_SW3_PRESSING() == FALSE && SW3_pressed == TRUE)
      |     ^~~~~~~~~~~~~~~
arm-none-eabi-gcc -o "1-1. LED toggle with button.elf" @"objects.list"   -mcpu=cortex-m4 -T"C:\Users\yeosu\STM32CubeIDE\workspace_1.10.1\M-HIVE_digital_clock_project\1-1. LED toggle with button\STM32F407VETX_FLASH.ld" --specs=nosys.specs -Wl,-Map="1-1. LED toggle with button.map" -Wl,--gc-sections -static --specs=nano.specs -mfpu=fpv4-sp-d16 -mfloat-abi=hard -mthumb -Wl,--start-group -lc -lm -Wl,--end-group
Finished building target: 1-1. LED toggle with button.elf
 
arm-none-eabi-size   1-1.\ LED\ toggle\ with\ button.elf 
arm-none-eabi-objdump -h -S  1-1.\ LED\ toggle\ with\ button.elf  > "1-1. LED toggle with button.list"
   text	   data	    bss	    dec	    hex	filename
   6708	     20	   1572	   8300	   206c	1-1. LED toggle with button.elf
Finished building: default.size.stdout
 
Finished building: 1-1. LED toggle with button.list
 
01:37:54 **** Incremental Build of configuration Debug for project 1-1. LED toggle with button ****
make -j8 all 
arm-none-eabi-gcc "../Core/Src/main.c" -mcpu=cortex-m4 -std=gnu11 -g3 -DDEBUG -DUSE_HAL_DRIVER -DSTM32F407xx -c -I../Core/Inc -I../Drivers/STM32F4xx_HAL_Driver/Inc -I../Drivers/STM32F4xx_HAL_Driver/Inc/Legacy -I../Drivers/CMSIS/Device/ST/STM32F4xx/Include -I../Drivers/CMSIS/Include -O0 -ffunction-sections -fdata-sections -Wall -fstack-usage -MMD -MP -MF"Core/Src/main.d" -MT"Core/Src/main.o" --specs=nano.specs -mfpu=fpv4-sp-d16 -mfloat-abi=hard -mthumb -o "Core/Src/main.o"
In file included from ../Core/Src/main.c:25:
../Core/Src/main.c: In function 'main':
../Core/Inc/easyMacros.h:27:66: warning: suggest parentheses around comparison in operand of '==' [-Wparentheses]
   27 | #define IS_SW1_PRESSING()    HAL_GPIO_ReadPin(GPIOE, GPIO_PIN_3) == GPIO_PIN_SET
      |                              ~~~~~~~~~~~~~~~~~~~~~~~~~~~~~~~~~~~~^~~~~~~~~~~~~~~
../Core/Src/main.c:111:5: note: in expansion of macro 'IS_SW1_PRESSING'
  111 |  if(IS_SW1_PRESSING() == TRUE && SW1_pressed == FALSE)
      |     ^~~~~~~~~~~~~~~
../Core/Inc/easyMacros.h:27:66: warning: suggest parentheses around comparison in operand of '==' [-Wparentheses]
   27 | #define IS_SW1_PRESSING()    HAL_GPIO_ReadPin(GPIOE, GPIO_PIN_3) == GPIO_PIN_SET
      |                              ~~~~~~~~~~~~~~~~~~~~~~~~~~~~~~~~~~~~^~~~~~~~~~~~~~~
../Core/Src/main.c:120:5: note: in expansion of macro 'IS_SW1_PRESSING'
  120 |  if(IS_SW1_PRESSING() == FALSE && SW1_pressed == TRUE)
      |     ^~~~~~~~~~~~~~~
../Core/Inc/easyMacros.h:28:67: warning: suggest parentheses around comparison in operand of '==' [-Wparentheses]
   28 | #define IS_SW2_PRESSING()    HAL_GPIO_ReadPin(GPIOC, GPIO_PIN_15) == GPIO_PIN_SET
      |                              ~~~~~~~~~~~~~~~~~~~~~~~~~~~~~~~~~~~~~^~~~~~~~~~~~~~~
../Core/Src/main.c:131:5: note: in expansion of macro 'IS_SW2_PRESSING'
  131 |  if(IS_SW2_PRESSING() == TRUE && SW2_pressed == FALSE)
      |     ^~~~~~~~~~~~~~~
../Core/Inc/easyMacros.h:28:67: warning: suggest parentheses around comparison in operand of '==' [-Wparentheses]
   28 | #define IS_SW2_PRESSING()    HAL_GPIO_ReadPin(GPIOC, GPIO_PIN_15) == GPIO_PIN_SET
      |                              ~~~~~~~~~~~~~~~~~~~~~~~~~~~~~~~~~~~~~^~~~~~~~~~~~~~~
../Core/Src/main.c:140:5: note: in expansion of macro 'IS_SW2_PRESSING'
  140 |  if(IS_SW2_PRESSING() == FALSE && SW2_pressed == TRUE)
      |     ^~~~~~~~~~~~~~~
../Core/Inc/easyMacros.h:29:66: warning: suggest parentheses around comparison in operand of '==' [-Wparentheses]
   29 | #define IS_SW3_PRESSING()    HAL_GPIO_ReadPin(GPIOD, GPIO_PIN_4) == GPIO_PIN_SET
      |                              ~~~~~~~~~~~~~~~~~~~~~~~~~~~~~~~~~~~~^~~~~~~~~~~~~~~
../Core/Src/main.c:151:5: note: in expansion of macro 'IS_SW3_PRESSING'
  151 |  if(IS_SW3_PRESSING() == TRUE && SW3_pressed == FALSE)
      |     ^~~~~~~~~~~~~~~
../Core/Inc/easyMacros.h:29:66: warning: suggest parentheses around comparison in operand of '==' [-Wparentheses]
   29 | #define IS_SW3_PRESSING()    HAL_GPIO_ReadPin(GPIOD, GPIO_PIN_4) == GPIO_PIN_SET
      |                              ~~~~~~~~~~~~~~~~~~~~~~~~~~~~~~~~~~~~^~~~~~~~~~~~~~~
../Core/Src/main.c:160:5: note: in expansion of macro 'IS_SW3_PRESSING'
  160 |  if(IS_SW3_PRESSING() == FALSE && SW3_pressed == TRUE)
      |     ^~~~~~~~~~~~~~~
arm-none-eabi-gcc -o "1-1. LED toggle with button.elf" @"objects.list"   -mcpu=cortex-m4 -T"C:\Users\yeosu\STM32CubeIDE\workspace_1.10.1\M-HIVE_digital_clock_project\1-1. LED toggle with button\STM32F407VETX_FLASH.ld" --specs=nosys.specs -Wl,-Map="1-1. LED toggle with button.map" -Wl,--gc-sections -static --specs=nano.specs -mfpu=fpv4-sp-d16 -mfloat-abi=hard -mthumb -Wl,--start-group -lc -lm -Wl,--end-group
Finished building target: 1-1. LED toggle with button.elf
 
arm-none-eabi-size   1-1.\ LED\ toggle\ with\ button.elf 
arm-none-eabi-objdump -h -S  1-1.\ LED\ toggle\ with\ button.elf  > "1-1. LED toggle with button.list"
   text	   data	    bss	    dec	    hex	filename
   6708	     20	   1572	   8300	   206c	1-1. LED toggle with button.elf
Finished building: default.size.stdout
 
Finished building: 1-1. LED toggle with button.list
 
01:38:12 **** Incremental Build of configuration Debug for project 1-1. LED toggle with button ****
make -j8 all 
arm-none-eabi-gcc "../Core/Src/main.c" -mcpu=cortex-m4 -std=gnu11 -g3 -DDEBUG -DUSE_HAL_DRIVER -DSTM32F407xx -c -I../Core/Inc -I../Drivers/STM32F4xx_HAL_Driver/Inc -I../Drivers/STM32F4xx_HAL_Driver/Inc/Legacy -I../Drivers/CMSIS/Device/ST/STM32F4xx/Include -I../Drivers/CMSIS/Include -O0 -ffunction-sections -fdata-sections -Wall -fstack-usage -MMD -MP -MF"Core/Src/main.d" -MT"Core/Src/main.o" --specs=nano.specs -mfpu=fpv4-sp-d16 -mfloat-abi=hard -mthumb -o "Core/Src/main.o"
../Core/Src/main.c: In function 'main':
../Core/Src/main.c:91:3: warning: implicit declaration of function 'LEFT_LED_RED_SET' [-Wimplicit-function-declaration]
   91 |   LEFT_LED_RED_SET();
      |   ^~~~~~~~~~~~~~~~
../Core/Src/main.c:92:3: warning: implicit declaration of function 'LEFT_LED_GREEN_SET' [-Wimplicit-function-declaration]
   92 |   LEFT_LED_GREEN_SET();
      |   ^~~~~~~~~~~~~~~~~~
../Core/Src/main.c:93:3: warning: implicit declaration of function 'LEFT_LED_BLUE_SET' [-Wimplicit-function-declaration]
   93 |   LEFT_LED_BLUE_SET();
      |   ^~~~~~~~~~~~~~~~~
../Core/Src/main.c:94:3: warning: implicit declaration of function 'RIGHT_LED_RED_SET' [-Wimplicit-function-declaration]
   94 |   RIGHT_LED_RED_SET();
      |   ^~~~~~~~~~~~~~~~~
../Core/Src/main.c:95:3: warning: implicit declaration of function 'RIGHT_LED_GREEN_SET' [-Wimplicit-function-declaration]
   95 |   RIGHT_LED_GREEN_SET();
      |   ^~~~~~~~~~~~~~~~~~~
../Core/Src/main.c:96:3: warning: implicit declaration of function 'RIGHT_LED_BLUE_SET' [-Wimplicit-function-declaration]
   96 |   RIGHT_LED_BLUE_SET();
      |   ^~~~~~~~~~~~~~~~~~
../Core/Src/main.c:111:5: warning: implicit declaration of function 'IS_SW1_PRESSING' [-Wimplicit-function-declaration]
  111 |  if(IS_SW1_PRESSING() == TRUE && SW1_pressed == FALSE)
      |     ^~~~~~~~~~~~~~~
../Core/Src/main.c:115:6: warning: implicit declaration of function 'IS_LEFT_LED_RED_RESET' [-Wimplicit-function-declaration]
  115 |   if(IS_LEFT_LED_RED_RESET())
      |      ^~~~~~~~~~~~~~~~~~~~~
../Core/Src/main.c:117:11: warning: implicit declaration of function 'IS_LEFT_LED_RED_SET' [-Wimplicit-function-declaration]
  117 |   else if(IS_LEFT_LED_RED_SET())
      |           ^~~~~~~~~~~~~~~~~~~
../Core/Src/main.c:118:4: warning: implicit declaration of function 'LEFT_LED_RED_RESET' [-Wimplicit-function-declaration]
  118 |    LEFT_LED_RED_RESET();
      |    ^~~~~~~~~~~~~~~~~~
../Core/Src/main.c:124:6: warning: implicit declaration of function 'IS_RIGHT_LED_RED_RESET' [-Wimplicit-function-declaration]
  124 |   if(IS_RIGHT_LED_RED_RESET())
      |      ^~~~~~~~~~~~~~~~~~~~~~
../Core/Src/main.c:126:11: warning: implicit declaration of function 'IS_RIGHT_LED_RED_SET' [-Wimplicit-function-declaration]
  126 |   else if(IS_RIGHT_LED_RED_SET())
      |           ^~~~~~~~~~~~~~~~~~~~
../Core/Src/main.c:127:4: warning: implicit declaration of function 'RIGHT_LED_RED_RESET' [-Wimplicit-function-declaration]
  127 |    RIGHT_LED_RED_RESET();
      |    ^~~~~~~~~~~~~~~~~~~
../Core/Src/main.c:131:5: warning: implicit declaration of function 'IS_SW2_PRESSING' [-Wimplicit-function-declaration]
  131 |  if(IS_SW2_PRESSING() == TRUE && SW2_pressed == FALSE)
      |     ^~~~~~~~~~~~~~~
../Core/Src/main.c:135:6: warning: implicit declaration of function 'IS_LEFT_LED_GREEN_RESET' [-Wimplicit-function-declaration]
  135 |   if(IS_LEFT_LED_GREEN_RESET())
      |      ^~~~~~~~~~~~~~~~~~~~~~~
../Core/Src/main.c:137:11: warning: implicit declaration of function 'IS_LEFT_LED_GREEN_SET' [-Wimplicit-function-declaration]
  137 |   else if(IS_LEFT_LED_GREEN_SET())
      |           ^~~~~~~~~~~~~~~~~~~~~
../Core/Src/main.c:138:4: warning: implicit declaration of function 'LEFT_LED_GREEN_RESET' [-Wimplicit-function-declaration]
  138 |    LEFT_LED_GREEN_RESET();
      |    ^~~~~~~~~~~~~~~~~~~~
../Core/Src/main.c:144:6: warning: implicit declaration of function 'IS_RIGHT_LED_GREEN_RESET' [-Wimplicit-function-declaration]
  144 |   if(IS_RIGHT_LED_GREEN_RESET())
      |      ^~~~~~~~~~~~~~~~~~~~~~~~
../Core/Src/main.c:146:11: warning: implicit declaration of function 'IS_RIGHT_LED_GREEN_SET' [-Wimplicit-function-declaration]
  146 |   else if(IS_RIGHT_LED_GREEN_SET())
      |           ^~~~~~~~~~~~~~~~~~~~~~
../Core/Src/main.c:147:4: warning: implicit declaration of function 'RIGHT_LED_GREEN_RESET' [-Wimplicit-function-declaration]
  147 |    RIGHT_LED_GREEN_RESET();
      |    ^~~~~~~~~~~~~~~~~~~~~
../Core/Src/main.c:151:5: warning: implicit declaration of function 'IS_SW3_PRESSING' [-Wimplicit-function-declaration]
  151 |  if(IS_SW3_PRESSING() == TRUE && SW3_pressed == FALSE)
      |     ^~~~~~~~~~~~~~~
../Core/Src/main.c:155:6: warning: implicit declaration of function 'IS_LEFT_LED_BLUE_RESET' [-Wimplicit-function-declaration]
  155 |   if(IS_LEFT_LED_BLUE_RESET())
      |      ^~~~~~~~~~~~~~~~~~~~~~
../Core/Src/main.c:157:11: warning: implicit declaration of function 'IS_LEFT_LED_BLUE_SET' [-Wimplicit-function-declaration]
  157 |   else if(IS_LEFT_LED_BLUE_SET())
      |           ^~~~~~~~~~~~~~~~~~~~
../Core/Src/main.c:158:4: warning: implicit declaration of function 'LEFT_LED_BLUE_RESET' [-Wimplicit-function-declaration]
  158 |    LEFT_LED_BLUE_RESET();
      |    ^~~~~~~~~~~~~~~~~~~
../Core/Src/main.c:164:6: warning: implicit declaration of function 'IS_RIGHT_LED_BLUE_RESET' [-Wimplicit-function-declaration]
  164 |   if(IS_RIGHT_LED_BLUE_RESET())
      |      ^~~~~~~~~~~~~~~~~~~~~~~
../Core/Src/main.c:166:11: warning: implicit declaration of function 'IS_RIGHT_LED_BLUE_SET' [-Wimplicit-function-declaration]
  166 |   else if(IS_RIGHT_LED_BLUE_SET())
      |           ^~~~~~~~~~~~~~~~~~~~~
../Core/Src/main.c:167:4: warning: implicit declaration of function 'RIGHT_LED_BLUE_RESET' [-Wimplicit-function-declaration]
  167 |    RIGHT_LED_BLUE_RESET();
      |    ^~~~~~~~~~~~~~~~~~~~
arm-none-eabi-gcc -o "1-1. LED toggle with button.elf" @"objects.list"   -mcpu=cortex-m4 -T"C:\Users\yeosu\STM32CubeIDE\workspace_1.10.1\M-HIVE_digital_clock_project\1-1. LED toggle with button\STM32F407VETX_FLASH.ld" --specs=nosys.specs -Wl,-Map="1-1. LED toggle with button.map" -Wl,--gc-sections -static --specs=nano.specs -mfpu=fpv4-sp-d16 -mfloat-abi=hard -mthumb -Wl,--start-group -lc -lm -Wl,--end-group
c:\st\stm32cubeide_1.10.1\stm32cubeide\plugins\com.st.stm32cube.ide.mcu.externaltools.gnu-tools-for-stm32.10.3-2021.10.win32_1.0.0.202111181127\tools\arm-none-eabi\bin\ld.exe: ./Core/Src/main.o: in function `main':
C:/Users/yeosu/STM32CubeIDE/workspace_1.10.1/M-HIVE_digital_clock_project/1-1. LED toggle with button/Debug/../Core/Src/main.c:91: undefined reference to `LEFT_LED_RED_SET'
c:\st\stm32cubeide_1.10.1\stm32cubeide\plugins\com.st.stm32cube.ide.mcu.externaltools.gnu-tools-for-stm32.10.3-2021.10.win32_1.0.0.202111181127\tools\arm-none-eabi\bin\ld.exe: C:/Users/yeosu/STM32CubeIDE/workspace_1.10.1/M-HIVE_digital_clock_project/1-1. LED toggle with button/Debug/../Core/Src/main.c:92: undefined reference to `LEFT_LED_GREEN_SET'
c:\st\stm32cubeide_1.10.1\stm32cubeide\plugins\com.st.stm32cube.ide.mcu.externaltools.gnu-tools-for-stm32.10.3-2021.10.win32_1.0.0.202111181127\tools\arm-none-eabi\bin\ld.exe: C:/Users/yeosu/STM32CubeIDE/workspace_1.10.1/M-HIVE_digital_clock_project/1-1. LED toggle with button/Debug/../Core/Src/main.c:93: undefined reference to `LEFT_LED_BLUE_SET'
c:\st\stm32cubeide_1.10.1\stm32cubeide\plugins\com.st.stm32cube.ide.mcu.externaltools.gnu-tools-for-stm32.10.3-2021.10.win32_1.0.0.202111181127\tools\arm-none-eabi\bin\ld.exe: C:/Users/yeosu/STM32CubeIDE/workspace_1.10.1/M-HIVE_digital_clock_project/1-1. LED toggle with button/Debug/../Core/Src/main.c:94: undefined reference to `RIGHT_LED_RED_SET'
c:\st\stm32cubeide_1.10.1\stm32cubeide\plugins\com.st.stm32cube.ide.mcu.externaltools.gnu-tools-for-stm32.10.3-2021.10.win32_1.0.0.202111181127\tools\arm-none-eabi\bin\ld.exe: C:/Users/yeosu/STM32CubeIDE/workspace_1.10.1/M-HIVE_digital_clock_project/1-1. LED toggle with button/Debug/../Core/Src/main.c:95: undefined reference to `RIGHT_LED_GREEN_SET'
c:\st\stm32cubeide_1.10.1\stm32cubeide\plugins\com.st.stm32cube.ide.mcu.externaltools.gnu-tools-for-stm32.10.3-2021.10.win32_1.0.0.202111181127\tools\arm-none-eabi\bin\ld.exe: C:/Users/yeosu/STM32CubeIDE/workspace_1.10.1/M-HIVE_digital_clock_project/1-1. LED toggle with button/Debug/../Core/Src/main.c:96: undefined reference to `RIGHT_LED_BLUE_SET'
c:\st\stm32cubeide_1.10.1\stm32cubeide\plugins\com.st.stm32cube.ide.mcu.externaltools.gnu-tools-for-stm32.10.3-2021.10.win32_1.0.0.202111181127\tools\arm-none-eabi\bin\ld.exe: C:/Users/yeosu/STM32CubeIDE/workspace_1.10.1/M-HIVE_digital_clock_project/1-1. LED toggle with button/Debug/../Core/Src/main.c:111: undefined reference to `IS_SW1_PRESSING'
c:\st\stm32cubeide_1.10.1\stm32cubeide\plugins\com.st.stm32cube.ide.mcu.externaltools.gnu-tools-for-stm32.10.3-2021.10.win32_1.0.0.202111181127\tools\arm-none-eabi\bin\ld.exe: C:/Users/yeosu/STM32CubeIDE/workspace_1.10.1/M-HIVE_digital_clock_project/1-1. LED toggle with button/Debug/../Core/Src/main.c:115: undefined reference to `IS_LEFT_LED_RED_RESET'
c:\st\stm32cubeide_1.10.1\stm32cubeide\plugins\com.st.stm32cube.ide.mcu.externaltools.gnu-tools-for-stm32.10.3-2021.10.win32_1.0.0.202111181127\tools\arm-none-eabi\bin\ld.exe: C:/Users/yeosu/STM32CubeIDE/workspace_1.10.1/M-HIVE_digital_clock_project/1-1. LED toggle with button/Debug/../Core/Src/main.c:116: undefined reference to `LEFT_LED_RED_SET'
c:\st\stm32cubeide_1.10.1\stm32cubeide\plugins\com.st.stm32cube.ide.mcu.externaltools.gnu-tools-for-stm32.10.3-2021.10.win32_1.0.0.202111181127\tools\arm-none-eabi\bin\ld.exe: C:/Users/yeosu/STM32CubeIDE/workspace_1.10.1/M-HIVE_digital_clock_project/1-1. LED toggle with button/Debug/../Core/Src/main.c:117: undefined reference to `IS_LEFT_LED_RED_SET'
c:\st\stm32cubeide_1.10.1\stm32cubeide\plugins\com.st.stm32cube.ide.mcu.externaltools.gnu-tools-for-stm32.10.3-2021.10.win32_1.0.0.202111181127\tools\arm-none-eabi\bin\ld.exe: C:/Users/yeosu/STM32CubeIDE/workspace_1.10.1/M-HIVE_digital_clock_project/1-1. LED toggle with button/Debug/../Core/Src/main.c:118: undefined reference to `LEFT_LED_RED_RESET'
c:\st\stm32cubeide_1.10.1\stm32cubeide\plugins\com.st.stm32cube.ide.mcu.externaltools.gnu-tools-for-stm32.10.3-2021.10.win32_1.0.0.202111181127\tools\arm-none-eabi\bin\ld.exe: C:/Users/yeosu/STM32CubeIDE/workspace_1.10.1/M-HIVE_digital_clock_project/1-1. LED toggle with button/Debug/../Core/Src/main.c:120: undefined reference to `IS_SW1_PRESSING'
c:\st\stm32cubeide_1.10.1\stm32cubeide\plugins\com.st.stm32cube.ide.mcu.externaltools.gnu-tools-for-stm32.10.3-2021.10.win32_1.0.0.202111181127\tools\arm-none-eabi\bin\ld.exe: C:/Users/yeosu/STM32CubeIDE/workspace_1.10.1/M-HIVE_digital_clock_project/1-1. LED toggle with button/Debug/../Core/Src/main.c:124: undefined reference to `IS_RIGHT_LED_RED_RESET'
c:\st\stm32cubeide_1.10.1\stm32cubeide\plugins\com.st.stm32cube.ide.mcu.externaltools.gnu-tools-for-stm32.10.3-2021.10.win32_1.0.0.202111181127\tools\arm-none-eabi\bin\ld.exe: C:/Users/yeosu/STM32CubeIDE/workspace_1.10.1/M-HIVE_digital_clock_project/1-1. LED toggle with button/Debug/../Core/Src/main.c:125: undefined reference to `RIGHT_LED_RED_SET'
c:\st\stm32cubeide_1.10.1\stm32cubeide\plugins\com.st.stm32cube.ide.mcu.externaltools.gnu-tools-for-stm32.10.3-2021.10.win32_1.0.0.202111181127\tools\arm-none-eabi\bin\ld.exe: C:/Users/yeosu/STM32CubeIDE/workspace_1.10.1/M-HIVE_digital_clock_project/1-1. LED toggle with button/Debug/../Core/Src/main.c:126: undefined reference to `IS_RIGHT_LED_RED_SET'
c:\st\stm32cubeide_1.10.1\stm32cubeide\plugins\com.st.stm32cube.ide.mcu.externaltools.gnu-tools-for-stm32.10.3-2021.10.win32_1.0.0.202111181127\tools\arm-none-eabi\bin\ld.exe: C:/Users/yeosu/STM32CubeIDE/workspace_1.10.1/M-HIVE_digital_clock_project/1-1. LED toggle with button/Debug/../Core/Src/main.c:127: undefined reference to `RIGHT_LED_RED_RESET'
c:\st\stm32cubeide_1.10.1\stm32cubeide\plugins\com.st.stm32cube.ide.mcu.externaltools.gnu-tools-for-stm32.10.3-2021.10.win32_1.0.0.202111181127\tools\arm-none-eabi\bin\ld.exe: C:/Users/yeosu/STM32CubeIDE/workspace_1.10.1/M-HIVE_digital_clock_project/1-1. LED toggle with button/Debug/../Core/Src/main.c:131: undefined reference to `IS_SW2_PRESSING'
c:\st\stm32cubeide_1.10.1\stm32cubeide\plugins\com.st.stm32cube.ide.mcu.externaltools.gnu-tools-for-stm32.10.3-2021.10.win32_1.0.0.202111181127\tools\arm-none-eabi\bin\ld.exe: C:/Users/yeosu/STM32CubeIDE/workspace_1.10.1/M-HIVE_digital_clock_project/1-1. LED toggle with button/Debug/../Core/Src/main.c:135: undefined reference to `IS_LEFT_LED_GREEN_RESET'
c:\st\stm32cubeide_1.10.1\stm32cubeide\plugins\com.st.stm32cube.ide.mcu.externaltools.gnu-tools-for-stm32.10.3-2021.10.win32_1.0.0.202111181127\tools\arm-none-eabi\bin\ld.exe: C:/Users/yeosu/STM32CubeIDE/workspace_1.10.1/M-HIVE_digital_clock_project/1-1. LED toggle with button/Debug/../Core/Src/main.c:136: undefined reference to `LEFT_LED_GREEN_SET'
c:\st\stm32cubeide_1.10.1\stm32cubeide\plugins\com.st.stm32cube.ide.mcu.externaltools.gnu-tools-for-stm32.10.3-2021.10.win32_1.0.0.202111181127\tools\arm-none-eabi\bin\ld.exe: C:/Users/yeosu/STM32CubeIDE/workspace_1.10.1/M-HIVE_digital_clock_project/1-1. LED toggle with button/Debug/../Core/Src/main.c:137: undefined reference to `IS_LEFT_LED_GREEN_SET'
c:\st\stm32cubeide_1.10.1\stm32cubeide\plugins\com.st.stm32cube.ide.mcu.externaltools.gnu-tools-for-stm32.10.3-2021.10.win32_1.0.0.202111181127\tools\arm-none-eabi\bin\ld.exe: C:/Users/yeosu/STM32CubeIDE/workspace_1.10.1/M-HIVE_digital_clock_project/1-1. LED toggle with button/Debug/../Core/Src/main.c:138: undefined reference to `LEFT_LED_GREEN_RESET'
c:\st\stm32cubeide_1.10.1\stm32cubeide\plugins\com.st.stm32cube.ide.mcu.externaltools.gnu-tools-for-stm32.10.3-2021.10.win32_1.0.0.202111181127\tools\arm-none-eabi\bin\ld.exe: C:/Users/yeosu/STM32CubeIDE/workspace_1.10.1/M-HIVE_digital_clock_project/1-1. LED toggle with button/Debug/../Core/Src/main.c:140: undefined reference to `IS_SW2_PRESSING'
c:\st\stm32cubeide_1.10.1\stm32cubeide\plugins\com.st.stm32cube.ide.mcu.externaltools.gnu-tools-for-stm32.10.3-2021.10.win32_1.0.0.202111181127\tools\arm-none-eabi\bin\ld.exe: C:/Users/yeosu/STM32CubeIDE/workspace_1.10.1/M-HIVE_digital_clock_project/1-1. LED toggle with button/Debug/../Core/Src/main.c:144: undefined reference to `IS_RIGHT_LED_GREEN_RESET'
c:\st\stm32cubeide_1.10.1\stm32cubeide\plugins\com.st.stm32cube.ide.mcu.externaltools.gnu-tools-for-stm32.10.3-2021.10.win32_1.0.0.202111181127\tools\arm-none-eabi\bin\ld.exe: C:/Users/yeosu/STM32CubeIDE/workspace_1.10.1/M-HIVE_digital_clock_project/1-1. LED toggle with button/Debug/../Core/Src/main.c:145: undefined reference to `RIGHT_LED_GREEN_SET'
c:\st\stm32cubeide_1.10.1\stm32cubeide\plugins\com.st.stm32cube.ide.mcu.externaltools.gnu-tools-for-stm32.10.3-2021.10.win32_1.0.0.202111181127\tools\arm-none-eabi\bin\ld.exe: C:/Users/yeosu/STM32CubeIDE/workspace_1.10.1/M-HIVE_digital_clock_project/1-1. LED toggle with button/Debug/../Core/Src/main.c:146: undefined reference to `IS_RIGHT_LED_GREEN_SET'
c:\st\stm32cubeide_1.10.1\stm32cubeide\plugins\com.st.stm32cube.ide.mcu.externaltools.gnu-tools-for-stm32.10.3-2021.10.win32_1.0.0.202111181127\tools\arm-none-eabi\bin\ld.exe: C:/Users/yeosu/STM32CubeIDE/workspace_1.10.1/M-HIVE_digital_clock_project/1-1. LED toggle with button/Debug/../Core/Src/main.c:147: undefined reference to `RIGHT_LED_GREEN_RESET'
c:\st\stm32cubeide_1.10.1\stm32cubeide\plugins\com.st.stm32cube.ide.mcu.externaltools.gnu-tools-for-stm32.10.3-2021.10.win32_1.0.0.202111181127\tools\arm-none-eabi\bin\ld.exe: C:/Users/yeosu/STM32CubeIDE/workspace_1.10.1/M-HIVE_digital_clock_project/1-1. LED toggle with button/Debug/../Core/Src/main.c:151: undefined reference to `IS_SW3_PRESSING'
c:\st\stm32cubeide_1.10.1\stm32cubeide\plugins\com.st.stm32cube.ide.mcu.externaltools.gnu-tools-for-stm32.10.3-2021.10.win32_1.0.0.202111181127\tools\arm-none-eabi\bin\ld.exe: C:/Users/yeosu/STM32CubeIDE/workspace_1.10.1/M-HIVE_digital_clock_project/1-1. LED toggle with button/Debug/../Core/Src/main.c:155: undefined reference to `IS_LEFT_LED_BLUE_RESET'
c:\st\stm32cubeide_1.10.1\stm32cubeide\plugins\com.st.stm32cube.ide.mcu.externaltools.gnu-tools-for-stm32.10.3-2021.10.win32_1.0.0.202111181127\tools\arm-none-eabi\bin\ld.exe: C:/Users/yeosu/STM32CubeIDE/workspace_1.10.1/M-HIVE_digital_clock_project/1-1. LED toggle with button/Debug/../Core/Src/main.c:156: undefined reference to `LEFT_LED_BLUE_SET'
c:\st\stm32cubeide_1.10.1\stm32cubeide\plugins\com.st.stm32cube.ide.mcu.externaltools.gnu-tools-for-stm32.10.3-2021.10.win32_1.0.0.202111181127\tools\arm-none-eabi\bin\ld.exe: C:/Users/yeosu/STM32CubeIDE/workspace_1.10.1/M-HIVE_digital_clock_project/1-1. LED toggle with button/Debug/../Core/Src/main.c:157: undefined reference to `IS_LEFT_LED_BLUE_SET'
c:\st\stm32cubeide_1.10.1\stm32cubeide\plugins\com.st.stm32cube.ide.mcu.externaltools.gnu-tools-for-stm32.10.3-2021.10.win32_1.0.0.202111181127\tools\arm-none-eabi\bin\ld.exe: C:/Users/yeosu/STM32CubeIDE/workspace_1.10.1/M-HIVE_digital_clock_project/1-1. LED toggle with button/Debug/../Core/Src/main.c:158: undefined reference to `LEFT_LED_BLUE_RESET'
c:\st\stm32cubeide_1.10.1\stm32cubeide\plugins\com.st.stm32cube.ide.mcu.externaltools.gnu-tools-for-stm32.10.3-2021.10.win32_1.0.0.202111181127\tools\arm-none-eabi\bin\ld.exe: C:/Users/yeosu/STM32CubeIDE/workspace_1.10.1/M-HIVE_digital_clock_project/1-1. LED toggle with button/Debug/../Core/Src/main.c:160: undefined reference to `IS_SW3_PRESSING'
c:\st\stm32cubeide_1.10.1\stm32cubeide\plugins\com.st.stm32cube.ide.mcu.externaltools.gnu-tools-for-stm32.10.3-2021.10.win32_1.0.0.202111181127\tools\arm-none-eabi\bin\ld.exe: C:/Users/yeosu/STM32CubeIDE/workspace_1.10.1/M-HIVE_digital_clock_project/1-1. LED toggle with button/Debug/../Core/Src/main.c:164: undefined reference to `IS_RIGHT_LED_BLUE_RESET'
c:\st\stm32cubeide_1.10.1\stm32cubeide\plugins\com.st.stm32cube.ide.mcu.externaltools.gnu-tools-for-stm32.10.3-2021.10.win32_1.0.0.202111181127\tools\arm-none-eabi\bin\ld.exe: C:/Users/yeosu/STM32CubeIDE/workspace_1.10.1/M-HIVE_digital_clock_project/1-1. LED toggle with button/Debug/../Core/Src/main.c:165: undefined reference to `RIGHT_LED_BLUE_SET'
[...]
Finished building target: 2. Stopwatch - 7-Seg display and button input.elf
 
arm-none-eabi-size   2.\ Stopwatch\ -\ 7-Seg\ display\ and\ button\ input.elf 
arm-none-eabi-objdump -h -S  2.\ Stopwatch\ -\ 7-Seg\ display\ and\ button\ input.elf  > "2. Stopwatch - 7-Seg display and button input.list"
   text	   data	    bss	    dec	    hex	filename
  11160	     20	   1660	  12840	   3228	2. Stopwatch - 7-Seg display and button input.elf
Finished building: default.size.stdout
 
Finished building: 2. Stopwatch - 7-Seg display and button input.list
 
18:37:50 **** Incremental Build of configuration Debug for project 2. Stopwatch - 7-Seg display and button input ****
make -j8 all 
arm-none-eabi-gcc "../Core/Src/main.c" -mcpu=cortex-m4 -std=gnu11 -g3 -DDEBUG -DUSE_HAL_DRIVER -DSTM32F407xx -c -I../Core/Inc -I../Drivers/STM32F4xx_HAL_Driver/Inc -I../Drivers/STM32F4xx_HAL_Driver/Inc/Legacy -I../Drivers/CMSIS/Device/ST/STM32F4xx/Include -I../Drivers/CMSIS/Include -O0 -ffunction-sections -fdata-sections -Wall -fstack-usage -MMD -MP -MF"Core/Src/main.d" -MT"Core/Src/main.o" --specs=nano.specs -mfpu=fpv4-sp-d16 -mfloat-abi=hard -mthumb -o "Core/Src/main.o"
../Core/Src/main.c: In function 'main':
../Core/Src/main.c:196:13: error: invalid storage class for function 'MX_NVIC_Init'
  196 | static void MX_NVIC_Init(void)
      |             ^~~~~~~~~~~~
../Core/Src/main.c:265:1: error: expected declaration or statement at end of input
  265 | }
      | ^
../Core/Src/main.c: At top level:
../Core/Src/main.c:59:13: warning: 'MX_NVIC_Init' used but never defined
   59 | static void MX_NVIC_Init(void);
      |             ^~~~~~~~~~~~
../Core/Src/main.c:255:6: warning: 'Error_Handler' defined but not used [-Wunused-function]
  255 | void Error_Handler(void)
      |      ^~~~~~~~~~~~~
../Core/Src/main.c:227:6: warning: 'HAL_GPIO_EXTI_Callback' defined but not used [-Wunused-function]
  227 | void HAL_GPIO_EXTI_Callback(uint16_t GPIO_Pin)
      |      ^~~~~~~~~~~~~~~~~~~~~~
../Core/Src/main.c:204:6: warning: 'HAL_TIM_PeriodElapsedCallback' defined but not used [-Wunused-function]
  204 | void HAL_TIM_PeriodElapsedCallback(TIM_HandleTypeDef *htim)
      |      ^~~~~~~~~~~~~~~~~~~~~~~~~~~~~
../Core/Src/main.c:196:13: warning: 'MX_NVIC_Init' defined but not used [-Wunused-function]
  196 | static void MX_NVIC_Init(void)
      |             ^~~~~~~~~~~~
../Core/Src/main.c:150:6: warning: 'SystemClock_Config' defined but not used [-Wunused-function]
  150 | void SystemClock_Config(void)
      |      ^~~~~~~~~~~~~~~~~~
make: *** [Core/Src/subdir.mk:43: Core/Src/main.o] Error 1
"make -j8 all" terminated with exit code 2. Build might be incomplete.
18:41:00 **** Incremental Build of configuration Debug for project 2. Stopwatch - 7-Seg display and button input ****
make -j8 all 
arm-none-eabi-gcc "../Core/Src/main.c" -mcpu=cortex-m4 -std=gnu11 -g3 -DDEBUG -DUSE_HAL_DRIVER -DSTM32F407xx -c -I../Core/Inc -I../Drivers/STM32F4xx_HAL_Driver/Inc -I../Drivers/STM32F4xx_HAL_Driver/Inc/Legacy -I../Drivers/CMSIS/Device/ST/STM32F4xx/Include -I../Drivers/CMSIS/Include -O0 -ffunction-sections -fdata-sections -Wall -fstack-usage -MMD -MP -MF"Core/Src/main.d" -MT"Core/Src/main.o" --specs=nano.specs -mfpu=fpv4-sp-d16 -mfloat-abi=hard -mthumb -o "Core/Src/main.o"
arm-none-eabi-gcc -o "2. Stopwatch - 7-Seg display and button input.elf" @"objects.list"   -mcpu=cortex-m4 -T"C:\Users\yeosu\STM32CubeIDE\workspace_1.10.1\M-HIVE_digital_clock_project\2. Stopwatch - 7-Seg display and button input\STM32F407VETX_FLASH.ld" --specs=nosys.specs -Wl,-Map="2. Stopwatch - 7-Seg display and button input.map" -Wl,--gc-sections -static --specs=nano.specs -mfpu=fpv4-sp-d16 -mfloat-abi=hard -mthumb -Wl,--start-group -lc -lm -Wl,--end-group
Finished building target: 2. Stopwatch - 7-Seg display and button input.elf
 
arm-none-eabi-size   2.\ Stopwatch\ -\ 7-Seg\ display\ and\ button\ input.elf 
arm-none-eabi-objdump -h -S  2.\ Stopwatch\ -\ 7-Seg\ display\ and\ button\ input.elf  > "2. Stopwatch - 7-Seg display and button input.list"
   text	   data	    bss	    dec	    hex	filename
  10964	     20	   1660	  12644	   3164	2. Stopwatch - 7-Seg display and button input.elf
Finished building: default.size.stdout
 
Finished building: 2. Stopwatch - 7-Seg display and button input.list
 
19:29:44 **** Incremental Build of configuration Debug for project 2. Stopwatch - 7-Seg display and button input ****
make -j8 all 
arm-none-eabi-gcc "../Core/Src/main.c" -mcpu=cortex-m4 -std=gnu11 -g3 -DDEBUG -DUSE_HAL_DRIVER -DSTM32F407xx -c -I../Core/Inc -I../Drivers/STM32F4xx_HAL_Driver/Inc -I../Drivers/STM32F4xx_HAL_Driver/Inc/Legacy -I../Drivers/CMSIS/Device/ST/STM32F4xx/Include -I../Drivers/CMSIS/Include -O0 -ffunction-sections -fdata-sections -Wall -fstack-usage -MMD -MP -MF"Core/Src/main.d" -MT"Core/Src/main.o" --specs=nano.specs -mfpu=fpv4-sp-d16 -mfloat-abi=hard -mthumb -o "Core/Src/main.o"
arm-none-eabi-gcc -o "2. Stopwatch - 7-Seg display and button input.elf" @"objects.list"   -mcpu=cortex-m4 -T"C:\Users\yeosu\STM32CubeIDE\workspace_1.10.1\M-HIVE_digital_clock_project\2. Stopwatch - 7-Seg display and button input\STM32F407VETX_FLASH.ld" --specs=nosys.specs -Wl,-Map="2. Stopwatch - 7-Seg display and button input.map" -Wl,--gc-sections -static --specs=nano.specs -mfpu=fpv4-sp-d16 -mfloat-abi=hard -mthumb -Wl,--start-group -lc -lm -Wl,--end-group
Finished building target: 2. Stopwatch - 7-Seg display and button input.elf
 
arm-none-eabi-size   2.\ Stopwatch\ -\ 7-Seg\ display\ and\ button\ input.elf 
arm-none-eabi-objdump -h -S  2.\ Stopwatch\ -\ 7-Seg\ display\ and\ button\ input.elf  > "2. Stopwatch - 7-Seg display and button input.list"
   text	   data	    bss	    dec	    hex	filename
  11124	     20	   1660	  12804	   3204	2. Stopwatch - 7-Seg display and button input.elf
Finished building: default.size.stdout
 
Finished building: 2. Stopwatch - 7-Seg display and button input.list
 
19:34:36 **** Incremental Build of configuration Debug for project 2. Stopwatch - 7-Seg display and button input ****
make -j8 all 
arm-none-eabi-gcc "../Core/Src/main.c" -mcpu=cortex-m4 -std=gnu11 -g3 -DDEBUG -DUSE_HAL_DRIVER -DSTM32F407xx -c -I../Core/Inc -I../Drivers/STM32F4xx_HAL_Driver/Inc -I../Drivers/STM32F4xx_HAL_Driver/Inc/Legacy -I../Drivers/CMSIS/Device/ST/STM32F4xx/Include -I../Drivers/CMSIS/Include -O0 -ffunction-sections -fdata-sections -Wall -fstack-usage -MMD -MP -MF"Core/Src/main.d" -MT"Core/Src/main.o" --specs=nano.specs -mfpu=fpv4-sp-d16 -mfloat-abi=hard -mthumb -o "Core/Src/main.o"
arm-none-eabi-gcc -o "2. Stopwatch - 7-Seg display and button input.elf" @"objects.list"   -mcpu=cortex-m4 -T"C:\Users\yeosu\STM32CubeIDE\workspace_1.10.1\M-HIVE_digital_clock_project\2. Stopwatch - 7-Seg display and button input\STM32F407VETX_FLASH.ld" --specs=nosys.specs -Wl,-Map="2. Stopwatch - 7-Seg display and button input.map" -Wl,--gc-sections -static --specs=nano.specs -mfpu=fpv4-sp-d16 -mfloat-abi=hard -mthumb -Wl,--start-group -lc -lm -Wl,--end-group
Finished building target: 2. Stopwatch - 7-Seg display and button input.elf
 
arm-none-eabi-size   2.\ Stopwatch\ -\ 7-Seg\ display\ and\ button\ input.elf 
arm-none-eabi-objdump -h -S  2.\ Stopwatch\ -\ 7-Seg\ display\ and\ button\ input.elf  > "2. Stopwatch - 7-Seg display and button input.list"
   text	   data	    bss	    dec	    hex	filename
  11196	     20	   1660	  12876	   324c	2. Stopwatch - 7-Seg display and button input.elf
Finished building: default.size.stdout
 
Finished building: 2. Stopwatch - 7-Seg display and button input.list
 
20:40:04 **** Incremental Build of configuration Debug for project 2. Stopwatch - 7-Seg display and button input ****
make -j8 all 
arm-none-eabi-gcc "../Core/Src/main.c" -mcpu=cortex-m4 -std=gnu11 -g3 -DDEBUG -DUSE_HAL_DRIVER -DSTM32F407xx -c -I../Core/Inc -I../Drivers/STM32F4xx_HAL_Driver/Inc -I../Drivers/STM32F4xx_HAL_Driver/Inc/Legacy -I../Drivers/CMSIS/Device/ST/STM32F4xx/Include -I../Drivers/CMSIS/Include -O0 -ffunction-sections -fdata-sections -Wall -fstack-usage -MMD -MP -MF"Core/Src/main.d" -MT"Core/Src/main.o" --specs=nano.specs -mfpu=fpv4-sp-d16 -mfloat-abi=hard -mthumb -o "Core/Src/main.o"
../Core/Src/main.c:48:1: error: unknown type name 'itn'; did you mean 'int'?
   48 | itn show_7seg_point = FALSE;
      | ^~~
      | int
../Core/Src/main.c: In function 'main':
../Core/Src/main.c:125:4: warning: enumeration value 'Other' not handled in switch [-Wswitch]
  125 |    switch(mode)
      |    ^~~~~~
../Core/Src/main.c: In function 'HAL_GPIO_EXTI_Callback':
../Core/Src/main.c:230:3: warning: enumeration value 'Other' not handled in switch [-Wswitch]
  230 |   switch(mode)
      |   ^~~~~~
../Core/Src/main.c:242:3: warning: enumeration value 'Other' not handled in switch [-Wswitch]
  242 |   switch(mode)
      |   ^~~~~~
make: *** [Core/Src/subdir.mk:43: Core/Src/main.o] Error 1
"make -j8 all" terminated with exit code 2. Build might be incomplete.
20:40:13 **** Incremental Build of configuration Debug for project 2. Stopwatch - 7-Seg display and button input ****
make -j8 all 
arm-none-eabi-gcc "../Core/Src/main.c" -mcpu=cortex-m4 -std=gnu11 -g3 -DDEBUG -DUSE_HAL_DRIVER -DSTM32F407xx -c -I../Core/Inc -I../Drivers/STM32F4xx_HAL_Driver/Inc -I../Drivers/STM32F4xx_HAL_Driver/Inc/Legacy -I../Drivers/CMSIS/Device/ST/STM32F4xx/Include -I../Drivers/CMSIS/Include -O0 -ffunction-sections -fdata-sections -Wall -fstack-usage -MMD -MP -MF"Core/Src/main.d" -MT"Core/Src/main.o" --specs=nano.specs -mfpu=fpv4-sp-d16 -mfloat-abi=hard -mthumb -o "Core/Src/main.o"
../Core/Src/main.c: In function 'main':
../Core/Src/main.c:125:4: warning: enumeration value 'Other' not handled in switch [-Wswitch]
  125 |    switch(mode)
      |    ^~~~~~
../Core/Src/main.c: In function 'HAL_GPIO_EXTI_Callback':
../Core/Src/main.c:230:3: warning: enumeration value 'Other' not handled in switch [-Wswitch]
  230 |   switch(mode)
      |   ^~~~~~
../Core/Src/main.c:242:3: warning: enumeration value 'Other' not handled in switch [-Wswitch]
  242 |   switch(mode)
      |   ^~~~~~
arm-none-eabi-gcc -o "2. Stopwatch - 7-Seg display and button input.elf" @"objects.list"   -mcpu=cortex-m4 -T"C:\Users\yeosu\STM32CubeIDE\workspace_1.10.1\M-HIVE_digital_clock_project\2. Stopwatch - 7-Seg display and button input\STM32F407VETX_FLASH.ld" --specs=nosys.specs -Wl,-Map="2. Stopwatch - 7-Seg display and button input.map" -Wl,--gc-sections -static --specs=nano.specs -mfpu=fpv4-sp-d16 -mfloat-abi=hard -mthumb -Wl,--start-group -lc -lm -Wl,--end-group
Finished building target: 2. Stopwatch - 7-Seg display and button input.elf
 
arm-none-eabi-size   2.\ Stopwatch\ -\ 7-Seg\ display\ and\ button\ input.elf 
arm-none-eabi-objdump -h -S  2.\ Stopwatch\ -\ 7-Seg\ display\ and\ button\ input.elf  > "2. Stopwatch - 7-Seg display and button input.list"
   text	   data	    bss	    dec	    hex	filename
  11348	     20	   1668	  13036	   32ec	2. Stopwatch - 7-Seg display and button input.elf
Finished building: default.size.stdout
 
Finished building: 2. Stopwatch - 7-Seg display and button input.list
 
20:54:18 **** Incremental Build of configuration Debug for project 2. Stopwatch - 7-Seg display and button input ****
make -j8 all 
arm-none-eabi-gcc "../Core/Src/main.c" -mcpu=cortex-m4 -std=gnu11 -g3 -DDEBUG -DUSE_HAL_DRIVER -DSTM32F407xx -c -I../Core/Inc -I../Drivers/STM32F4xx_HAL_Driver/Inc -I../Drivers/STM32F4xx_HAL_Driver/Inc/Legacy -I../Drivers/CMSIS/Device/ST/STM32F4xx/Include -I../Drivers/CMSIS/Include -O0 -ffunction-sections -fdata-sections -Wall -fstack-usage -MMD -MP -MF"Core/Src/main.d" -MT"Core/Src/main.o" --specs=nano.specs -mfpu=fpv4-sp-d16 -mfloat-abi=hard -mthumb -o "Core/Src/main.o"
../Core/Src/main.c: In function 'main':
../Core/Src/main.c:127:4: warning: enumeration value 'Other' not handled in switch [-Wswitch]
  127 |    switch(mode)
      |    ^~~~~~
../Core/Src/main.c: In function 'HAL_TIM_PeriodElapsedCallback':
../Core/Src/main.c:205:4: warning: implicit declaration of function 'convert_stopwatch_time_format' [-Wimplicit-function-declaration]
  205 |    convert_stopwatch_time_format();
      |    ^~~~~~~~~~~~~~~~~~~~~~~~~~~~~
../Core/Src/main.c: At top level:
../Core/Src/main.c:219:6: warning: conflicting types for 'convert_stopwatch_time_format'
  219 | void convert_stopwatch_time_format()
      |      ^~~~~~~~~~~~~~~~~~~~~~~~~~~~~
../Core/Src/main.c:205:4: note: previous implicit declaration of 'convert_stopwatch_time_format' was here
  205 |    convert_stopwatch_time_format();
      |    ^~~~~~~~~~~~~~~~~~~~~~~~~~~~~
../Core/Src/main.c: In function 'HAL_GPIO_EXTI_Callback':
../Core/Src/main.c:249:3: warning: enumeration value 'Other' not handled in switch [-Wswitch]
  249 |   switch(mode)
      |   ^~~~~~
../Core/Src/main.c:261:3: warning: enumeration value 'Other' not handled in switch [-Wswitch]
  261 |   switch(mode)
      |   ^~~~~~
arm-none-eabi-gcc -o "2. Stopwatch - 7-Seg display and button input.elf" @"objects.list"   -mcpu=cortex-m4 -T"C:\Users\yeosu\STM32CubeIDE\workspace_1.10.1\M-HIVE_digital_clock_project\2. Stopwatch - 7-Seg display and button input\STM32F407VETX_FLASH.ld" --specs=nosys.specs -Wl,-Map="2. Stopwatch - 7-Seg display and button input.map" -Wl,--gc-sections -static --specs=nano.specs -mfpu=fpv4-sp-d16 -mfloat-abi=hard -mthumb -Wl,--start-group -lc -lm -Wl,--end-group
Finished building target: 2. Stopwatch - 7-Seg display and button input.elf
 
arm-none-eabi-size   2.\ Stopwatch\ -\ 7-Seg\ display\ and\ button\ input.elf 
arm-none-eabi-objdump -h -S  2.\ Stopwatch\ -\ 7-Seg\ display\ and\ button\ input.elf  > "2. Stopwatch - 7-Seg display and button input.list"
   text	   data	    bss	    dec	    hex	filename
  11428	     20	   1676	  13124	   3344	2. Stopwatch - 7-Seg display and button input.elf
Finished building: default.size.stdout
 
Finished building: 2. Stopwatch - 7-Seg display and button input.list
 
20:55:15 **** Incremental Build of configuration Debug for project 2. Stopwatch - 7-Seg display and button input ****
make -j8 all 
arm-none-eabi-gcc "../Core/Src/main.c" -mcpu=cortex-m4 -std=gnu11 -g3 -DDEBUG -DUSE_HAL_DRIVER -DSTM32F407xx -c -I../Core/Inc -I../Drivers/STM32F4xx_HAL_Driver/Inc -I../Drivers/STM32F4xx_HAL_Driver/Inc/Legacy -I../Drivers/CMSIS/Device/ST/STM32F4xx/Include -I../Drivers/CMSIS/Include -O0 -ffunction-sections -fdata-sections -Wall -fstack-usage -MMD -MP -MF"Core/Src/main.d" -MT"Core/Src/main.o" --specs=nano.specs -mfpu=fpv4-sp-d16 -mfloat-abi=hard -mthumb -o "Core/Src/main.o"
../Core/Src/main.c: In function 'main':
../Core/Src/main.c:127:4: warning: enumeration value 'Other' not handled in switch [-Wswitch]
  127 |    switch(mode)
      |    ^~~~~~
../Core/Src/main.c: In function 'HAL_TIM_PeriodElapsedCallback':
../Core/Src/main.c:205:4: warning: implicit declaration of function 'convert_stopwatch_time_format' [-Wimplicit-function-declaration]
  205 |    convert_stopwatch_time_format();
      |    ^~~~~~~~~~~~~~~~~~~~~~~~~~~~~
../Core/Src/main.c: At top level:
../Core/Src/main.c:219:6: warning: conflicting types for 'convert_stopwatch_time_format'
  219 | void convert_stopwatch_time_format()
      |      ^~~~~~~~~~~~~~~~~~~~~~~~~~~~~
../Core/Src/main.c:205:4: note: previous implicit declaration of 'convert_stopwatch_time_format' was here
  205 |    convert_stopwatch_time_format();
      |    ^~~~~~~~~~~~~~~~~~~~~~~~~~~~~
../Core/Src/main.c: In function 'HAL_GPIO_EXTI_Callback':
../Core/Src/main.c:249:3: warning: enumeration value 'Other' not handled in switch [-Wswitch]
  249 |   switch(mode)
      |   ^~~~~~
../Core/Src/main.c:261:3: warning: enumeration value 'Other' not handled in switch [-Wswitch]
  261 |   switch(mode)
      |   ^~~~~~
arm-none-eabi-gcc -o "2. Stopwatch - 7-Seg display and button input.elf" @"objects.list"   -mcpu=cortex-m4 -T"C:\Users\yeosu\STM32CubeIDE\workspace_1.10.1\M-HIVE_digital_clock_project\2. Stopwatch - 7-Seg display and button input\STM32F407VETX_FLASH.ld" --specs=nosys.specs -Wl,-Map="2. Stopwatch - 7-Seg display and button input.map" -Wl,--gc-sections -static --specs=nano.specs -mfpu=fpv4-sp-d16 -mfloat-abi=hard -mthumb -Wl,--start-group -lc -lm -Wl,--end-group
Finished building target: 2. Stopwatch - 7-Seg display and button input.elf
 
arm-none-eabi-size   2.\ Stopwatch\ -\ 7-Seg\ display\ and\ button\ input.elf 
arm-none-eabi-objdump -h -S  2.\ Stopwatch\ -\ 7-Seg\ display\ and\ button\ input.elf  > "2. Stopwatch - 7-Seg display and button input.list"
   text	   data	    bss	    dec	    hex	filename
  11436	     20	   1676	  13132	   334c	2. Stopwatch - 7-Seg display and button input.elf
Finished building: default.size.stdout
 
Finished building: 2. Stopwatch - 7-Seg display and button input.list
 
21:05:20 **** Incremental Build of configuration Debug for project 2. Stopwatch - 7-Seg display and button input ****
make -j8 all 
arm-none-eabi-gcc "../Core/Src/main.c" -mcpu=cortex-m4 -std=gnu11 -g3 -DDEBUG -DUSE_HAL_DRIVER -DSTM32F407xx -c -I../Core/Inc -I../Drivers/STM32F4xx_HAL_Driver/Inc -I../Drivers/STM32F4xx_HAL_Driver/Inc/Legacy -I../Drivers/CMSIS/Device/ST/STM32F4xx/Include -I../Drivers/CMSIS/Include -O0 -ffunction-sections -fdata-sections -Wall -fstack-usage -MMD -MP -MF"Core/Src/main.d" -MT"Core/Src/main.o" --specs=nano.specs -mfpu=fpv4-sp-d16 -mfloat-abi=hard -mthumb -o "Core/Src/main.o"
../Core/Src/main.c: In function 'main':
../Core/Src/main.c:127:4: warning: enumeration value 'Other' not handled in switch [-Wswitch]
  127 |    switch(mode) // ?””ì§??„¸ ?•Œ?žŒ?‹œê³„ì˜ ëª¨ë“œë¥? Swtich-Caseë¡? êµ¬ë¶„?•˜???‹¤.
      |    ^~~~~~
../Core/Src/main.c: In function 'HAL_TIM_PeriodElapsedCallback':
../Core/Src/main.c:212:4: warning: implicit declaration of function 'convert_stopwatch_time_format' [-Wimplicit-function-declaration]
  212 |    convert_stopwatch_time_format(); // Stopwatch?˜ 1msë¥? 1s, 1m, 1hë¡? ë³??™˜?•˜?Š” ?•¨?ˆ˜
      |    ^~~~~~~~~~~~~~~~~~~~~~~~~~~~~
../Core/Src/main.c: At top level:
../Core/Src/main.c:227:6: warning: conflicting types for 'convert_stopwatch_time_format'
  227 | void convert_stopwatch_time_format()
      |      ^~~~~~~~~~~~~~~~~~~~~~~~~~~~~
../Core/Src/main.c:212:4: note: previous implicit declaration of 'convert_stopwatch_time_format' was here
  212 |    convert_stopwatch_time_format(); // Stopwatch?˜ 1msë¥? 1s, 1m, 1hë¡? ë³??™˜?•˜?Š” ?•¨?ˆ˜
      |    ^~~~~~~~~~~~~~~~~~~~~~~~~~~~~
../Core/Src/main.c: In function 'HAL_GPIO_EXTI_Callback':
../Core/Src/main.c:259:3: warning: enumeration value 'Other' not handled in switch [-Wswitch]
  259 |   switch(mode)
      |   ^~~~~~
../Core/Src/main.c:272:3: warning: enumeration value 'Other' not handled in switch [-Wswitch]
  272 |   switch(mode)
      |   ^~~~~~
arm-none-eabi-gcc -o "2. Stopwatch - 7-Seg display and button input.elf" @"objects.list"   -mcpu=cortex-m4 -T"C:\Users\yeosu\STM32CubeIDE\workspace_1.10.1\M-HIVE_digital_clock_project\2. Stopwatch - 7-Seg display and button input\STM32F407VETX_FLASH.ld" --specs=nosys.specs -Wl,-Map="2. Stopwatch - 7-Seg display and button input.map" -Wl,--gc-sections -static --specs=nano.specs -mfpu=fpv4-sp-d16 -mfloat-abi=hard -mthumb -Wl,--start-group -lc -lm -Wl,--end-group
Finished building target: 2. Stopwatch - 7-Seg display and button input.elf
 
arm-none-eabi-size   2.\ Stopwatch\ -\ 7-Seg\ display\ and\ button\ input.elf 
arm-none-eabi-objdump -h -S  2.\ Stopwatch\ -\ 7-Seg\ display\ and\ button\ input.elf  > "2. Stopwatch - 7-Seg display and button input.list"
   text	   data	    bss	    dec	    hex	filename
  11436	     20	   1676	  13132	   334c	2. Stopwatch - 7-Seg display and button input.elf
Finished building: default.size.stdout
 
Finished building: 2. Stopwatch - 7-Seg display and button input.list
 
